06-04 05:56:36.728   744   773 I libPowerHal: [perfLockRel] hdl:2656, idx:15
06-04 05:56:36.827   744   773 I mtkpower@impl: [powerd_req] TIMER_MSG_PERF_LOCK_TIMEOUT hdl:2657
06-04 05:56:36.828   744   773 I libPowerHal: [perfLockRel] hdl:2657, idx:24
06-04 05:56:36.829   744   773 I mtkpower@impl: [powerd_req] TIMER_MSG_PERF_LOCK_TIMEOUT hdl:2658
06-04 05:56:36.829   744   773 I libPowerHal: [perfLockRel] hdl:2658, idx:25
06-04 05:56:36.929   744   773 I mtkpower@impl: [powerd_req] TIMER_MSG_PERF_LOCK_TIMEOUT hdl:2659
06-04 05:56:36.929   744   773 I libPowerHal: [perfLockRel] hdl:2659, idx:26
06-04 05:56:36.930   744   773 I mtkpower@impl: [powerd_req] TIMER_MSG_PERF_LOCK_TIMEOUT hdl:2660
06-04 05:56:36.931   744   773 I libPowerHal: [perfLockRel] hdl:2660, idx:27
06-04 05:56:37.030   744   773 I mtkpower@impl: [powerd_req] TIMER_MSG_PERF_LOCK_TIMEOUT hdl:2661
06-04 05:56:37.030   744   773 I libPowerHal: [perfLockRel] hdl:2661, idx:28
06-04 05:56:37.034   744   773 I mtkpower@impl: [powerd_req] TIMER_MSG_PERF_LOCK_TIMEOUT hdl:2662
06-04 05:56:37.034   744   773 I libPowerHal: [perfLockRel] hdl:2662, idx:29
06-04 05:56:37.133   744   773 I mtkpower@impl: [powerd_req] TIMER_MSG_PERF_LOCK_TIMEOUT hdl:2663
06-04 05:56:37.133   744   773 I libPowerHal: [perfLockRel] hdl:2663, idx:30
06-04 05:56:37.134   744   773 I mtkpower@impl: [powerd_req] TIMER_MSG_PERF_LOCK_TIMEOUT hdl:2664
06-04 05:56:37.134   744   773 I libPowerHal: [perfLockRel] hdl:2664, idx:31
06-04 05:56:37.235   744   773 I mtkpower@impl: [powerd_req] TIMER_MSG_PERF_LOCK_TIMEOUT hdl:2665
06-04 05:56:37.235   744   773 I libPowerHal: [perfLockRel] hdl:2665, idx:32
06-04 05:56:37.237   744   773 I mtkpower@impl: [powerd_req] TIMER_MSG_PERF_LOCK_TIMEOUT hdl:2666
06-04 05:56:37.237   744   773 I libPowerHal: [perfLockRel] hdl:2666, idx:33
06-04 05:56:37.242 14997 15021 I ReactNativeJS: '[API] Response OK:', '/api/content/discover-organized'
06-04 05:56:37.334   744   773 I mtkpower@impl: [powerd_req] TIMER_MSG_PERF_LOCK_TIMEOUT hdl:2667
06-04 05:56:37.334   744   773 I libPowerHal: [perfLockRel] hdl:2667, idx:0
06-04 05:56:37.335   744   773 I mtkpower@impl: [powerd_req] TIMER_MSG_PERF_LOCK_TIMEOUT hdl:2668
06-04 05:56:37.335   744   773 I libPowerHal: [perfLockRel] hdl:2668, idx:1
06-04 05:56:37.433   744   773 I mtkpower@impl: [powerd_req] TIMER_MSG_PERF_LOCK_TIMEOUT hdl:2669
06-04 05:56:37.433   744   773 I libPowerHal: [perfLockRel] hdl:2669, idx:34
06-04 05:56:37.434   744   773 I mtkpower@impl: [powerd_req] TIMER_MSG_PERF_LOCK_TIMEOUT hdl:2670
06-04 05:56:37.434   744   773 I libPowerHal: [perfLockRel] hdl:2670, idx:35
06-04 05:56:37.534   744   773 I mtkpower@impl: [powerd_req] TIMER_MSG_PERF_LOCK_TIMEOUT hdl:2671
06-04 05:56:37.534   744   773 I libPowerHal: [perfLockRel] hdl:2671, idx:36
06-04 05:56:37.536   744   773 I mtkpower@impl: [powerd_req] TIMER_MSG_PERF_LOCK_TIMEOUT hdl:2672
06-04 05:56:37.536   744   773 I libPowerHal: [perfLockRel] hdl:2672, idx:37
06-04 05:56:37.635   744   773 I mtkpower@impl: [powerd_req] TIMER_MSG_PERF_LOCK_TIMEOUT hdl:2673
06-04 05:56:37.635   744   773 I libPowerHal: [perfLockRel] hdl:2673, idx:38
06-04 05:56:37.636   744   773 I mtkpower@impl: [powerd_req] TIMER_MSG_PERF_LOCK_TIMEOUT hdl:2674
06-04 05:56:37.636   744   773 I libPowerHal: [perfLockRel] hdl:2674, idx:39
06-04 05:56:37.685   508  4436 D StreamOutMSDHAL: StreamOut::write() this:0xdef01dc0,buffer:0xe7c82070, bytes:4096 mStandby:0 mIsValid:1 mFlags:0x8 mWriteCount:101
06-04 05:56:37.736   744   773 I mtkpower@impl: [powerd_req] TIMER_MSG_PERF_LOCK_TIMEOUT hdl:2675
06-04 05:56:37.737   744   773 I libPowerHal: [perfLockRel] hdl:2675, idx:2
06-04 05:56:37.737   744   773 I mtkpower@impl: [powerd_req] TIMER_MSG_PERF_LOCK_TIMEOUT hdl:2676
06-04 05:56:37.738   744   773 I libPowerHal: [perfLockRel] hdl:2676, idx:3
06-04 05:56:37.837   744   773 I mtkpower@impl: [powerd_req] TIMER_MSG_PERF_LOCK_TIMEOUT hdl:2677
06-04 05:56:37.838   744   773 I libPowerHal: [perfLockRel] hdl:2677, idx:4
06-04 05:56:37.840   744   773 I mtkpower@impl: [powerd_req] TIMER_MSG_PERF_LOCK_TIMEOUT hdl:2678
06-04 05:56:37.840   744   773 I libPowerHal: [perfLockRel] hdl:2678, idx:5
06-04 05:56:37.940   744   773 I mtkpower@impl: [powerd_req] TIMER_MSG_PERF_LOCK_TIMEOUT hdl:2679
06-04 05:56:37.940   744   773 I libPowerHal: [perfLockRel] hdl:2679, idx:6
06-04 05:56:37.941   744   773 I mtkpower@impl: [powerd_req] TIMER_MSG_PERF_LOCK_TIMEOUT hdl:2680
06-04 05:56:37.941   744   773 I libPowerHal: [perfLockRel] hdl:2680, idx:7
06-04 05:56:38.041   744   773 I mtkpower@impl: [powerd_req] TIMER_MSG_PERF_LOCK_TIMEOUT hdl:2681
06-04 05:56:38.041   744   773 I libPowerHal: [perfLockRel] hdl:2681, idx:8
06-04 05:56:38.042   744   773 I mtkpower@impl: [powerd_req] TIMER_MSG_PERF_LOCK_TIMEOUT hdl:2682
06-04 05:56:38.042   744   773 I libPowerHal: [perfLockRel] hdl:2682, idx:9
06-04 05:56:38.043   744   773 I libPowerHal: [setClusterFreq]  set cpu_ctrl cpufreq: -1 -1 
06-04 05:56:38.043   744   773 I libPowerHal: [PD] INTERACTION update cmd:1408300 param:0
06-04 05:56:38.298 14997 15021 I ReactNativeJS: '[API] Response OK:', '/api/content/meta/series/tt6226232'
06-04 05:56:38.306 14997 15021 I ReactNativeJS: '[API] Response OK:', '/api/addon-proxy/torrentio/movie/tt30825738'
06-04 05:56:38.534 14997 15098 D Glide   : Finished loading BitmapDrawable from REMOTE for https://images.metahub.space/background/medium/tt6226232/img with size [-2147483648x-2147483648] in 234.31230699999998 ms
06-04 05:56:38.646   508   589 I StreamOutMSDHAL: standby(), halRequest:0 this:0xdef01dc0 
06-04 05:56:40.166   694  2306 W ProcessStats: Tracking association SourceState{3f170e9 com.google.android.tv.remote.service/10055 Fgs #11313} whose proc state 3 is better than process ProcessState{b6a416e com.google.android.gms.persistent/10071 pkg=com.google.android.gms} proc state 4 (431 skipped)
06-04 05:56:40.287 14997 15021 I ReactNativeJS: '[API] Response OK:', '/api/addon-proxy/tpb/movie/tt30825738'
06-04 05:56:40.313 14997 15021 I ReactNativeJS: '[API] Response OK:', '/api/streams/movie/tt12042730'
06-04 05:56:40.322 14997 15021 I ReactNativeJS: [STREAMS] v121k: Backend upgrade-merge - upgraded 5, added 4, total 116
06-04 05:56:40.323 14997 15021 I ReactNativeJS: [STREAMS] All sources done: 116 total streams in 8828ms
06-04 05:56:40.584 12551 12613 W cast_shell: [0604/055640.584618:WARNING:time_sync_responder.cc(61)] Invalid time sync packet
06-04 05:56:40.886 14997 15021 I ReactNativeJS: '[API] Response OK:', '/api/streams/movie/tt30825738'
06-04 05:56:40.886 14997 15021 I ReactNativeJS: [STREAMS] v121k: Backend upgrade-merge - upgraded 0, added 6, total 8
06-04 05:56:40.887 14997 15021 I ReactNativeJS: [STREAMS] All sources done: 8 total streams in 8433ms
06-04 05:56:43.876   744   773 I libPowerHal: [perfLockAcq] idx:0 hdl:2683 hint:50 pid:744 tid:744 duration:2000 lock_user:vendor.mediatek => ret_hdl:2683
06-04 05:56:43.877   744   773 I libPowerHal: [setClusterFreq] INTERACTION set cpufreq[0] min:2000000 max:-1 
06-04 05:56:43.877   744   773 I libPowerHal: [setClusterFreq]  set cpu_ctrl cpufreq: 2000000 -1 
06-04 05:56:43.877   744   773 I libPowerHal: [PE] INTERACTION update cmd:1408300, param:100
06-04 05:56:43.878   744   773 I libPowerHal: [perfLockAcq] idx:1 hdl:2684 hint:50 pid:744 tid:744 duration:2000 lock_user:vendor.mediatek => ret_hdl:2684
06-04 05:56:43.878   744   773 I libPowerHal: [setClusterFreq] INTERACTION set cpufreq[0] min:2000000 max:-1 
06-04 05:56:44.015   744   773 I libPowerHal: [perfLockAcq] idx:2 hdl:2685 hint:50 pid:744 tid:744 duration:2000 lock_user:vendor.mediatek => ret_hdl:2685
06-04 05:56:44.015   744   773 I libPowerHal: [setClusterFreq] INTERACTION set cpufreq[0] min:2000000 max:-1 
06-04 05:56:44.016   744   773 I libPowerHal: [perfLockAcq] idx:3 hdl:2686 hint:50 pid:744 tid:744 duration:2000 lock_user:vendor.mediatek => ret_hdl:2686
06-04 05:56:44.016   744   773 I libPowerHal: [setClusterFreq] INTERACTION set cpufreq[0] min:2000000 max:-1 
06-04 05:56:44.019   532  1572 D audioserver: FGS Logger Transaction failed
06-04 05:56:44.019   532  1572 D audioserver: -129
06-04 05:56:44.020   508  4436 D StreamOutMSDHAL: StreamOut::write() this:0xdef01dc0,buffer:0xe7c82070, bytes:4096 mStandby:1 mIsValid:1 mFlags:0x8 mWriteCount:1
06-04 05:56:44.020   508  4436 D StreamOutMSDHAL: StreamOut::write() mFramer:0xe8a90eb0, mWorkerThread:0xe8a00a90 this:0xdef01dc0
06-04 05:56:44.020   508  4436 D StreamOutMSDHAL: StreamOut::write() inter_conf.last_ns:41633411378017
06-04 05:56:44.021   532  4428 D AudioFlinger: mixer(0xf0df6dd0) throttle end: throttle time(33)
06-04 05:56:44.203 14997 14997 D AutofillManager: view not autofillable - not passing ime action check
06-04 05:56:44.204 14997 14997 D AutofillManager: view not autofillable - not passing ime action check
06-04 05:56:44.204 14997 14997 D AutofillManager: view not autofillable - not passing ime action check
06-04 05:56:44.205 14997 14997 D AutofillManager: view not autofillable - not passing ime action check
06-04 05:56:44.210 14997 14997 D AutofillManager: view not autofillable - not passing ime action check
06-04 05:56:44.236  1584  1584 I GoogleInputMethodService: GoogleInputMethodService.onFinishInput():2084 
06-04 05:56:44.237  1584  1584 I Module  : DeviceLockedStatusModuleProvider$Module.updateDeviceLockedStatus():101 repeatCheckTimes = 0, locked = false
06-04 05:56:44.237  1584  1584 I GoogleInputMethodService: GoogleInputMethodService.onStartInput():1345 onStartInput(EditorInfo{EditorInfo{packageName=com.privastream.cinema, inputType=80001, inputTypeString=Normal[NoSuggestion], enableLearning=true, autoCorrection=true, autoComplete=true, imeOptions=3, privateImeOptions=null, actionName=SEARCH, actionLabel=null, initialSelStart=0, initialSelEnd=0, initialCapsMode=0, label=null, fieldId=5404, fieldName=null, extras=Bundle[mParcelledData.dataSize=240], hintText=non-empty, hintLocales=[]}}, false)
06-04 05:56:44.238   694  2306 W PackageConfigPersister: App-specific configuration not found for packageName: com.privastream.cinema and userId: 0
06-04 05:56:44.239  1584  1584 I Module  : DeviceLockedStatusModuleProvider$Module.updateDeviceLockedStatus():101 repeatCheckTimes = 1, locked = false
06-04 05:56:44.330   532  4428 D audioserver: FGS Logger Transaction failed
06-04 05:56:44.330   532  4428 D audioserver: -129
06-04 05:56:44.544 11602 11753 W native  : W0000 00:00:1780567004.544638   11753 publisher.cc:36] [FTL] No subscribers for event "hvc.api.events.MetricEvent" from publisher "UmaMetricsForwarder"
06-04 05:56:45.033   508  4436 D StreamOutMSDHAL: StreamOut::write() this:0xdef01dc0,buffer:0xe7c82070, bytes:4096 mStandby:0 mIsValid:1 mFlags:0x8 mWriteCount:51
06-04 05:56:45.879   744   773 I mtkpower@impl: [powerd_req] TIMER_MSG_PERF_LOCK_TIMEOUT hdl:2683
06-04 05:56:45.879   744   773 I libPowerHal: [perfLockRel] hdl:2683, idx:0
06-04 05:56:45.880   744   773 I mtkpower@impl: [powerd_req] TIMER_MSG_PERF_LOCK_TIMEOUT hdl:2684
06-04 05:56:45.880   744   773 I libPowerHal: [perfLockRel] hdl:2684, idx:1
06-04 05:56:46.013   744   773 I libPowerHal: [perfLockAcq] idx:0 hdl:2687 hint:50 pid:744 tid:744 duration:2000 lock_user:vendor.mediatek => ret_hdl:2687
06-04 05:56:46.013   744   773 I libPowerHal: [setClusterFreq] INTERACTION set cpufreq[0] min:2000000 max:-1 
06-04 05:56:46.014   744   773 I libPowerHal: [perfLockAcq] idx:1 hdl:2688 hint:50 pid:744 tid:744 duration:2000 lock_user:vendor.mediatek => ret_hdl:2688
06-04 05:56:46.014   744   773 I libPowerHal: [setClusterFreq] INTERACTION set cpufreq[0] min:2000000 max:-1 
06-04 05:56:46.016   744   773 I mtkpower@impl: [powerd_req] TIMER_MSG_PERF_LOCK_TIMEOUT hdl:2685
06-04 05:56:46.016   744   773 I libPowerHal: [perfLockRel] hdl:2685, idx:2
06-04 05:56:46.017   744   773 I mtkpower@impl: [powerd_req] TIMER_MSG_PERF_LOCK_TIMEOUT hdl:2686
06-04 05:56:46.017   744   773 I libPowerHal: [perfLockRel] hdl:2686, idx:3
06-04 05:56:46.089   508  4436 D StreamOutMSDHAL: StreamOut::write() this:0xdef01dc0,buffer:0xe7c82070, bytes:4096 mStandby:0 mIsValid:1 mFlags:0x8 mWriteCount:101
06-04 05:56:46.152   744   773 I libPowerHal: [perfLockAcq] idx:2 hdl:2689 hint:50 pid:744 tid:744 duration:2000 lock_user:vendor.mediatek => ret_hdl:2689
06-04 05:56:46.152   744   773 I libPowerHal: [setClusterFreq] INTERACTION set cpufreq[0] min:2000000 max:-1 
06-04 05:56:46.153   744   773 I libPowerHal: [perfLockAcq] idx:3 hdl:2690 hint:50 pid:744 tid:744 duration:2000 lock_user:vendor.mediatek => ret_hdl:2690
06-04 05:56:46.153   744   773 I libPowerHal: [setClusterFreq] INTERACTION set cpufreq[0] min:2000000 max:-1 
06-04 05:56:46.154 14997 14997 I ImeTracker: com.privastream.cinema:94ba3993: onRequestShow at ORIGIN_CLIENT_SHOW_SOFT_INPUT reason SHOW_SOFT_INPUT
06-04 05:56:46.155 14997 14997 D InputMethodManager: showSoftInput() view=com.facebook.react.views.textinput.ReactEditText{b9a4a0e VFED..CL. .F.P.... 116,155-1748,240 #151c aid=1073741855} flags=0 reason=SHOW_SOFT_INPUT
06-04 05:56:46.158 14997 14997 D AutofillManager: view not autofillable - not passing ime action check
06-04 05:56:46.159  1584  1584 I GoogleInputMethodService: GoogleInputMethodService.onStartInputView():1438 onStartInputView(EditorInfo{EditorInfo{packageName=com.privastream.cinema, inputType=80001, inputTypeString=Normal[NoSuggestion], enableLearning=true, autoCorrection=true, autoComplete=true, imeOptions=3, privateImeOptions=null, actionName=SEARCH, actionLabel=null, initialSelStart=0, initialSelEnd=0, initialCapsMode=0, label=null, fieldId=5404, fieldName=null, extras=Bundle[mParcelledData.dataSize=240], hintText=non-empty, hintLocales=[]}}, false)
06-04 05:56:46.161  1584  1846 I DeviceModeNotification: DeviceModeNotification.getCurrentDeviceMode():75 device mode is unknown before initializing the notification.
06-04 05:56:46.161  1584  1584 I NoticeManager: NoticeManager.post():160 Posting notice [import_user_contacts] to default priority queue
06-04 05:56:46.163  1584  1584 I AndroidIME: InputBundleManager.loadActiveInputBundleId():528 loadActiveInputBundleId: en-US, ime_english_united_states
06-04 05:56:46.163  1584  1584 I AndroidIME: AbstractIme.onActivate():96 LatinTVIme.onActivate() : EditorInfo = EditorInfo{packageName=com.privastream.cinema, inputType=80001, inputTypeString=Normal[NoSuggestion], enableLearning=true, autoCorrection=true, autoComplete=true, imeOptions=3, privateImeOptions=null, actionName=SEARCH, actionLabel=null, initialSelStart=0, initialSelEnd=0, initialCapsMode=0, label=null, fieldId=5404, fieldName=null, extras=Bundle[mParcelledData.dataSize=240], hintText=non-empty, hintLocales=[]}, IncognitoMode = false, DeviceLocked = false
06-04 05:56:46.164  1584  1584 I InputBundle: InputBundle.consumeEvent():1032 Skip consuming an event as keyboard status is INACTIVE
06-04 05:56:46.165  1584  1584 I Delight5Facilitator: Delight5Facilitator.initializeForIme():739 initializeForIme() : Locale = [en_US], layout = qwerty
06-04 05:56:46.166  1584  1584 I LatinIme: LatinIme.updateEnableInlineSuggestionsOnDecoderSideFlags():1247 inline flag updated to:false
06-04 05:56:46.168  1584  1584 I LatinIme: LatinIme.updateEnableInlineSuggestionsOnDecoderSideFlags():1247 inline flag updated to:false
06-04 05:56:46.172  1584  1584 I InputBundle: InputBundle.consumeEvent():1032 Skip consuming an event as keyboard status is INACTIVE
06-04 05:56:46.173  1584  1584 I LatinIme: LatinIme.resetInputContext():2251 resetInputContext(): reason=1, externalEditsInfo=ExternalEditsInfo{action=0, offset=-1, text=null, originalText=null, edits=null}
06-04 05:56:46.173  1584  1584 I InputBundle: InputBundle.consumeEvent():1032 Skip consuming an event as keyboard status is INACTIVE
06-04 05:56:46.174  1584  1584 I KeyboardWrapper: KeyboardWrapper.activateKeyboard():581 activateKeyboard(): type=prime, status=INACTIVE, imeDef=eip{stringId=ime_english_united_states, language=en-US, languageTag=en-US, processedConditions={}, className=com.google.android.apps.inputmethod.tv.LatinTVIme, label=0, keyEventInterpreter=null, inlineComposing=true, autoCapital=true, announceAutoSelectedCandidate=false, statusIcon=0, indicatorIcon=0, indicatorLabel=null, displayAppCompletions=true, extraValues=eii{}, processors=ekf@7bdbd5c, unacceptableMetaKeys=4098, languageSpecificSettings=0, asciiCapable=true, alwaysShowSuggestions=false, useAsciiPasswordKeyboard=false, keyboardGroupDef=ejo@ed1eff0, phenotypeFlagId=0, localizationLanguageTag=null, supportsInlineSuggestion=false}
06-04 05:56:46.174  1584  1584 I KeyboardManager: KeyboardManager.requestKeyboard():248 Creating keyboard prime, imeId=ime_english_united_states, cacheKey=theme
06-04 05:56:46.175  1584  1584 I KeyboardWrapper: KeyboardWrapper.onKeyboardReady():224 onKeyboardReady(): type=prime(prime), kb=com.google.android.apps.inputmethod.tv.keyboard.LatinTVKeyboard@82ddfee
06-04 05:56:46.175  1584  1584 I KeyboardWrapper: KeyboardWrapper.doActivateKeyboard():611 doActivateKeyboard(): prime
06-04 05:56:46.176  1584  1584 I KeyboardHeightUtil: KeyboardHeightUtil.calculateMaxKeyboardBodyHeight():50 leave 214 height for app when ime window height:1080, header height:0 and isFullscreenMode:false, so the max keyboard body height is:866
06-04 05:56:46.179  1584  1584 I GlobeKeyExtension: GlobeKeyExtension.getKeyboardInitialStates():175 
06-04 05:56:46.180  1584  1584 W Keyboard: Keyboard.getKeyboardViewHelper():602 null helper is returned: keyboardDef=eji{processedConditions={enable_number_row=false, language=en-US, enable_secondary_symbols=false}, globalConditions={global_theme_key=theme, global_locale=en_US, global_density_dpi=320, global_orientation=2}, className=.tv.keyboard.LatinTVKeyboard, resourceIds=[tv_keyboard_fragment_en_m2, keyboard_latin_qwerty_m2], initialStates=0, keyboardViewDefs=[ejw{direction=null, id=default_keyboard_view, isScalable=true, layoutId=keyboard_body_4x10_m2, type=BODY, touchable=true, defaultShow=true}], persistentStates=0, persistentStatesPrefKey=null, popupBubbleLayoutId=PopupBubbleLayout, recentKeyLayoutId=0, recentKeyPopupLayoutId=0, recentKeyType=null, rememberRecentKey=NONE, sessionStates=0}, type=FLOATING_CANDIDATES, helpersCreated={BODY=ecf@7b4fe4f}, context.getResources().getConfiguration(): {1.0 ?mcc0mnc [en_US] ldltr sw540dp w960dp h540dp 320dpi lrg long land television night -touch -keyb/v/h dpad/v winConfig={ mBounds=Rect(0, 0 - 1920, 1080) mAppBounds=Rect(0, 0 - 1920, 1080) mMaxBounds=Rect(0, 0 - 1920, 1080) mDisplayRotation=ROTATION_0 mWindowingMode=fullscreen mDisplayWindowingMode=fullscreen mActivityType=undefined mAlwaysOnTop=undefined mRotation=ROTATION_0} s.6 fontWeightAdjustment=0}
06-04 05:56:46.181  1584  1584 W Keyboard: Keyboard.getKeyboardViewHelper():602 null helper is returned: keyboardDef=eji{processedConditions={enable_number_row=false, language=en-US, enable_secondary_symbols=false}, globalConditions={global_theme_key=theme, global_locale=en_US, global_density_dpi=320, global_orientation=2}, className=.tv.keyboard.LatinTVKeyboard, resourceIds=[tv_keyboard_fragment_en_m2, keyboard_latin_qwerty_m2], initialStates=0, keyboardViewDefs=[ejw{direction=null, id=default_keyboard_view, isScalable=true, layoutId=keyboard_body_4x10_m2, type=BODY, touchable=true, defaultShow=true}], persistentStates=0, persistentStatesPrefKey=null, popupBubbleLayoutId=PopupBubbleLayout, recentKeyLayoutId=0, recentKeyPopupLayoutId=0, recentKeyType=null, rememberRecentKey=NONE, sessionStates=0}, type=WIDGET, helpersCreated={BODY=ecf@7b4fe4f}, context.getResources().getConfiguration(): {1.0 ?mcc0mnc [en_US] ldltr sw540dp w960dp h540dp 320dpi lrg long land television night -touch -keyb/v/h dpad/v winConfig={ mBounds=Rect(0, 0 - 1920, 1080) mAppBounds=Rect(0, 0 - 1920, 1080) mMaxBounds=Rect(0, 0 - 1920, 1080) mDisplayRotation=ROTATION_0 mWindowingMode=fullscreen mDisplayWindowingMode=fullscreen mActivityType=undefined mAlwaysOnTop=undefined mRotation=ROTATION_0} s.6 fontWeightAdjustment=0}
06-04 05:56:46.184  1584  1584 I AndroidIME: InputBundleManager.startInput():358 startInput() with ejs[keyboardType=prime, payload=null]
06-04 05:56:46.185  1584  1584 I AssistClient: AssistClient.onKeyboardOpened():177 voice onKeyboardOpened
06-04 05:56:46.187  1584  1584 I GlobeKeyExtension: GlobeKeyExtension.onActivate():120 
06-04 05:56:46.189  1584  1584 I Module  : DeviceLockedStatusModuleProvider$Module.updateDeviceLockedStatus():101 repeatCheckTimes = 1, locked = false
06-04 05:56:46.190  1584  1584 I VoiceImeExtension: VoiceImeExtension.shouldStartVoiceInputAutomaticallyInCurrentInputBox():378 No private IME option set to start voice input.
06-04 05:56:46.192   694  2306 D CoreBackPreview: Window{c72ad52 u0 com.privastream.cinema/com.privastream.cinema.MainActivity}: Setting back callback OnBackInvokedCallbackInfo{mCallback=android.window.IOnBackInvokedCallback$Stub$Proxy@5e1f357, mPriority=0, mIsAnimationCallback=false}
06-04 05:56:46.201  1584  1652 E OpenGLRenderer: Unable to match the desired swap behavior.
06-04 05:56:46.218  1584  1584 I GoogleInputMethodService: GoogleInputMethodService$1.onKeyboardViewShown():324 onKeyboardViewShown: keyboardType=prime, keyboardViewType=HEADER keyboardView=null
06-04 05:56:46.219  1584  1584 I KeyboardHeightUtil: KeyboardHeightUtil.calculateMaxKeyboardBodyHeight():50 leave 214 height for app when ime window height:1080, header height:0 and isFullscreenMode:false, so the max keyboard body height is:866
06-04 05:56:46.221  1584  1584 I GoogleInputMethodService: GoogleInputMethodService$1.onKeyboardViewShown():324 onKeyboardViewShown: keyboardType=prime, keyboardViewType=BODY keyboardView=com.google.android.libraries.inputmethod.widgets.SoftKeyboardView{f9160ab VFE...... .F.....D 540,0-1380,480}
06-04 05:56:46.222  1584  1584 I KeyboardHeightUtil: KeyboardHeightUtil.calculateMaxKeyboardBodyHeight():50 leave 214 height for app when ime window height:1080, header height:0 and isFullscreenMode:false, so the max keyboard body height is:866
06-04 05:56:46.222  1584  1584 I GlobeKeyExtension: GlobeKeyExtension$1.onKeyboardViewShown():72 maybeDisableLanguageSwitchKeyPref when the keyboard is shown
06-04 05:56:46.222  1584  1584 I GlobeKeyExtension: GlobeKeyExtension.maybeDisableLanguageSwitchKeyPref():200 maybeDisableLanguageSwitchKeyPref hasGlobeKeyBeenDisabled: false, shouldDisableLanguageSwitchKey: false
06-04 05:56:46.225  1584  1584 I DynamicLayoutHandler: DynamicLayoutHandler.loadDynamicKeys():83 This isn't a dynamic layout.
06-04 05:56:46.226  1584  1852 I Delight5Decoder: Delight5DecoderWrapper.setKeyboardLayout():536 setKeyboardLayout()
06-04 05:56:46.232 14997 14997 D InsetsController: show(ime(), fromIme=true)
06-04 05:56:46.286   744   753 I mtkpower@impl: [setMode] type:6, enabled:1
06-04 05:56:46.286   744   753 E mtkpower@impl: [setMode] unknown type
06-04 05:56:46.372   744   753 I mtkpower@impl: [setMode] type:6, enabled:0
06-04 05:56:46.372   744   753 E mtkpower@impl: [setMode] unknown type
06-04 05:56:46.468 14997 14997 I ImeTracker: com.privastream.cinema:94ba3993: onShown
06-04 05:56:47.070   508   589 I StreamOutMSDHAL: standby(), halRequest:0 this:0xdef01dc0 
06-04 05:56:47.704  1488 10740 I AtvRemote.BleRemoteDevice: HTT session initiated
06-04 05:56:47.733   744   773 I libPowerHal: [perfLockAcq] idx:4 hdl:2691 hint:50 pid:744 tid:744 duration:300 lock_user:vendor.mediatek => ret_hdl:2691
06-04 05:56:47.734   744   773 I libPowerHal: [setClusterFreq] INTERACTION set cpufreq[0] min:2000000 max:-1 
06-04 05:56:47.738 11602 11637 W katniss_interactor_AppFlowEventHandlerInteractor: interactionId is could not be successfully retrieved for event BUTTON_PRESSED_WITH_ATV_REMOTE_SERVICE_TIMESTAMP
06-04 05:56:47.738 11602 11635 I katniss_interactor_AppFlowEventHandlerInteractor: AppFlowEvent: PT11H33M57.089532325S, 1, ASSISTANT_TV_INTERACTION_FROM_NEAR_FIELD, interactionId=44bad29d-3438-4db0-8a93-d5139aeaffd4
06-04 05:56:47.738 11602 11637 I katniss_interactor_AppFlowEventHandlerInteractor: AppFlowEvent: PT11H33M57.089532325S, 2, BUTTON_PRESSED_WITH_ATV_REMOTE_SERVICE_TIMESTAMP, interactionId=null
06-04 05:56:47.739 14997 15010 I AssistStructure: Flattened final assist data: 1084 bytes, containing 1 windows, 17 views
06-04 05:56:47.743   744   773 I libPowerHal: [perfLockAcq] idx:5 hdl:2692 hint:50 pid:744 tid:744 duration:2000 lock_user:vendor.mediatek => ret_hdl:2692
06-04 05:56:47.743   744   773 I libPowerHal: [setClusterFreq] INTERACTION set cpufreq[0] min:2000000 max:-1 
06-04 05:56:47.744 11602 11602 I katniss_interactor_KatnissVoiceInteractionServicePeer: #onStartCommand
06-04 05:56:47.751 11602 11635 I katniss_interactor_AppFlowEventHandlerInteractor: AppFlowEvent: PT11H33M57.141449556S, 1, OPA_TV_VOICE_CLIENT_INTERACTION_START, interactionId=44bad29d-3438-4db0-8a93-d5139aeaffd4
06-04 05:56:47.751 11602 11602 I katniss_interactor_KatnissVoiceInteractionUtilsImpl: #launchVoiceInteraction intent action android.intent.action.ASSIST
06-04 05:56:47.751  1816  1816 W KatnissIntegrationServi: Unhandled message (type=3) due to null reference to Katniss service messenger
06-04 05:56:47.752 11602 11637 I katniss_interactor_AppFlowEventHandlerInteractor: AppFlowEvent: PT11H33M57.141922017S, 2, OPA_TV_INVOCATION_START, interactionId=44bad29d-3438-4db0-8a93-d5139aeaffd4
06-04 05:56:47.752 11602 11602 I katniss_interactor_FindForegroundAppUtils: Insufficient extras; can't get foreground app from Bundle[{search_type=1, SHOW_SESSION_ARGS=Bundle[{AUDIO_STREAM_KEY=AudioStream{directAudioStream=null, indirectAudioStream=wvi@317e9d9, channelCount=1, bitsPerSample=16, sampleRate=16000, interactionModel=2}}], android.intent.extra.TIME=41637089, android.service.voice.SHOW_SESSION_ID=2, android.intent.extra.KEY_EVENT=219, invocation_phone_state=9, invocation_time_ms=41637106}]
06-04 05:56:47.754 11602 11602 I katniss_interactor_FindForegroundAppUtils: Foreground app name from running tasks: com.privastream.cinema
06-04 05:56:47.757 11602 11637 I katniss_interactor_AppFlowEventHandlerInteractor: AppFlowEvent: PT11H33M57.147030787S, 2, KEYBOARD_AUDIO_START, interactionId=44bad29d-3438-4db0-8a93-d5139aeaffd4
06-04 05:56:47.757 11602 11635 I katniss_interactor_OnAssistantPresentMediaControllerImpl: Did not find corresponding MediaSession for app: com.privastream.cinema.
06-04 05:56:47.758  1584  1600 I TvVoiceExtension: TvVoiceExtension.setAssistantDictationAudioData():231 voice setAssistantDictationAudioData = true
06-04 05:56:47.758  1584  1584 I TvVoiceExtension: TvVoiceExtension.startListening():487 SpeechRecognizer.startListening()
06-04 05:56:47.763 11602 11635 I katniss_interactor_AppFlowEventHandlerInteractor: AppFlowEvent: PT11H33M57.153710864S, 2, ASSISTANT_TV_INVOCATION_FINISHED, interactionId=44bad29d-3438-4db0-8a93-d5139aeaffd4
06-04 05:56:47.767  3388  3388 I RecognitionServiceImpl: RecognitionService#onStartListening
06-04 05:56:47.772  3388  3388 I IntentParsingUtil: #getRequestedLanguageOrSystemDefault
06-04 05:56:47.773  3388  3388 I IntentParsingUtil: Using language specified in RecognizerIntent: en-US
06-04 05:56:47.775  3388  3388 I IntentParsingUtil: Audio source is passed in format of URI
06-04 05:56:47.776  3388  3388 I RecognitionServiceInten: #enableFirstPartyAppFeatures
06-04 05:56:47.776  3388  3388 I IntentParsingUtil: No additional languages specified in RecognizerIntent
06-04 05:56:47.777  3388  3388 I RecognitionServiceImpl: RecognitionService#logStartListening: callingApp: com.google.android.inputmethod.latin, locale: en-US
06-04 05:56:47.798  3388  3388 I RecognitionClient: #startListening
06-04 05:56:47.798  3388  3388 I ALT.ExtSessionProvider: #audio# create external(URI) session
06-04 05:56:47.802  3388 15377 I ALT.URIAudioSource: #audio# open audio source(epp@7809909)
06-04 05:56:47.803  3388  3388 I NetworkSpeechRecognizer: Online recognizer - start listening
06-04 05:56:47.808  3388  3388 I NetworkSpeechRecognizer: #startSendingS3Requests, multi = true, entrypoint = SERVICE_API
06-04 05:56:47.811  3388 15379 W OggOpusInputStream: Beginning load of ogg_opus_encoder...
06-04 05:56:47.812  3388 15379 W OggOpusInputStream: ogg_opus_encoder (null) was loaded normally!
06-04 05:56:47.813  3388  3623 I SodaSpeechRecognizer: Offline recognizer - start listening
06-04 05:56:47.814  3388  3623 I SodaSpeechRecognizer: Initialize Soda [locale: en-US], [applicationDomain: AMBIENT_CONTINUOUS]
06-04 05:56:47.814  3388  3623 I DefaultLPManager: #getAvailablePackages
06-04 05:56:47.814  3388 15377 I ALT.URIAudioSource: #audio# createAudioUriStream returning AudioPfdStream
06-04 05:56:47.815  3388 15377 I ALT.AudioStreamReader: #audio# start audio buffering
06-04 05:56:47.815  3388  3623 I fnq     : #getDownloadableLanguagePacks
06-04 05:56:47.820  3388  4330 I RecognitionServiceImpl: RecognitionService#onMicrophoneOpened
06-04 05:56:47.820  1584  1584 I TvVoiceExtension: TvVoiceExtension$GboardRecognitionListener.onReadyForSpeech():536 onReadyForSpeech(). Trying to show voice status UI.
06-04 05:56:47.821  1584  1584 I AbstractTvVoiceHeaderManager: AbstractTvVoiceHeaderManager.showVoiceStatusView():191 request to show voice status view
06-04 05:56:47.822  1584  1584 I TvVoiceExtension: TvVoiceExtension.startDictation():359 Start dictation. Finishing composing text.
06-04 05:56:47.823  3388 15380 I BaseS3HeaderProducer: [RS][S3] triggerApplicationId: com.google.android.inputmethod.latin
06-04 05:56:47.826  3388 15380 I BaseS3HeaderProducer: S3Request:
06-04 05:56:47.826  3388 15380 I BaseS3HeaderProducer: # jln@c61c02b1
06-04 05:56:47.826  3388 15380 I BaseS3HeaderProducer: [293000] {
06-04 05:56:47.826  3388 15380 I BaseS3HeaderProducer: }
06-04 05:56:47.826  3388 15380 I BaseS3HeaderProducer: [293100] {
06-04 05:56:47.826  3388 15380 I BaseS3HeaderProducer: }
06-04 05:56:47.826  3388 15380 I BaseS3HeaderProducer: [294000] {
06-04 05:56:47.826  3388 15380 I BaseS3HeaderProducer: }
06-04 05:56:47.826  3388 15380 I BaseS3HeaderProducer: [294500] {
06-04 05:56:47.826  3388 15380 I BaseS3HeaderProducer: }
06-04 05:56:47.826  3388 15380 I BaseS3HeaderProducer: [29735924] {
06-04 05:56:47.826  3388 15380 I BaseS3HeaderProducer: }
06-04 05:56:47.826  3388 15380 I BaseS3HeaderProducer: [77499489] {
06-04 05:56:47.826  3388 15380 I BaseS3HeaderProducer: }
06-04 05:56:47.836  3388  3623 I LanguagePackConfigImpl: Loaded languagepack (LP) flag value from latest config autogen_BatchV3071V3072: [en-US3006, de-DE3002, es-ES3000, fr-FR3002, it-IT3000, ja-JP3003, en-AU3003, en-GB3002, en-IE3002, en-SG3001, de-DE3003, fr-FR3003, ja-JP3004, en-US3008, de-AT3053, de-BE3053, de-CH3053, de-DE3053, en-AU3053, en-CA3053, en-GB3053, en-IE3053, en-IN3053, en-SG3053, en-US3053, es-ES3053, es-US3053, fr-BE3053, fr-CH3053, fr-FR3053, hi-IN3053, it-CH3053, it-IT3053, ja-JP3053, pt-BR3053, de-AT3054, de-BE3054, de-CH3054, de-DE3054, en-AU3054, en-CA3054, en-GB3054, en-IE3054, en-IN3054, en-SG3054, en-US3054, es-ES3054, es-US3054, fr-BE3054, fr-CA3054, fr-CH3054, fr-FR3054, hi-IN3054, id-ID3054, it-CH3054, it-IT3054, ja-JP3054, ko-KR3054, pt-BR3054, th-TH3054, cmn-Hans-CN3056, cmn-Hant-TW3056, de-AT3056, de-BE3056, de-CH3056, de-DE3056, en-CA3056, en-IN3056, en-US3056, es-ES3056, es-US3056, fr-BE3056, fr-CA3056, fr-CH3056, fr-FR3056, hi-IN3056, id-ID3056, it-CH3056, it-IT3056, ja-JP3056, ko-KR3056, pl-PL3056, pt-BR3056, ru-RU3056, th-TH3056, tr-TR3056, vi-VN3056, ja-JP3059, id-ID3059, ko-KR3061, pl-PL3059, ru-RU3059, th-TH3059, tr-TR3059, vi-VN3059, en-AU3071, en-CA3071, en-GB3071, en-IE3071, en-SG3071, en-US3072, hi-IN3072]
06-04 05:56:47.838  3388  3623 W SystemLPSourceImpl: #getAvailablePackages: Note there is not reason to call this method, as getInstalledPackages() returns the same LanguagePacks for this impl.
06-04 05:56:47.840  3388  3623 I DefaultLPManager: #getInstalledPackages
06-04 05:56:47.841  3388  3623 I fnq     : #getInstalledPackages from MDD
06-04 05:56:47.842  3388  3623 I fnq     : #GetLanguagePackList
06-04 05:56:47.842  3388  3623 I fnq     : MDD.getFileGroupsByFilter(langpack-domain_xx-XX_ver_zipfile)
06-04 05:56:47.871  3388  4330 E VoiceSearchConfigUtils: Unrecognized recognizer for [ja-JP, 3053]: 23. Ignoring it and its associated features.
06-04 05:56:47.871  3388  4330 E VoiceSearchConfigUtils: Unrecognized recognizer for [ja-JP, 3053]: 22. Ignoring it and its associated features.
06-04 05:56:47.871  3388  4330 E VoiceSearchConfigUtils: Unrecognized recognizer for [ja-JP, 3053]: 23. Ignoring it and its associated features.
06-04 05:56:47.872  3388  4330 E VoiceSearchConfigUtils: Unrecognized recognizer for [ja-JP, 3053]: 22. Ignoring it and its associated features.
06-04 05:56:47.875  3388  4330 E VoiceSearchConfigUtils: Unrecognized recognizer for [ja-JP, 3053]: 23. Ignoring it and its associated features.
06-04 05:56:47.875  3388  4330 E VoiceSearchConfigUtils: Unrecognized recognizer for [ja-JP, 3053]: 22. Ignoring it and its associated features.
06-04 05:56:47.876  3388  4330 E VoiceSearchConfigUtils: Unrecognized recognizer for [ja-JP, 3053]: 22. Ignoring it and its associated features.
06-04 05:56:47.876  3388  4330 E VoiceSearchConfigUtils: Unrecognized recognizer for [ja-JP, 3053]: 22. Ignoring it and its associated features.
06-04 05:56:47.906  3388  4330 E VoiceSearchConfigUtils: Unrecognized recognizer for [ja-JP, 3054]: 23. Ignoring it and its associated features.
06-04 05:56:47.906  3388  4330 E VoiceSearchConfigUtils: Unrecognized recognizer for [ja-JP, 3054]: 22. Ignoring it and its associated features.
06-04 05:56:47.906  3388  4330 E VoiceSearchConfigUtils: Unrecognized recognizer for [ja-JP, 3054]: 23. Ignoring it and its associated features.
06-04 05:56:47.907  3388  4330 E VoiceSearchConfigUtils: Unrecognized recognizer for [ja-JP, 3054]: 22. Ignoring it and its associated features.
06-04 05:56:47.907  3388  4330 E VoiceSearchConfigUtils: Unrecognized recognizer for [ja-JP, 3054]: 23. Ignoring it and its associated features.
06-04 05:56:47.907  3388  4330 E VoiceSearchConfigUtils: Unrecognized recognizer for [ja-JP, 3054]: 22. Ignoring it and its associated features.
06-04 05:56:47.907  3388  4330 E VoiceSearchConfigUtils: Unrecognized recognizer for [ja-JP, 3054]: 22. Ignoring it and its associated features.
06-04 05:56:47.908  3388  4330 E VoiceSearchConfigUtils: Unrecognized recognizer for [ja-JP, 3054]: 22. Ignoring it and its associated features.
06-04 05:56:47.922  3388  3417 W gle.android.tts: Reducing the number of considered missed Gc histogram windows from 2327 to 100
06-04 05:56:47.924  3388  4330 E VoiceSearchConfigUtils: Unrecognized recognizer for [ja-JP, 3056]: 23. Ignoring it and its associated features.
06-04 05:56:47.924  3388  4330 E VoiceSearchConfigUtils: Unrecognized recognizer for [ja-JP, 3056]: 22. Ignoring it and its associated features.
06-04 05:56:47.924  3388  4330 E VoiceSearchConfigUtils: Unrecognized recognizer for [ja-JP, 3056]: 23. Ignoring it and its associated features.
06-04 05:56:47.924  3388  4330 E VoiceSearchConfigUtils: Unrecognized recognizer for [ja-JP, 3056]: 22. Ignoring it and its associated features.
06-04 05:56:47.925  3388  4330 E VoiceSearchConfigUtils: Unrecognized recognizer for [ja-JP, 3056]: 23. Ignoring it and its associated features.
06-04 05:56:47.925  3388  4330 E VoiceSearchConfigUtils: Unrecognized recognizer for [ja-JP, 3056]: 22. Ignoring it and its associated features.
06-04 05:56:47.925  3388  4330 E VoiceSearchConfigUtils: Unrecognized recognizer for [ja-JP, 3056]: 22. Ignoring it and its associated features.
06-04 05:56:47.925  3388  4330 E VoiceSearchConfigUtils: Unrecognized recognizer for [ja-JP, 3056]: 22. Ignoring it and its associated features.
06-04 05:56:47.942  3388  4329 I SodaLPDirGenerator: Found matching installed packs: en-US_v3072
06-04 05:56:47.942  3388  4329 I DefaultLPManager: #getPackage
06-04 05:56:47.943  3388  4329 I ZipfileLPSourceImpl: #getPackage
06-04 05:56:47.943  3388  4329 I ZipLPPopulator: #addNewFileGroups
06-04 05:56:47.943  3388  4329 I fnq     : #getDownloadableLanguagePacks
06-04 05:56:47.952  3388  4329 I LanguagePackConfigImpl: Loaded languagepack (LP) flag value from latest config autogen_BatchV3071V3072: [en-US3006, de-DE3002, es-ES3000, fr-FR3002, it-IT3000, ja-JP3003, en-AU3003, en-GB3002, en-IE3002, en-SG3001, de-DE3003, fr-FR3003, ja-JP3004, en-US3008, de-AT3053, de-BE3053, de-CH3053, de-DE3053, en-AU3053, en-CA3053, en-GB3053, en-IE3053, en-IN3053, en-SG3053, en-US3053, es-ES3053, es-US3053, fr-BE3053, fr-CH3053, fr-FR3053, hi-IN3053, it-CH3053, it-IT3053, ja-JP3053, pt-BR3053, de-AT3054, de-BE3054, de-CH3054, de-DE3054, en-AU3054, en-CA3054, en-GB3054, en-IE3054, en-IN3054, en-SG3054, en-US3054, es-ES3054, es-US3054, fr-BE3054, fr-CA3054, fr-CH3054, fr-FR3054, hi-IN3054, id-ID3054, it-CH3054, it-IT3054, ja-JP3054, ko-KR3054, pt-BR3054, th-TH3054, cmn-Hans-CN3056, cmn-Hant-TW3056, de-AT3056, de-BE3056, de-CH3056, de-DE3056, en-CA3056, en-IN3056, en-US3056, es-ES3056, es-US3056, fr-BE3056, fr-CA3056, fr-CH3056, fr-FR3056, hi-IN3056, id-ID3056, it-CH3056, it-IT3056, ja-JP3056, ko-KR3056, pl-PL3056, pt-BR3056, ru-RU3056, th-TH3056, tr-TR3056, vi-VN3056, ja-JP3059, id-ID3059, ko-KR3061, pl-PL3059, ru-RU3059, th-TH3059, tr-TR3059, vi-VN3059, en-AU3071, en-CA3071, en-GB3071, en-IE3071, en-SG3071, en-US3072, hi-IN3072]
06-04 05:56:47.955   694  1052 W WindowManager: App com.android.systemui has a system alert window (type = 2006) with FLAG_NOT_TOUCHABLE and LayoutParams.alpha = 1.00 > 0.80, setting alpha to 0.80 to let touches pass through (if this is isn't desirable, remove flag FLAG_NOT_TOUCHABLE).
06-04 05:56:47.964   694  1052 D CoreBackPreview: Window{9cb3ea4 u0 MicrophoneCaptureIndicator}: Setting back callback OnBackInvokedCallbackInfo{mCallback=android.window.IOnBackInvokedCallback$Stub$Proxy@7af6fc2, mPriority=0, mIsAnimationCallback=false}
06-04 05:56:47.970   694  2175 W WindowManager: App com.android.systemui has a system alert window (type = 2006) with FLAG_NOT_TOUCHABLE and LayoutParams.alpha = 1.00 > 0.80, setting alpha to 0.80 to let touches pass through (if this is isn't desirable, remove flag FLAG_NOT_TOUCHABLE).
06-04 05:56:47.970  3388  4329 E VoiceSearchConfigUtils: Unrecognized recognizer for [ja-JP, 3053]: 23. Ignoring it and its associated features.
06-04 05:56:47.970  3388  4329 E VoiceSearchConfigUtils: Unrecognized recognizer for [ja-JP, 3053]: 22. Ignoring it and its associated features.
06-04 05:56:47.971  3388  4329 E VoiceSearchConfigUtils: Unrecognized recognizer for [ja-JP, 3053]: 23. Ignoring it and its associated features.
06-04 05:56:47.971  3388  4329 E VoiceSearchConfigUtils: Unrecognized recognizer for [ja-JP, 3053]: 22. Ignoring it and its associated features.
06-04 05:56:47.971  3388  4329 E VoiceSearchConfigUtils: Unrecognized recognizer for [ja-JP, 3053]: 23. Ignoring it and its associated features.
06-04 05:56:47.971  3388  4329 E VoiceSearchConfigUtils: Unrecognized recognizer for [ja-JP, 3053]: 22. Ignoring it and its associated features.
06-04 05:56:47.972  3388  4329 E VoiceSearchConfigUtils: Unrecognized recognizer for [ja-JP, 3053]: 22. Ignoring it and its associated features.
06-04 05:56:47.972  3388  4329 E VoiceSearchConfigUtils: Unrecognized recognizer for [ja-JP, 3053]: 22. Ignoring it and its associated features.
06-04 05:56:47.986  1061  1114 E OpenGLRenderer: Unable to match the desired swap behavior.
06-04 05:56:47.989  3388  4329 E VoiceSearchConfigUtils: Unrecognized recognizer for [ja-JP, 3054]: 23. Ignoring it and its associated features.
06-04 05:56:47.989  3388  4329 E VoiceSearchConfigUtils: Unrecognized recognizer for [ja-JP, 3054]: 22. Ignoring it and its associated features.
06-04 05:56:47.990  3388  4329 E VoiceSearchConfigUtils: Unrecognized recognizer for [ja-JP, 3054]: 23. Ignoring it and its associated features.
06-04 05:56:47.992  3388  4329 E VoiceSearchConfigUtils: Unrecognized recognizer for [ja-JP, 3054]: 22. Ignoring it and its associated features.
06-04 05:56:47.993  3388  4329 E VoiceSearchConfigUtils: Unrecognized recognizer for [ja-JP, 3054]: 23. Ignoring it and its associated features.
06-04 05:56:47.995  3388  4329 E VoiceSearchConfigUtils: Unrecognized recognizer for [ja-JP, 3054]: 22. Ignoring it and its associated features.
06-04 05:56:48.004  3388  4329 E VoiceSearchConfigUtils: Unrecognized recognizer for [ja-JP, 3054]: 22. Ignoring it and its associated features.
06-04 05:56:48.005  3388  4329 E VoiceSearchConfigUtils: Unrecognized recognizer for [ja-JP, 3054]: 22. Ignoring it and its associated features.
06-04 05:56:48.013   744   773 I mtkpower@impl: [powerd_req] TIMER_MSG_PERF_LOCK_TIMEOUT hdl:2687
06-04 05:56:48.013   744   773 I libPowerHal: [perfLockRel] hdl:2687, idx:0
06-04 05:56:48.014   744   773 I mtkpower@impl: [powerd_req] TIMER_MSG_PERF_LOCK_TIMEOUT hdl:2688
06-04 05:56:48.014   744   773 I libPowerHal: [perfLockRel] hdl:2688, idx:1
06-04 05:56:48.015  3388  4329 E VoiceSearchConfigUtils: Unrecognized recognizer for [ja-JP, 3056]: 23. Ignoring it and its associated features.
06-04 05:56:48.017  3388  4329 E VoiceSearchConfigUtils: Unrecognized recognizer for [ja-JP, 3056]: 22. Ignoring it and its associated features.
06-04 05:56:48.017  3388  4329 E VoiceSearchConfigUtils: Unrecognized recognizer for [ja-JP, 3056]: 23. Ignoring it and its associated features.
06-04 05:56:48.017  3388  4329 E VoiceSearchConfigUtils: Unrecognized recognizer for [ja-JP, 3056]: 22. Ignoring it and its associated features.
06-04 05:56:48.018  3388  4329 E VoiceSearchConfigUtils: Unrecognized recognizer for [ja-JP, 3056]: 23. Ignoring it and its associated features.
06-04 05:56:48.018  3388  4329 E VoiceSearchConfigUtils: Unrecognized recognizer for [ja-JP, 3056]: 22. Ignoring it and its associated features.
06-04 05:56:48.018  3388  4329 E VoiceSearchConfigUtils: Unrecognized recognizer for [ja-JP, 3056]: 22. Ignoring it and its associated features.
06-04 05:56:48.018  3388  4329 E VoiceSearchConfigUtils: Unrecognized recognizer for [ja-JP, 3056]: 22. Ignoring it and its associated features.
06-04 05:56:48.019   744   753 I mtkpower@impl: [setMode] type:6, enabled:1
06-04 05:56:48.019   744   753 E mtkpower@impl: [setMode] unknown type
06-04 05:56:48.029  3388  4329 I LPRequestState: [ZipfileRequests] #resolveDesiredLanguagePacks
06-04 05:56:48.033  3388  4330 I LPRequestState: Assigning language pack Optional.of(LanguagePackDescriptor{locale=en_US, version=3072, installType=ZIPFILE_DOWNLOAD, applicationDomains=[1, 2, 3, 4, 5, 6, 7, 11], featuresForDomains={1=[2, 3, 4, 5, 6, 9, 10, 12, 13, 14, 15], 2=[2, 3, 4, 5, 6, 7, 8, 9, 10, 12, 13, 14, 15], 3=[2, 3, 4, 5, 6, 9, 10, 12, 13, 14, 15], 4=[2, 3, 4, 5, 6, 7, 8, 9, 10, 12, 13, 14, 15], 5=[2, 3, 4, 5, 6, 9, 10, 12, 13, 14, 15], 6=[2, 3, 4, 5, 6, 7, 8, 9, 10, 12, 13, 14, 15], 7=[2, 3, 4, 5, 6, 7, 8, 9, 10, 12, 13, 14, 15], 11=[2, 3, 4, 5, 6, 7, 8, 9, 10, 12, 13, 14, 15]}, sizeBytes=62065000, zipfileParams=Optional.of(ZipfileParams{downloadUrl=https://dl.google.com/android/voice/soda/en-US/v3072/soda-en-US-v3072.zip, hashValueSha1=F8745C8DBBDAE1E77A9A9E7BAF378CBC78B7BB2A}), readOnlyParams=Optional.absent()}) for request # fmz@ce118b46
06-04 05:56:48.034   744   773 I mtkpower@impl: [powerd_req] TIMER_MSG_PERF_LOCK_TIMEOUT hdl:2691
06-04 05:56:48.034   744   773 I libPowerHal: [perfLockRel] hdl:2691, idx:4
06-04 05:56:48.036  3388  4330 I LPDownloadSettingsState: Defaulting LP download condition to 2 as user has not edited settings.
06-04 05:56:48.037  3388  4330 I ZipLPPopulator: MDD.addFileGroup: LanguagePackDescriptor{locale=en_US, version=3072, installType=ZIPFILE_DOWNLOAD, applicationDomains=[1, 2, 3, 4, 5, 6, 7, 11], featuresForDomains={1=[2, 3, 4, 5, 6, 9, 10, 12, 13, 14, 15], 2=[2, 3, 4, 5, 6, 7, 8, 9, 10, 12, 13, 14, 15], 3=[2, 3, 4, 5, 6, 9, 10, 12, 13, 14, 15], 4=[2, 3, 4, 5, 6, 7, 8, 9, 10, 12, 13, 14, 15], 5=[2, 3, 4, 5, 6, 9, 10, 12, 13, 14, 15], 6=[2, 3, 4, 5, 6, 7, 8, 9, 10, 12, 13, 14, 15], 7=[2, 3, 4, 5, 6, 7, 8, 9, 10, 12, 13, 14, 15], 11=[2, 3, 4, 5, 6, 7, 8, 9, 10, 12, 13, 14, 15]}, sizeBytes=62065000, zipfileParams=Optional.of(ZipfileParams{downloadUrl=https://dl.google.com/android/voice/soda/en-US/v3072/soda-en-US-v3072.zip, hashValueSha1=F8745C8DBBDAE1E77A9A9E7BAF378CBC78B7BB2A}), readOnlyParams=Optional.absent()}
06-04 05:56:48.042  3388  4329 I ZipLPPopulator: #addNewFileGroups complete
06-04 05:56:48.043  3388  4330 I ZipLPPopulator: Updated file group for group 'langpack-domain_en-US_3072_zipfile' from location: https://dl.google.com/android/voice/soda/en-US/v3072/soda-en-US-v3072.zip
06-04 05:56:48.043  3388  4329 I ZipLPPopulator: MDD.getFileGroup(langpack-domain_en-US_3072_zipfile)
06-04 05:56:48.046  3388  3624 I ZipfileLPSourceImpl: MDD.getFileGroup(langpack-domain_en-US_3072_zipfile) complete
06-04 05:56:48.047  3388  3624 I ZipfileLPSourceImpl: Found LanguagePack metadata file with path: /data/user/0/com.google.android.tts/files/datadownload/shared/public/datadownloadfile_1772412447971/metadata
06-04 05:56:48.048  3388  3624 I ZipfileLPSourceImpl: Returning LanguagePack path for locale en_US, version 3072 from MDD with group name 'langpack-domain_en-US_3072_zipfile': '/data/user/0/com.google.android.tts/files/datadownload/shared/public/datadownloadfile_1772412447971'
06-04 05:56:48.049  3388  4329 I SodaLPDirGenerator: Returning LanguagePack directory: /data/user/0/com.google.android.tts/files/datadownload/shared/public/datadownloadfile_1772412447971
06-04 05:56:48.052  3388  3623 I SodaSpeechRecognizer: Initialize Soda with language pack directory
06-04 05:56:48.054  3388  3624 I SodaSpeechRecognizer: SodaDetectionHandler.blockingReconnect
06-04 05:56:48.054  3388  3624 I SodaDetectionHandler: #connect: enableConcurrency: true
06-04 05:56:48.056  3388  3624 I ConcurrentSodaManager: #connect
06-04 05:56:48.056  3388  3624 W ConcurrentSodaManager: Creating SODA
06-04 05:56:48.056  3388  3624 I ConcurrentSodaManager: #getSodaCount
06-04 05:56:48.058  3388  3624 I ConcurrentSodaManager: Initializing SODA for com.google.android.inputmethod.latin
06-04 05:56:48.061  3388  3624 I SodaJniLoader: Loaded SODA Full native library: google_speech_sbg_tts_jni previously; skipping new attempt.
06-04 05:56:48.134  3388  3624 I native  : I0000 00:00:1780567008.130375    3624 soda_async_impl.cc:352] Creating soda_impl.
06-04 05:56:48.153   744   773 I mtkpower@impl: [powerd_req] TIMER_MSG_PERF_LOCK_TIMEOUT hdl:2689
06-04 05:56:48.153   744   773 I libPowerHal: [perfLockRel] hdl:2689, idx:2
06-04 05:56:48.154  3388  3624 I native  : I0000 00:00:1780567008.153833    3624 enrollment_manager_impl.cc:455] UpdateConfigRequest with timeout: 5s
06-04 05:56:48.154   744   773 I mtkpower@impl: [powerd_req] TIMER_MSG_PERF_LOCK_TIMEOUT hdl:2690
06-04 05:56:48.155   744   773 I libPowerHal: [perfLockRel] hdl:2690, idx:3
06-04 05:56:48.162  3388 15386 W native  : W0000 00:00:1780567008.161613   15386 enrollment_manager_impl.cc:1258] Failed to get cache folder:INVALID_ARGUMENT: Cache path is empty
06-04 05:56:48.162  3388 15386 W native  : === Source Location Trace: ===
06-04 05:56:48.162  3388 15386 W native  : speech/soda/speaker_id/enrollment/enrollment_manager_impl.cc:157
06-04 05:56:48.162  3388 15386 W native  : W0000 00:00:1780567008.162766   15386 enrollment_manager_impl.cc:1277] SODA EnrollmentManager disabled.
06-04 05:56:48.163  3388 15386 I native  : I0000 00:00:1780567008.162802   15386 enrollment_storage.cc:663] Storage cleared:OK
06-04 05:56:48.165  3388  3624 I native  : I0000 00:00:1780567008.165083    3624 soda_async_impl.cc:1648] Updated speaker id profiles.
06-04 05:56:48.170  3388  3624 I native  : I0000 00:00:1780567008.170155    3624 soda_impl.cc:364] Maximum audio history: 30s
06-04 05:56:48.170  3388  3624 I native  : I0000 00:00:1780567008.170393    3624 soda_impl.cc:374] Preamble queue sample rate 16000 and cache size: 1
06-04 05:56:48.171  3388  3624 I native  : I0000 00:00:1780567008.170977    3624 soda_impl.cc:425] Adding Resampler from 16000 to 16000, enable_high_quality: false
06-04 05:56:48.173  3388  3624 I native  : I0000 00:00:1780567008.173681    3624 soda_impl.cc:671] Enabling power evaluator.
06-04 05:56:48.173  3388  3624 I native  : I0000 00:00:1780567008.173809    3624 soda_impl.cc:681] Adding preamble processor.
06-04 05:56:48.173  3388  3624 I native  : I0000 00:00:1780567008.173838    3624 soda_impl.cc:729] Enabling On Device ASR
06-04 05:56:48.173  3388  3624 I native  : I0000 00:00:1780567008.173903    3624 asr_module.cc:101] Using AsrProcessor.
06-04 05:56:48.175  3388  3624 I native  : I0000 00:00:1780567008.174068    3624 greco_session.cc:283] LP details: [locale: en-us, version: 3072, config file: /data/user/0/com.google.android.tts/files/datadownload/shared/public/datadownloadfile_1772412447971/configs/ONDEVICE_MEDIUM_CONTINUOUS.config, personalized resources dir: <NONE>]
06-04 05:56:48.189  3388  3624 I native  : I0000 00:00:1780567008.189577    3624 greco_session.cc:242] Loaded PipelineDef.
06-04 05:56:48.600  3388  3624 I native  : I0000 00:00:1780567008.600884    3624 greco_session.cc:265] Initialized ResourceManager.
06-04 05:56:48.603  3388  3624 I native  : I0000 00:00:1780567008.603033    3624 greco_session.cc:277] Initialized GoogleRecognizer.
06-04 05:56:48.611  3388 15385 I SodaMetricsLoggerTiktok: Dropping Soda streamz events due to missing SodaMetricsStreamz. [CONTEXT ratelimit_period="30 SECONDS" skipped=70 ]
06-04 05:56:48.676  3388  4330 I RecognitionClient: #onStartOfSpeech
06-04 05:56:48.676  3388  4330 I RecognitionServiceImpl: RecognitionService#onStartOfSpeech
06-04 05:56:48.677  1584  1584 I TvVoiceExtension: TvVoiceExtension$GboardRecognitionListener.onBeginningOfSpeech():542 onBeginningOfSpeech(). Trying to update voice status UI.
06-04 05:56:48.755 11602 11602 I katniss_interactor_AppContextManagerImpl: Timing out. No app context from target app: com.google.android.apps.tv.launcherx
