06-04 05:58:25.700  3388  4329 E VoiceSearchConfigUtils: Unrecognized recognizer for [ja-JP, 3053]: 22. Ignoring it and its associated features.
06-04 05:58:25.700  3388  4329 E VoiceSearchConfigUtils: Unrecognized recognizer for [ja-JP, 3053]: 23. Ignoring it and its associated features.
06-04 05:58:25.700  3388  4329 E VoiceSearchConfigUtils: Unrecognized recognizer for [ja-JP, 3053]: 22. Ignoring it and its associated features.
06-04 05:58:25.700  3388  4329 E VoiceSearchConfigUtils: Unrecognized recognizer for [ja-JP, 3053]: 22. Ignoring it and its associated features.
06-04 05:58:25.700  3388  4329 E VoiceSearchConfigUtils: Unrecognized recognizer for [ja-JP, 3053]: 22. Ignoring it and its associated features.
06-04 05:58:25.714  3388  4329 E VoiceSearchConfigUtils: Unrecognized recognizer for [ja-JP, 3054]: 23. Ignoring it and its associated features.
06-04 05:58:25.714  3388  4329 E VoiceSearchConfigUtils: Unrecognized recognizer for [ja-JP, 3054]: 22. Ignoring it and its associated features.
06-04 05:58:25.714  3388  4329 E VoiceSearchConfigUtils: Unrecognized recognizer for [ja-JP, 3054]: 23. Ignoring it and its associated features.
06-04 05:58:25.714  3388  4329 E VoiceSearchConfigUtils: Unrecognized recognizer for [ja-JP, 3054]: 22. Ignoring it and its associated features.
06-04 05:58:25.714  3388  4329 E VoiceSearchConfigUtils: Unrecognized recognizer for [ja-JP, 3054]: 23. Ignoring it and its associated features.
06-04 05:58:25.715  3388  4329 E VoiceSearchConfigUtils: Unrecognized recognizer for [ja-JP, 3054]: 22. Ignoring it and its associated features.
06-04 05:58:25.715  3388  4329 E VoiceSearchConfigUtils: Unrecognized recognizer for [ja-JP, 3054]: 22. Ignoring it and its associated features.
06-04 05:58:25.715  3388  4329 E VoiceSearchConfigUtils: Unrecognized recognizer for [ja-JP, 3054]: 22. Ignoring it and its associated features.
06-04 05:58:25.723   744   753 I mtkpower@impl: [setMode] type:6, enabled:1
06-04 05:58:25.723   744   753 E mtkpower@impl: [setMode] unknown type
06-04 05:58:25.733  3388  4329 E VoiceSearchConfigUtils: Unrecognized recognizer for [ja-JP, 3056]: 23. Ignoring it and its associated features.
06-04 05:58:25.734  3388  4329 E VoiceSearchConfigUtils: Unrecognized recognizer for [ja-JP, 3056]: 22. Ignoring it and its associated features.
06-04 05:58:25.735  3388  4329 E VoiceSearchConfigUtils: Unrecognized recognizer for [ja-JP, 3056]: 23. Ignoring it and its associated features.
06-04 05:58:25.736  3388  4329 E VoiceSearchConfigUtils: Unrecognized recognizer for [ja-JP, 3056]: 22. Ignoring it and its associated features.
06-04 05:58:25.736  3388  4329 E VoiceSearchConfigUtils: Unrecognized recognizer for [ja-JP, 3056]: 23. Ignoring it and its associated features.
06-04 05:58:25.736  3388  4329 E VoiceSearchConfigUtils: Unrecognized recognizer for [ja-JP, 3056]: 22. Ignoring it and its associated features.
06-04 05:58:25.736  3388  4329 E VoiceSearchConfigUtils: Unrecognized recognizer for [ja-JP, 3056]: 22. Ignoring it and its associated features.
06-04 05:58:25.736  3388  4329 E VoiceSearchConfigUtils: Unrecognized recognizer for [ja-JP, 3056]: 22. Ignoring it and its associated features.
06-04 05:58:25.749  3388  4330 I SodaLPDirGenerator: Found matching installed packs: en-US_v3072
06-04 05:58:25.750  3388  4330 I DefaultLPManager: #getPackage
06-04 05:58:25.751  3388  4330 I ZipfileLPSourceImpl: #getPackage
06-04 05:58:25.752  3388  4330 I ZipLPPopulator: #addNewFileGroups
06-04 05:58:25.752  3388  4330 I fnq     : #getDownloadableLanguagePacks
06-04 05:58:25.764  3388  4330 I LanguagePackConfigImpl: Loaded languagepack (LP) flag value from latest config autogen_BatchV3071V3072: [en-US3006, de-DE3002, es-ES3000, fr-FR3002, it-IT3000, ja-JP3003, en-AU3003, en-GB3002, en-IE3002, en-SG3001, de-DE3003, fr-FR3003, ja-JP3004, en-US3008, de-AT3053, de-BE3053, de-CH3053, de-DE3053, en-AU3053, en-CA3053, en-GB3053, en-IE3053, en-IN3053, en-SG3053, en-US3053, es-ES3053, es-US3053, fr-BE3053, fr-CH3053, fr-FR3053, hi-IN3053, it-CH3053, it-IT3053, ja-JP3053, pt-BR3053, de-AT3054, de-BE3054, de-CH3054, de-DE3054, en-AU3054, en-CA3054, en-GB3054, en-IE3054, en-IN3054, en-SG3054, en-US3054, es-ES3054, es-US3054, fr-BE3054, fr-CA3054, fr-CH3054, fr-FR3054, hi-IN3054, id-ID3054, it-CH3054, it-IT3054, ja-JP3054, ko-KR3054, pt-BR3054, th-TH3054, cmn-Hans-CN3056, cmn-Hant-TW3056, de-AT3056, de-BE3056, de-CH3056, de-DE3056, en-CA3056, en-IN3056, en-US3056, es-ES3056, es-US3056, fr-BE3056, fr-CA3056, fr-CH3056, fr-FR3056, hi-IN3056, id-ID3056, it-CH3056, it-IT3056, ja-JP3056, ko-KR3056, pl-PL3056, pt-BR3056, ru-RU3056, th-TH3056, tr-TR3056, vi-VN3056, ja-JP3059, id-ID3059, ko-KR3061, pl-PL3059, ru-RU3059, th-TH3059, tr-TR3059, vi-VN3059, en-AU3071, en-CA3071, en-GB3071, en-IE3071, en-SG3071, en-US3072, hi-IN3072]
06-04 05:58:25.778  3388  4329 E VoiceSearchConfigUtils: Unrecognized recognizer for [ja-JP, 3053]: 23. Ignoring it and its associated features.
06-04 05:58:25.779  3388  4329 E VoiceSearchConfigUtils: Unrecognized recognizer for [ja-JP, 3053]: 22. Ignoring it and its associated features.
06-04 05:58:25.779  3388  4329 E VoiceSearchConfigUtils: Unrecognized recognizer for [ja-JP, 3053]: 23. Ignoring it and its associated features.
06-04 05:58:25.780  3388  4329 E VoiceSearchConfigUtils: Unrecognized recognizer for [ja-JP, 3053]: 22. Ignoring it and its associated features.
06-04 05:58:25.780  3388  4329 E VoiceSearchConfigUtils: Unrecognized recognizer for [ja-JP, 3053]: 23. Ignoring it and its associated features.
06-04 05:58:25.780  3388  4329 E VoiceSearchConfigUtils: Unrecognized recognizer for [ja-JP, 3053]: 22. Ignoring it and its associated features.
06-04 05:58:25.780  3388  4329 E VoiceSearchConfigUtils: Unrecognized recognizer for [ja-JP, 3053]: 22. Ignoring it and its associated features.
06-04 05:58:25.780  3388  4329 E VoiceSearchConfigUtils: Unrecognized recognizer for [ja-JP, 3053]: 22. Ignoring it and its associated features.
06-04 05:58:25.789  3388  4329 E VoiceSearchConfigUtils: Unrecognized recognizer for [ja-JP, 3054]: 23. Ignoring it and its associated features.
06-04 05:58:25.789  3388  4329 E VoiceSearchConfigUtils: Unrecognized recognizer for [ja-JP, 3054]: 22. Ignoring it and its associated features.
06-04 05:58:25.790  3388  4329 E VoiceSearchConfigUtils: Unrecognized recognizer for [ja-JP, 3054]: 23. Ignoring it and its associated features.
06-04 05:58:25.790  3388  4329 E VoiceSearchConfigUtils: Unrecognized recognizer for [ja-JP, 3054]: 22. Ignoring it and its associated features.
06-04 05:58:25.790  3388  4329 E VoiceSearchConfigUtils: Unrecognized recognizer for [ja-JP, 3054]: 23. Ignoring it and its associated features.
06-04 05:58:25.790  3388  4329 E VoiceSearchConfigUtils: Unrecognized recognizer for [ja-JP, 3054]: 22. Ignoring it and its associated features.
06-04 05:58:25.790  3388  4329 E VoiceSearchConfigUtils: Unrecognized recognizer for [ja-JP, 3054]: 22. Ignoring it and its associated features.
06-04 05:58:25.790  3388  4329 E VoiceSearchConfigUtils: Unrecognized recognizer for [ja-JP, 3054]: 22. Ignoring it and its associated features.
06-04 05:58:25.798  3388  4329 E VoiceSearchConfigUtils: Unrecognized recognizer for [ja-JP, 3056]: 23. Ignoring it and its associated features.
06-04 05:58:25.798  3388  4329 E VoiceSearchConfigUtils: Unrecognized recognizer for [ja-JP, 3056]: 22. Ignoring it and its associated features.
06-04 05:58:25.798  3388  4329 E VoiceSearchConfigUtils: Unrecognized recognizer for [ja-JP, 3056]: 23. Ignoring it and its associated features.
06-04 05:58:25.799  3388  4329 E VoiceSearchConfigUtils: Unrecognized recognizer for [ja-JP, 3056]: 22. Ignoring it and its associated features.
06-04 05:58:25.800  3388  4329 E VoiceSearchConfigUtils: Unrecognized recognizer for [ja-JP, 3056]: 23. Ignoring it and its associated features.
06-04 05:58:25.800  3388  4329 E VoiceSearchConfigUtils: Unrecognized recognizer for [ja-JP, 3056]: 22. Ignoring it and its associated features.
06-04 05:58:25.800  3388  4329 E VoiceSearchConfigUtils: Unrecognized recognizer for [ja-JP, 3056]: 22. Ignoring it and its associated features.
06-04 05:58:25.801  3388  4329 E VoiceSearchConfigUtils: Unrecognized recognizer for [ja-JP, 3056]: 22. Ignoring it and its associated features.
06-04 05:58:25.810  3388  4329 I LPRequestState: [ZipfileRequests] #resolveDesiredLanguagePacks
06-04 05:58:25.812  3388  4330 I LPRequestState: Assigning language pack Optional.of(LanguagePackDescriptor{locale=en_US, version=3072, installType=ZIPFILE_DOWNLOAD, applicationDomains=[1, 2, 3, 4, 5, 6, 7, 11], featuresForDomains={1=[2, 3, 4, 5, 6, 9, 10, 12, 13, 14, 15], 2=[2, 3, 4, 5, 6, 7, 8, 9, 10, 12, 13, 14, 15], 3=[2, 3, 4, 5, 6, 9, 10, 12, 13, 14, 15], 4=[2, 3, 4, 5, 6, 7, 8, 9, 10, 12, 13, 14, 15], 5=[2, 3, 4, 5, 6, 9, 10, 12, 13, 14, 15], 6=[2, 3, 4, 5, 6, 7, 8, 9, 10, 12, 13, 14, 15], 7=[2, 3, 4, 5, 6, 7, 8, 9, 10, 12, 13, 14, 15], 11=[2, 3, 4, 5, 6, 7, 8, 9, 10, 12, 13, 14, 15]}, sizeBytes=62065000, zipfileParams=Optional.of(ZipfileParams{downloadUrl=https://dl.google.com/android/voice/soda/en-US/v3072/soda-en-US-v3072.zip, hashValueSha1=F8745C8DBBDAE1E77A9A9E7BAF378CBC78B7BB2A}), readOnlyParams=Optional.absent()}) for request # fmz@ce118b46
06-04 05:58:25.813  3388  4329 I LPDownloadSettingsState: Defaulting LP download condition to 2 as user has not edited settings.
06-04 05:58:25.814  3388  4330 I ZipLPPopulator: MDD.addFileGroup: LanguagePackDescriptor{locale=en_US, version=3072, installType=ZIPFILE_DOWNLOAD, applicationDomains=[1, 2, 3, 4, 5, 6, 7, 11], featuresForDomains={1=[2, 3, 4, 5, 6, 9, 10, 12, 13, 14, 15], 2=[2, 3, 4, 5, 6, 7, 8, 9, 10, 12, 13, 14, 15], 3=[2, 3, 4, 5, 6, 9, 10, 12, 13, 14, 15], 4=[2, 3, 4, 5, 6, 7, 8, 9, 10, 12, 13, 14, 15], 5=[2, 3, 4, 5, 6, 9, 10, 12, 13, 14, 15], 6=[2, 3, 4, 5, 6, 7, 8, 9, 10, 12, 13, 14, 15], 7=[2, 3, 4, 5, 6, 7, 8, 9, 10, 12, 13, 14, 15], 11=[2, 3, 4, 5, 6, 7, 8, 9, 10, 12, 13, 14, 15]}, sizeBytes=62065000, zipfileParams=Optional.of(ZipfileParams{downloadUrl=https://dl.google.com/android/voice/soda/en-US/v3072/soda-en-US-v3072.zip, hashValueSha1=F8745C8DBBDAE1E77A9A9E7BAF378CBC78B7BB2A}), readOnlyParams=Optional.absent()}
06-04 05:58:25.825  3388  4330 I ZipLPPopulator: #addNewFileGroups complete
06-04 05:58:25.826  3388  4329 I ZipLPPopulator: Updated file group for group 'langpack-domain_en-US_3072_zipfile' from location: https://dl.google.com/android/voice/soda/en-US/v3072/soda-en-US-v3072.zip
06-04 05:58:25.826  3388  4330 I ZipLPPopulator: MDD.getFileGroup(langpack-domain_en-US_3072_zipfile)
06-04 05:58:25.829  3388  3500 I ZipfileLPSourceImpl: MDD.getFileGroup(langpack-domain_en-US_3072_zipfile) complete
06-04 05:58:25.831  3388  3500 I ZipfileLPSourceImpl: Found LanguagePack metadata file with path: /data/user/0/com.google.android.tts/files/datadownload/shared/public/datadownloadfile_1772412447971/metadata
06-04 05:58:25.831  3388  3500 I ZipfileLPSourceImpl: Returning LanguagePack path for locale en_US, version 3072 from MDD with group name 'langpack-domain_en-US_3072_zipfile': '/data/user/0/com.google.android.tts/files/datadownload/shared/public/datadownloadfile_1772412447971'
06-04 05:58:25.834  3388  4330 I SodaLPDirGenerator: Returning LanguagePack directory: /data/user/0/com.google.android.tts/files/datadownload/shared/public/datadownloadfile_1772412447971
06-04 05:58:25.835  3388  3623 I SodaSpeechRecognizer: Initialize Soda with language pack directory
06-04 05:58:25.836  3388  3509 I SodaSpeechRecognizer: SodaDetectionHandler.blockingReconnect
06-04 05:58:25.837  3388  3509 I SodaDetectionHandler: #connect: enableConcurrency: true
06-04 05:58:25.841  3388  3509 I ConcurrentSodaManager: #connect
06-04 05:58:25.842  3388  3509 W ConcurrentSodaManager: Creating SODA
06-04 05:58:25.843  3388  3509 I ConcurrentSodaManager: #getSodaCount
06-04 05:58:25.843  3388  3509 I ConcurrentSodaManager: Initializing SODA for com.google.android.inputmethod.latin
06-04 05:58:25.844  3388  3509 I SodaJniLoader: Loaded SODA Full native library: google_speech_sbg_tts_jni previously; skipping new attempt.
06-04 05:58:25.844  3388  3509 I native  : I0000 00:00:1780567105.844514    3509 soda_async_impl.cc:352] Creating soda_impl.
06-04 05:58:25.858  3388  3509 I native  : I0000 00:00:1780567105.858887    3509 enrollment_manager_impl.cc:455] UpdateConfigRequest with timeout: 5s
06-04 05:58:25.860  3388 15586 W native  : W0000 00:00:1780567105.860504   15586 enrollment_manager_impl.cc:1258] Failed to get cache folder:INVALID_ARGUMENT: Cache path is empty
06-04 05:58:25.860  3388 15586 W native  : === Source Location Trace: ===
06-04 05:58:25.860  3388 15586 W native  : speech/soda/speaker_id/enrollment/enrollment_manager_impl.cc:157
06-04 05:58:25.860  3388 15586 W native  : W0000 00:00:1780567105.860658   15586 enrollment_manager_impl.cc:1277] SODA EnrollmentManager disabled.
06-04 05:58:25.860  3388 15586 I native  : I0000 00:00:1780567105.860688   15586 enrollment_storage.cc:663] Storage cleared:OK
06-04 05:58:25.861  3388  3509 I native  : I0000 00:00:1780567105.861557    3509 soda_async_impl.cc:1648] Updated speaker id profiles.
06-04 05:58:25.862  3388  3509 I native  : I0000 00:00:1780567105.862305    3509 soda_impl.cc:364] Maximum audio history: 30s
06-04 05:58:25.862  3388  3509 I native  : I0000 00:00:1780567105.862472    3509 soda_impl.cc:374] Preamble queue sample rate 16000 and cache size: 1
06-04 05:58:25.862  3388  3509 I native  : I0000 00:00:1780567105.862798    3509 soda_impl.cc:425] Adding Resampler from 16000 to 16000, enable_high_quality: false
06-04 05:58:25.863  3388  3509 I native  : I0000 00:00:1780567105.863316    3509 soda_impl.cc:671] Enabling power evaluator.
06-04 05:58:25.863  3388  3509 I native  : I0000 00:00:1780567105.863392    3509 soda_impl.cc:681] Adding preamble processor.
06-04 05:58:25.863  3388  3509 I native  : I0000 00:00:1780567105.863423    3509 soda_impl.cc:729] Enabling On Device ASR
06-04 05:58:25.863  3388  3509 I native  : I0000 00:00:1780567105.863454    3509 asr_module.cc:101] Using AsrProcessor.
06-04 05:58:25.864  3388  3509 I native  : I0000 00:00:1780567105.863745    3509 greco_session.cc:283] LP details: [locale: en-us, version: 3072, config file: /data/user/0/com.google.android.tts/files/datadownload/shared/public/datadownloadfile_1772412447971/configs/ONDEVICE_MEDIUM_CONTINUOUS.config, personalized resources dir: <NONE>]
06-04 05:58:25.866  3388  3509 I native  : I0000 00:00:1780567105.866336    3509 greco_session.cc:242] Loaded PipelineDef.
06-04 05:58:25.945   744   773 I mtkpower@impl: [powerd_req] TIMER_MSG_PERF_LOCK_TIMEOUT hdl:2840
06-04 05:58:25.945   744   773 I libPowerHal: [perfLockRel] hdl:2840, idx:0
06-04 05:58:25.990  1061  1072 I ndroid.systemui: Background concurrent mark compact GC freed 92875(4809KB) AllocSpace objects, 0(0B) LOS objects, 49% free, 5165KB/10MB, paused 1.185ms,2.640ms total 138.265ms
06-04 05:58:25.990  1061  1072 W ndroid.systemui: Reducing the number of considered missed Gc histogram windows from 3222 to 100
06-04 05:58:25.994  1061  1074 W System  : A resource failed to call release. 
06-04 05:58:25.995  1061  1074 W System  : A resource failed to call release. 
06-04 05:58:25.995  1061  1074 W System  : A resource failed to call release. 
06-04 05:58:25.995  1061  1074 W System  : A resource failed to call release. 
06-04 05:58:25.995  1061  1074 W System  : A resource failed to call release. 
06-04 05:58:25.995  1061  1074 W System  : A resource failed to call release. 
06-04 05:58:25.995  1061  1074 W System  : A resource failed to call release. 
06-04 05:58:25.995  1061  1074 W System  : A resource failed to call release. 
06-04 05:58:25.995  1061  1074 W System  : A resource failed to call release. 
06-04 05:58:25.995  1061  1074 W System  : A resource failed to call release. 
06-04 05:58:25.995  1061  1074 W System  : A resource failed to call release. 
06-04 05:58:25.995  1061  1074 W System  : A resource failed to call release. 
06-04 05:58:25.995  1061  1074 W System  : A resource failed to call release. 
06-04 05:58:25.995  1061  1074 W System  : A resource failed to call release. 
06-04 05:58:25.995  1061  1074 W System  : A resource failed to call release. 
06-04 05:58:25.995  1061  1074 W System  : A resource failed to call release. 
06-04 05:58:25.995  1061  1074 W System  : A resource failed to call release. 
06-04 05:58:25.995  1061  1074 W System  : A resource failed to call release. 
06-04 05:58:25.995  1061  1074 W System  : A resource failed to call release. 
06-04 05:58:25.995  1061  1074 W System  : A resource failed to call release. 
06-04 05:58:25.995  1061  1074 W System  : A resource failed to call release. 
06-04 05:58:25.995  1061  1074 W System  : A resource failed to call release. 
06-04 05:58:25.995  1061  1074 W System  : A resource failed to call release. 
06-04 05:58:25.995  1061  1074 W System  : A resource failed to call release. 
06-04 05:58:25.995  1061  1074 W System  : A resource failed to call release. 
06-04 05:58:25.995  1061  1074 W System  : A resource failed to call release. 
06-04 05:58:25.995  1061  1074 W System  : A resource failed to call release. 
06-04 05:58:25.995  1061  1074 W System  : A resource failed to call release. 
06-04 05:58:25.995  1061  1074 W System  : A resource failed to call release. 
06-04 05:58:25.995  1061  1074 W System  : A resource failed to call release. 
06-04 05:58:25.995  1061  1074 W System  : A resource failed to call release. 
06-04 05:58:25.995  1061  1074 W System  : A resource failed to call release. 
06-04 05:58:25.995  1061  1074 W System  : A resource failed to call release. 
06-04 05:58:25.995  1061  1074 W System  : A resource failed to call release. 
06-04 05:58:25.995  1061  1074 W System  : A resource failed to call release. 
06-04 05:58:25.995  1061  1074 W System  : A resource failed to call release. 
06-04 05:58:25.996  1061  1074 W System  : A resource failed to call release. 
06-04 05:58:25.996  1061  1074 W System  : A resource failed to call release. 
06-04 05:58:25.996  1061  1074 W System  : A resource failed to call release. 
06-04 05:58:25.996  1061  1074 W System  : A resource failed to call release. 
06-04 05:58:25.996  1061  1074 W System  : A resource failed to call release. 
06-04 05:58:25.996  1061  1074 W System  : A resource failed to call release. 
06-04 05:58:25.996  1061  1074 W System  : A resource failed to call release. 
06-04 05:58:25.996  1061  1074 W System  : A resource failed to call release. 
06-04 05:58:25.996  1061  1074 W System  : A resource failed to call release. 
06-04 05:58:25.996  1061  1074 W System  : A resource failed to call release. 
06-04 05:58:25.996  1061  1074 W System  : A resource failed to call release. 
06-04 05:58:26.129  3388  3509 I native  : I0000 00:00:1780567106.129000    3509 greco_session.cc:265] Initialized ResourceManager.
06-04 05:58:26.129  3388  3509 I native  : I0000 00:00:1780567106.129902    3509 greco_session.cc:277] Initialized GoogleRecognizer.
06-04 05:58:26.134  3388 15585 I SodaMetricsLoggerTiktok: Dropping Soda streamz events due to missing SodaMetricsStreamz. [CONTEXT ratelimit_period="30 SECONDS" skipped=56 ]
06-04 05:58:26.232   744   773 I mtkpower@impl: [powerd_req] TIMER_MSG_PERF_LOCK_TIMEOUT hdl:2836
06-04 05:58:26.232   744   773 I libPowerHal: [perfLockRel] hdl:2836, idx:8
06-04 05:58:26.233   744   773 I mtkpower@impl: [powerd_req] TIMER_MSG_PERF_LOCK_TIMEOUT hdl:2837
06-04 05:58:26.233   744   773 I libPowerHal: [perfLockRel] hdl:2837, idx:9
06-04 05:58:26.287  3388  3509 I native  : I0000 00:00:1780567106.287116    3509 greco_session.cc:484] Domain: CAPTION
06-04 05:58:26.287  3388  3509 I native  : I0000 00:00:1780567106.287378    3509 greco_session.cc:360] Starting session verification
06-04 05:58:26.287  3388  3509 I native  : I0000 00:00:1780567106.287495    3509 greco_session.cc:608] Starting greco session.
06-04 05:58:26.311  3388  3509 I native  : I0000 00:00:1780567106.311123    3509 greco_session.cc:956] Resetting Greco Session with reason: 5
06-04 05:58:26.311  3388  3509 I native  : I0000 00:00:1780567106.311370    3509 greco_session.cc:669] Cancelling session.
06-04 05:58:26.312  3388 15585 I SodaMetricsLoggerTiktok: Dropping Soda generic appflow logs due to missing SodaMetricsAppFlow. [CONTEXT ratelimit_period="30 SECONDS" skipped=17 ]
06-04 05:58:26.314  3388  3509 W native  : W0000 00:00:1780567106.314081    3509 decoder_endpointer_stream.cc:246] Acoustic ep reader thread cancelled.
06-04 05:58:26.314  3388  3509 W native  : W0000 00:00:1780567106.314235    3509 decoder_endpointer_stream.cc:246] Prefetch reader thread cancelled.
06-04 05:58:26.316  3388  3509 I native  : I0000 00:00:1780567106.316126    3509 greco_session.cc:367] Setup completed
06-04 05:58:26.317  3388  3509 I native  : I0000 00:00:1780567106.316988    3509 soda_impl.cc:849] Server ASR Disabled
06-04 05:58:26.317  3388  3509 I native  : I0000 00:00:1780567106.317079    3509 soda_impl.cc:970] Initializing audio logger
06-04 05:58:26.317  3388  3509 I native  : I0000 00:00:1780567106.317118    3509 audio_logging_manager.cc:191] Using in-memory storage due to cache settings.
06-04 05:58:26.317  3388  3509 I native  : I0000 00:00:1780567106.317925    3509 soda_async_impl.cc:515] Will attempt to run SODA at thread priority 10
06-04 05:58:26.318  3388 15604 I native  : I0000 00:00:1780567106.317933   15604 audio_logging_manager.cc:1497] Cleaned storage:OK
06-04 05:58:26.318  3388  3509 I native  : I0000 00:00:1780567106.318569    3509 hybrid_selector_impl.cc:100] HybridSelector: Disabled
06-04 05:58:26.319  3388  3509 I ConcurrentSodaManager: Initialized SODA with status: 0
06-04 05:58:26.320  3388  3509 I ConcurrentSodaManager: #cancelTimeout
06-04 05:58:26.324  3388  4329 I SodaSpeechRecognizer: Offline recognizer - start detection
06-04 05:58:26.325  3388  3623 I ConcurrentSodaManager: #startDetection with input stream
06-04 05:58:26.326  3388  3623 I SodaAudioPusher: channelCount 1, sampleRate 16000
06-04 05:58:26.326  3388  3623 I native  : I0000 00:00:1780567106.326803    3623 soda_client.cc:330] Starting capture.
06-04 05:58:26.327  3388  3623 I native  : I0000 00:00:1780567106.327026    3623 soda_async_impl.cc:629] SODA session starting (require_hotword:0, hotword_timeout_in_millis:0, trigger_type:TRIGGER_TYPE_UNSPECIFIED, hybrid_asr_config.mode:MODE_DEFAULT)
06-04 05:58:26.327  3388  3623 I native  : I0000 00:00:1780567106.327213    3623 hybrid_selector_impl.cc:100] HybridSelector: Disabled
06-04 05:58:26.330  3388 15584 I native  : I0000 00:00:1780567106.330044   15584 hybrid_selector_impl.cc:107] StartSession
06-04 05:58:26.331  3388 15579 I SodaAudioPusher: Starting to push audio to Soda
06-04 05:58:26.332  3388 15584 I native  : I0000 00:00:1780567106.332179   15584 soda_async_impl.cc:1335] SODA received first mic audio buffer, size in bytes: 320, format: 1, channels: 1, sample rate: 16000
06-04 05:58:26.332  3388 15584 I native  : I0000 00:00:1780567106.332430   15584 asr_processor.cc:160] No asr session is active, starting a new one on input audio.
06-04 05:58:26.332  3388 15584 I native  : I0000 00:00:1780567106.332481   15584 longform_greco_session.cc:219] Starting session.
06-04 05:58:26.332  3388 15584 I native  : I0000 00:00:1780567106.332568   15584 greco_session.cc:608] Starting greco session.
06-04 05:58:26.333  3388  4330 I SodaSpeechRecognizer: #handleStart
06-04 05:58:26.334  3388  4330 I ConcurrentSodaManager: #cancelTimeout
06-04 05:58:26.369  1816  1979 W StreamStoreFetchEnablem: Waiting for fetches to be enabled in Broadcast to com.google.android.apps.tv.launcherx.notifications.impl.ChimeNotificationBroadcastReceiver_Receiver com.google.android.apps.tv.launcherx.CHIME_NOTIFICATION -> handleBroadcast -> Refresh trigger: LEGACY_PLAY_NEXT
06-04 05:58:26.371   744   773 I mtkpower@impl: [powerd_req] TIMER_MSG_PERF_LOCK_TIMEOUT hdl:2838
06-04 05:58:26.371   744   773 I libPowerHal: [perfLockRel] hdl:2838, idx:10
06-04 05:58:26.373   744   773 I mtkpower@impl: [powerd_req] TIMER_MSG_PERF_LOCK_TIMEOUT hdl:2839
06-04 05:58:26.373   744   773 I libPowerHal: [perfLockRel] hdl:2839, idx:11
06-04 05:58:26.652  3388  4330 I RecognitionClient: #onStartOfSpeech
06-04 05:58:26.655 11602 11602 I katniss_interactor_AppContextManagerImpl: Timing out. No app context from target app: com.google.android.apps.tv.launcherx
06-04 05:58:26.655  3388  4330 I RecognitionServiceImpl: RecognitionService#onStartOfSpeech
06-04 05:58:26.657  1584  1584 I TvVoiceExtension: TvVoiceExtension$GboardRecognitionListener.onBeginningOfSpeech():542 onBeginningOfSpeech(). Trying to update voice status UI.
06-04 05:58:26.833  3388 15584 I native  : I0000 00:00:1780567106.833400   15584 soda_async_impl.cc:1104] Not receiving any loopback audio in 500ms. Last audio received time: 1969-12-31T19:00:00-05:00, Current time: 2026-06-04T05:58:26.833398562-04:00
06-04 05:58:26.881  3388 15612 I native  : I0000 00:00:1780567106.881834   15612 ondevice_asr_recognizer_callback.cc:178] Final recognition has been created.
06-04 05:58:26.917  3388 15584 I native  : I0000 00:00:1780567106.917234   15584 greco_session.cc:585] GrecoSession HasRecognitionEvent With Final
06-04 05:58:26.917  3388 15584 I native  : I0000 00:00:1780567106.917594   15584 longform_greco_session.cc:539] Audio pin advanced by: 420ms
06-04 05:58:26.917  3388 15584 I native  : I0000 00:00:1780567106.917743   15584 longform_greco_session.cc:474] Longform resets session because this session is 420ms long.
06-04 05:58:26.917  3388 15584 I native  : I0000 00:00:1780567106.917781   15584 greco_session.cc:669] Cancelling session.
06-04 05:58:26.959  3388 15584 W native  : W0000 00:00:1780567106.959093   15584 decoder_endpointer_stream.cc:246] Acoustic ep reader thread cancelled.
06-04 05:58:26.959  3388 15584 W native  : W0000 00:00:1780567106.959230   15584 decoder_endpointer_stream.cc:246] Prefetch reader thread cancelled.
06-04 05:58:26.961  3388 15584 I native  : I0000 00:00:1780567106.961118   15584 greco_session.cc:608] Starting greco session.
06-04 05:58:26.995  3388 15585 I SodaSpeechRecognizer: #handleFinalResult: 1 hyp
06-04 05:58:27.414  3388 15585 I SodaSpeechRecognizer: #handlePartialResult [CONTEXT ratelimit_period="5 SECONDS" skipped=7 ]
06-04 05:58:27.649   744   773 I mtkpower@impl: [powerd_req] TIMER_MSG_PERF_LOCK_TIMEOUT hdl:2841
06-04 05:58:27.649   744   773 I libPowerHal: [perfLockRel] hdl:2841, idx:1
06-04 05:58:27.650   744   773 I libPowerHal: [setClusterFreq]  set cpu_ctrl cpufreq: -1 -1 
06-04 05:58:27.650   744   773 I libPowerHal: [PD] INTERACTION update cmd:1408300 param:0
06-04 05:58:27.756  3388 15631 I native  : I0000 00:00:1780567107.756495   15631 ondevice_asr_recognizer_callback.cc:178] Final recognition has been created.
06-04 05:58:27.773  3388 15584 I native  : I0000 00:00:1780567107.773591   15584 greco_session.cc:585] GrecoSession HasRecognitionEvent With Final
06-04 05:58:27.774  3388 15584 I native  : I0000 00:00:1780567107.773992   15584 longform_greco_session.cc:539] Audio pin advanced by: 1.32s
06-04 05:58:27.774  3388 15584 I native  : I0000 00:00:1780567107.774666   15584 longform_greco_session.cc:474] Longform resets session because this session is 1.32s long.
06-04 05:58:27.774  3388 15584 I native  : I0000 00:00:1780567107.774764   15584 greco_session.cc:669] Cancelling session.
06-04 05:58:27.776  1584  1584 I TvVoiceExtension: TvVoiceExtension$GboardRecognitionListener.onPartialResults():593 onPartialResults()
06-04 05:58:27.777  3388 15584 W native  : W0000 00:00:1780567107.777425   15584 decoder_endpointer_stream.cc:246] Acoustic ep reader thread cancelled.
06-04 05:58:27.777  3388 15584 W native  : W0000 00:00:1780567107.777941   15584 decoder_endpointer_stream.cc:246] Prefetch reader thread cancelled.
06-04 05:58:27.780  3388 15584 I native  : I0000 00:00:1780567107.780454   15584 greco_session.cc:608] Starting greco session.
06-04 05:58:27.831  3388 15585 I SodaSpeechRecognizer: #handleFinalResult: 1 hyp
06-04 05:58:27.914  1488 15577 D AtvRemote.PfdAudioWrapper: Pipe has reached the end of stream
06-04 05:58:27.917  3388 15582 I ALT.BytesAccessorBuffer: #audio# mark buffer(emv@167cf62) closed, available bytes(70400)
06-04 05:58:27.920  3388 15580 W AudioInputStreamProduce: #audio# read failed: read EOF from AudioAccessor.
06-04 05:58:27.920  3388 15579 W AudioInputStreamProduce: #audio# read failed: read EOF from AudioAccessor.
06-04 05:58:27.920  3388 15579 I SodaAudioPusher: Sending end of audio to Soda.
06-04 05:58:27.922  3388 15605 I native  : I0000 00:00:1780567107.922797   15605 audio_provider_reader.cc:179] Got end of data in: micsreader
06-04 05:58:27.923  3388  4329 I SodaSpeechRecognizer: Audio process finished, transcription completed.
06-04 05:58:27.925  3388 15584 I native  : I0000 00:00:1780567107.924967   15584 soda_async_impl.cc:994] SODA stopped processing audio, mics audio processed in millis: 2200, loopback audio processed in millis: 0
06-04 05:58:27.925  3388 15584 I native  : I0000 00:00:1780567107.925300   15584 soda_async_impl.cc:1006] Audio readers are stopped.
06-04 05:58:27.925  3388 15584 I native  : I0000 00:00:1780567107.925762   15584 longform_greco_session.cc:273] Flushing pending events ..
06-04 05:58:27.926  3388 15581 W AudioInputStreamProduce: #audio# read failed: read EOF from AudioAccessor.
06-04 05:58:27.927  3388 15584 I native  : I0000 00:00:1780567107.926075   15584 longform_greco_session.cc:286] Start longform loop on remaining audio: 460ms
06-04 05:58:27.928  3388 15643 W native  : W0000 00:00:1780567107.928705   15643 incremental_result.cc:223] UNKNOWN: Result lattice is not set. [type.googleapis.com/util.ErrorSpacePayload='SpeechErrorSpace::SpeechError(-73542)']
06-04 05:58:27.966  3388 15643 I native  : I0000 00:00:1780567107.966719   15643 ondevice_asr_recognizer_callback.cc:178] Final recognition has been created.
06-04 05:58:27.967  3388 15584 I native  : I0000 00:00:1780567107.967025   15584 greco_session.cc:585] GrecoSession HasRecognitionEvent With Final
06-04 05:58:27.967  3388 15584 I native  : I0000 00:00:1780567107.967437   15584 longform_greco_session.cc:539] Audio pin advanced by: 420ms
06-04 05:58:27.967  3388 15584 I native  : I0000 00:00:1780567107.967658   15584 longform_greco_session.cc:310] Stop looping and end session. Audio left: 40ms
06-04 05:58:27.970  3388  4330 I RecognitionClient: #onEndOfSpeech
06-04 05:58:27.970  3388  4330 I RecognitionServiceImpl: RecognitionService#onEndOfSpeech
06-04 05:58:27.972  1584  1584 I TvVoiceExtension: TvVoiceExtension$GboardRecognitionListener.onEndOfSpeech():556 onEndOfSpeech(). Trying to dismiss voice status UI.
06-04 05:58:27.973  3388 15584 I native  : I0000 00:00:1780567107.973244   15584 longform_greco_session.cc:323] Skipping pending result. Emit only RecognizerLogs.
06-04 05:58:27.973  3388 15584 I native  : I0000 00:00:1780567107.973734   15584 soda_async_impl.cc:1465] Ending ASR due to process sync signal.
06-04 05:58:27.973  3388 15584 I native  : I0000 00:00:1780567107.973815   15584 hybrid_selector_impl.cc:155] EndSession
06-04 05:58:27.973  3388 15584 W native  : W0000 00:00:1780567107.973843   15584 hybrid_selector_impl.cc:157] No active session.
06-04 05:58:27.974  3388 15584 I native  : I0000 00:00:1780567107.974233   15584 greco_session.cc:956] Resetting Greco Session with reason: 5
06-04 05:58:27.974  3388 15584 I native  : I0000 00:00:1780567107.974351   15584 metrics_utils.cc:362] Unhandled metrics event type: SODA_PROCESS_LATENCY
06-04 05:58:27.974  3388 15584 I native  : I0000 00:00:1780567107.974424   15584 soda_async_impl.cc:1069] SODA session stopped due to: MIC_END_OF_DATA
06-04 05:58:27.977  3388  4330 I SodaSpeechRecognizer: #handleStop: MIC_END_OF_DATA
06-04 05:58:27.977  3388  4330 I SodaSpeechRecognizer: #handleStop: scheduleSodaTimeout
06-04 05:58:27.977  3388  4330 I ConcurrentSodaManager: #scheduleTimeout
06-04 05:58:27.978  3388  4330 I Soda    : TTL (0 seconds) reached - run scheduled task
06-04 05:58:27.978  3388  4330 I ConcurrentSodaManager: #disconnect
06-04 05:58:27.978  3388  4330 W ConcurrentSodaManager: Deleting SODA
06-04 05:58:27.981  3388  7448 I cn_CronetUrlRequestContext: destroyNativeStreamLocked org.chromium.net.impl.CronetBidirectionalStream@9969d7c
06-04 05:58:27.983  3388  4329 I FinalS3RespProcessor: Received a final result for a segment, 1 hypothesis
06-04 05:58:27.985  3388  4329 I FinalS3RespProcessor: Received the final result for the recognition
06-04 05:58:27.986  3388  4329 I RecognitionClient: #onResults withSpeech: true
06-04 05:58:27.988  1584  1584 I TvVoiceExtension: TvVoiceExtension$GboardRecognitionListener.onPartialResults():593 onPartialResults()
06-04 05:58:27.988  1584  1584 I TvVoiceExtension: TvVoiceExtension$GboardRecognitionListener.onPartialResults():595 is finalized
06-04 05:58:27.992  3388  4329 I RecognitionClient: #onRecognitionFinished
06-04 05:58:27.992  3388  4329 I RecognitionServiceImpl: RecognitionService#onMicrophoneCloseRequested
06-04 05:58:27.992 14997 14997 E SpannableStringBuilder: SPAN_EXCLUSIVE_EXCLUSIVE spans cannot have a zero length
06-04 05:58:27.992 14997 14997 E SpannableStringBuilder: SPAN_EXCLUSIVE_EXCLUSIVE spans cannot have a zero length
06-04 05:58:27.994  3388  4329 I RecognitionServiceImpl: RecognitionService#onEndRecognitionSession
06-04 05:58:27.994  3388 15581 I ALT.URIAudioSource: #audio# close audio source(epp@22f58f3)
06-04 05:58:27.995  1584  1584 I TvVoiceExtension: TvVoiceExtension$GboardRecognitionListener.onResults():581 SpeechRecognizer.stopListening()
06-04 05:58:27.996   694  2063 I RemoteSpeechRecognitionService: #stopListening called while listening isn't in progress - ignoring.
06-04 05:58:27.996  1584  1584 W TvVoiceExtension: TvVoiceExtension$GboardRecognitionListener.logError():636 Speech Recognizer Error : ERROR_CLIENT
06-04 05:58:27.998  3388  3509 I SodaSpeechRecognizer: Offline recognizer - stop detection
06-04 05:58:27.998  3388  4329 I AudioLibraryAudioContro: Mic closing result: # ekp@7bca4
06-04 05:58:28.000  3388  3509 I ConcurrentSodaManager: #stopDetection
06-04 05:58:28.004 14997 14997 D AutofillManager: view not autofillable - not passing ime action check
06-04 05:58:28.005 14997 14997 D AutofillManager: view not autofillable - not passing ime action check
06-04 05:58:28.006 14997 14997 I ImeTracker: com.privastream.cinema:2773e28f: onRequestHide at ORIGIN_CLIENT_HIDE_SOFT_INPUT reason HIDE_SOFT_INPUT
06-04 05:58:28.009  1584  1584 I GoogleInputMethodService: GoogleInputMethodService.onFinishInputView():1570 onFinishInputView(false)
06-04 05:58:28.010  1584  1584 I AssistClient: AssistClient.onKeyboardClosed():184 voice onKeyboardClosed
06-04 05:58:28.010  1584  1584 I GlobeKeyExtension: GlobeKeyExtension.onDeactivate():144 
06-04 05:58:28.011  1584  1584 I InputBundle: InputBundle.consumeEvent():1032 Skip consuming an event as keyboard status is INACTIVE
06-04 05:58:28.012  1584  1584 I AndroidIME: AbstractIme.onDeactivate():216 LatinTVIme.onDeactivate()
06-04 05:58:28.020 14997 14997 W WindowOnBackDispatcher: sendCancelIfRunning: isInProgress=falsecallback=ImeCallback=ImeOnBackInvokedCallback@94825998 Callback=android.window.IOnBackInvokedCallback$Stub$Proxy@a83b2f8
06-04 05:58:28.028   694  1154 D CoreBackPreview: Window{c72ad52 u0 com.privastream.cinema/com.privastream.cinema.MainActivity}: Setting back callback OnBackInvokedCallbackInfo{mCallback=android.window.IOnBackInvokedCallback$Stub$Proxy@4ccbd27, mPriority=0, mIsAnimationCallback=false}
06-04 05:58:28.031  1488 10740 I AtvRemote.BleRemoteDevice: HTT session initiated
06-04 05:58:28.050 14997 15021 I ReactNativeJS: '[API] Request:', 'GET', 'http://71.9.152.146:8001/api/content/search?q=the&skip=0&limit=30'
06-04 05:58:28.052 14997 14997 D AutofillManager: view not autofillable - not passing ime action check
06-04 05:58:28.053 14997 14997 D AutofillManager: view not autofillable - not passing ime action check
06-04 05:58:28.054 14997 14997 I ImeTracker: com.privastream.cinema:375ba528: onRequestHide at ORIGIN_CLIENT_HIDE_SOFT_INPUT reason HIDE_SOFT_INPUT
06-04 05:58:28.056   694  2063 I ImeTracker: com.privastream.cinema:375ba528: onCancelled at PHASE_SERVER_SHOULD_HIDE
06-04 05:58:28.058   744   773 I libPowerHal: [perfLockAcq] idx:0 hdl:2842 hint:50 pid:744 tid:744 duration:300 lock_user:vendor.mediatek => ret_hdl:2842
06-04 05:58:28.058   744   773 I libPowerHal: [setClusterFreq] INTERACTION set cpufreq[0] min:2000000 max:-1 
06-04 05:58:28.058   744   773 I libPowerHal: [setClusterFreq]  set cpu_ctrl cpufreq: 2000000 -1 
06-04 05:58:28.058   744   773 I libPowerHal: [PE] INTERACTION update cmd:1408300, param:100
06-04 05:58:28.063 11602 11635 I katniss_interactor_AppFlowEventHandlerInteractor: AppFlowEvent: PT11H35M37.422886716S, 1, ASSISTANT_TV_INTERACTION_FROM_NEAR_FIELD, interactionId=be426936-6573-480e-a38c-d24807ee7e62
06-04 05:58:28.063 11602 11635 I katniss_interactor_AppFlowEventHandlerInteractor: AppFlowEvent: PT11H35M37.422886716S, 2, BUTTON_PRESSED_WITH_ATV_REMOTE_SERVICE_TIMESTAMP, interactionId=be426936-6573-480e-a38c-d24807ee7e62
06-04 05:58:28.070 11602 11602 I katniss_interactor_KatnissVoiceInteractionServicePeer: #onStartCommand
06-04 05:58:28.072 11602 11602 I katniss_interactor_KatnissVoiceInteractionUtilsImpl: #launchVoiceInteraction intent action android.intent.action.ASSIST
06-04 05:58:28.073 11602 11602 I katniss_interactor_FindForegroundAppUtils: Insufficient extras; can't get foreground app from Bundle[{search_type=1, SHOW_SESSION_ARGS=Bundle[{AUDIO_STREAM_KEY=AudioStream{directAudioStream=null, indirectAudioStream=wvi@3b3be4d, channelCount=1, bitsPerSample=16, sampleRate=16000, interactionModel=2}}], android.intent.extra.TIME=41737422, android.service.voice.SHOW_SESSION_ID=5, android.intent.extra.KEY_EVENT=219, invocation_phone_state=9, invocation_time_ms=41737435}]
06-04 05:58:28.075 11602 11602 I katniss_interactor_FindForegroundAppUtils: Foreground app name from running tasks: com.privastream.cinema
06-04 05:58:28.075  1816  1816 W KatnissIntegrationServi: Unhandled message (type=3) due to null reference to Katniss service messenger
06-04 05:58:28.075 11602 11635 I katniss_interactor_AppFlowEventHandlerInteractor: AppFlowEvent: PT11H35M37.463076177S, 2, OPA_TV_INVOCATION_START, interactionId=be426936-6573-480e-a38c-d24807ee7e62
06-04 05:58:28.075 11602 11602 I katniss_interactor_KatnissVoiceInteractionUtilsImpl: Not in LauncherX kids mode or privacy mode.
06-04 05:58:28.075 11602 11602 W katniss_interactor_KatnissVoiceInteractionUtilsImpl: Gemini enabled : true, geminiChatDeviceEligible: true, geminiChatSetupRequired : false, geminiChatSetupDeeplink : , disabledReason: 
06-04 05:58:28.075 11602 11637 I katniss_interactor_AppFlowEventHandlerInteractor: AppFlowEvent: PT11H35M37.462941562S, 1, OPA_TV_VOICE_CLIENT_INTERACTION_START, interactionId=be426936-6573-480e-a38c-d24807ee7e62
06-04 05:58:28.076 11602 11602 I katniss_interactor_KatnissVoiceInteractionUtilsImpl: Mic button press count: 0
06-04 05:58:28.076 11602 11602 I katniss_interactor_KatnissVoiceInteractionUtilsImpl: #launchVoicePlate in UI thread.
06-04 05:58:28.076 11602 11602 I katniss_interactor_HoverActivityThreadImpl: #start handleNewIntentActivity
06-04 05:58:28.077 11602 11602 I katniss_interactor_VoicePlateActivity: onStart
06-04 05:58:28.077 11602 11602 I katniss_interactor_VoicePlateActivity: #setup
06-04 05:58:28.078 11602 11637 I katniss_interactor_AppFlowEventHandlerInteractor: AppFlowEvent: PT11H35M37.467665408S, 2, VOICE_PLATE_ENTRANCE_ANIMATION_START_GIA_CHAT, interactionId=be426936-6573-480e-a38c-d24807ee7e62
06-04 05:58:28.079 11602 11635 I katniss_interactor_AppFlowEventHandlerInteractor: AppFlowEvent: PT11H35M37.468272023S, 2, SEARCHBAR_STATE_UPDATE_START, interactionId=be426936-6573-480e-a38c-d24807ee7e62
06-04 05:58:28.082 11602 11602 I katniss_interactor_KatnissAppFlowLoggerInteractor: AppFlowEvent: PT11H35M37.470091793S, EVENT_TYPE_START, VOICE_SEARCH_START, internalRequestId=6008899663443349665
06-04 05:58:28.083 11602 11602 I katniss_interactor_AssistantInvocationStateAnnouncerImpl: setInvocationType: INVOCATION_TYPE_NOT_INVOKED -> INVOCATION_TYPE_INTENT
06-04 05:58:28.084 11602 11635 I katniss_interactor_AppFlowEventHandlerInteractor: AppFlowEvent: PT11H35M37.468731716S, 3, SEARCHBAR_STATE_LISTENING, interactionId=be426936-6573-480e-a38c-d24807ee7e62
06-04 05:58:28.085 14997 15529 I AssistStructure: Flattened final assist data: 1084 bytes, containing 1 windows, 17 views
06-04 05:58:28.085 11602 11637 I katniss_interactor_AppFlowEventHandlerInteractor: AppFlowEvent: PT11H35M37.473255793S, 2, APP_START_EVENT, interactionId=be426936-6573-480e-a38c-d24807ee7e62
06-04 05:58:28.086 11602 11637 I katniss_interactor_AppFlowEventHandlerInteractor: AppFlowEvent: PT11H35M37.474121639S, 2, ASSISTANT_INVOKED_EVENT, interactionId=be426936-6573-480e-a38c-d24807ee7e62
06-04 05:58:28.086 11602 11637 I katniss_interactor_AppFlowEventHandlerInteractor: AppFlowEvent: PT11H35M37.474192947S, 2, ASSISTANT_REQUEST_INTENT_RECEIVED, interactionId=be426936-6573-480e-a38c-d24807ee7e62
06-04 05:58:28.089 11602 11635 I katniss_interactor_KatnissVoiceInteractionUtilsImpl: voice session type in the audio stream: 4
06-04 05:58:28.091 11602 11635 I assistant: [INFO:hvc_manager_native.cc(482)] StopAudioInput:1
06-04 05:58:28.092 11602 11668 W native  : W0000 00:00:1780567108.092011   11668 android_audio_input.cc:247] StopCapture: Cannot stop capture, nothing is running!
06-04 05:58:28.092 11602 11635 I katniss_interactor_AssistantWrapperImpl: start audio input to libassistant
06-04 05:58:28.092 11602 11635 I cr_AssistantManagerNative: startAudioInput: micType= NEAR_FIELD captureSessionId=-1 audioFd=93
06-04 05:58:28.092 11602 11635 I assistant: [INFO:hvc_manager_native.cc(469)] StartAudioInput:1 capture_session_id: -1 fd: 93
06-04 05:58:28.093 11602 11668 I cr_AudioInput(0:6): Ctor: deviceType= 0 source=6 sampleRate=16000 channels=1 bytesPerSample=2 dspCaptureSession=-1 FD=93 skipLeadingZerosConfig=false
06-04 05:58:28.093 11602 11635 I katniss_interactor_KatnissVoiceInteractionUtilsImpl: #startAssistantInteraction succeeded with intent: android.intent.action.ASSIST
06-04 05:58:28.095 11602 11635 I katniss_interactor_AppFlowEventHandlerInteractor: AppFlowEvent: PT11H35M37.483250716S, 2, MIC_OPEN_EVENT, interactionId=be426936-6573-480e-a38c-d24807ee7e62
06-04 05:58:28.095 11602 11687 W native  : W0000 00:00:1780567108.095206   11687 phenotype_impl.cc:1843] GetServerTriggerTokens: Some packages' data could not be read
06-04 05:58:28.095 11602 11687 W native  : W0000 00:00:1780567108.095339   11687 phenotype_impl.cc:1843] GetServerTriggerTokens: Some packages' data could not be read
06-04 05:58:28.095 11602 11635 I katniss_interactor_AppFlowEventHandlerInteractor: AppFlowEvent: PT11H35M37.484478177S, 2, ASSISTANT_TV_INVOCATION_FINISHED, interactionId=be426936-6573-480e-a38c-d24807ee7e62
06-04 05:58:28.098 11602 11637 I katniss_interactor_HotwordUtilsImpl: Checking for LowPowerStandby, isKatnissExempt=true, isHardwareHotwordAllowed=true
06-04 05:58:28.104 11602 11734 V ClearcutMetricXmitter: Transmission is done.
06-04 05:58:28.111 11602 11701 W AudioManager: Use of stream types is deprecated for operations other than volume control
06-04 05:58:28.111 11602 11701 W AudioManager: See the documentation of requestAudioFocus() for what to use instead with android.media.AudioAttributes to qualify your playback use case
06-04 05:58:28.112   694  1052 I MediaFocusControl: requestAudioFocus() from uid/pid 10064/11602 AA=USAGE_MEDIA/CONTENT_TYPE_MUSIC clientId=android.media.AudioManager@ca5ce72 callingPack=com.google.android.katniss req=3 flags=0x0 sdk=36
06-04 05:58:28.113   694  1052 I AudioService.FadeOutManager: unfadeOutUid() uid:10064
06-04 05:58:28.116 11602 15549 E OpenGLRenderer: Unable to match the desired swap behavior.
06-04 05:58:28.119  1488 15651 D AtvRemote.PfdAudioWrapper: Pipe has reached the end of stream
06-04 05:58:28.120 11602 11668 W cr_AudioInput(0:6): [1] ReadBufferFromAudioFD: got only -1/640
06-04 05:58:28.120 11602 11668 W cr_AudioInput(0:6): [2] Audio capture needs restart
06-04 05:58:28.120 11602 11668 I cr_AudioInput(0:6): Stopping recording
06-04 05:58:28.120 11602 11668 I cr_AudioInput(0:6): totalMsRead=0
06-04 05:58:28.131 11602 15550 I katniss_interactor_KatnissAppFlowLoggerInteractor: AppFlowEvent: PT11H35M37.52156787S, EVENT_TYPE_START, OPERATOR_API_START, internalRequestId=1433832837750516767
06-04 05:58:28.139 11602 15550 I katniss_interactor_KatnissAppFlowLoggerInteractor: AppFlowEvent: PT11H35M37.524686408S, EVENT_TYPE_MILESTONE, OPERATOR_API_CONNECTION_ESTABLISHED_START, internalRequestId=1433832837750516767
06-04 05:58:28.141 11602 15550 I katniss_interactor_KatnissAppFlowLoggerInteractor: AppFlowEvent: PT11H35M37.5316921S, EVENT_TYPE_MILESTONE, OPERATOR_API_CONNECTION_ESTABLISHED_END, internalRequestId=1433832837750516767
06-04 05:58:28.144   744   773 I libPowerHal: [perfLockAcq] idx:1 hdl:2843 hint:50 pid:744 tid:744 duration:2000 lock_user:vendor.mediatek => ret_hdl:2843
06-04 05:58:28.144   744   773 I libPowerHal: [setClusterFreq] INTERACTION set cpufreq[0] min:2000000 max:-1 
06-04 05:58:28.142 11602 15550 I katniss_interactor_KatnissAppFlowLoggerInteractor: AppFlowEvent: PT11H35M37.532925947S, EVENT_TYPE_END, OPERATOR_API_END, internalRequestId=1433832837750516767
06-04 05:58:28.148 11602 11637 I katniss_interactor_UiClientOpHandler: GetConversationParams starts
06-04 05:58:28.164 11602 11734 V ClearcutMetricXmitter: Transmission is done.
06-04 05:58:28.170 11602 11637 I katniss_interactor_FindForegroundAppUtils: Foreground app name from running tasks: com.privastream.cinema
06-04 05:58:28.170 11602 11637 I katniss_interactor_UiClientOpHandler: Fetched foregroundAppPackage: com.privastream.cinema
06-04 05:58:28.180   694   694 W NotificationHistory: Attempted to add notif for locked/gone/disabled user 0
06-04 05:58:28.197 11602 11637 I katniss_interactor_AppFlowEventHandlerInteractor: AppFlowEvent: PT11H35M37.584987023S, 2, QUICK_RELEASE_DETECTED, interactionId=be426936-6573-480e-a38c-d24807ee7e62
06-04 05:58:28.198 11602 11637 I katniss_interactor_AppFlowEventHandlerInteractor: AppFlowEvent: PT11H35M37.585625793S, 2, SEARCHBAR_STATE_UPDATE_START, interactionId=be426936-6573-480e-a38c-d24807ee7e62
06-04 05:58:28.198 11602 11637 I katniss_interactor_AppFlowEventHandlerInteractor: AppFlowEvent: PT11H35M37.5866791S, 3, SEARCHBAR_STATE_IDLE, interactionId=be426936-6573-480e-a38c-d24807ee7e62
06-04 05:58:28.198 11602 11637 I katniss_interactor_AppFlowEventHandlerInteractor: AppFlowEvent: PT11H35M37.587377562S, 2, VPA_VISIBLE_EVENT_GIA_CHAT, interactionId=be426936-6573-480e-a38c-d24807ee7e62
06-04 05:58:28.200   694  2893 I ImeTracker: com.google.android.katniss:3211c3fd: onRequestHide at ORIGIN_SERVER_HIDE_INPUT reason HIDE_UNSPECIFIED_WINDOW
06-04 05:58:28.200   694  2893 I ImeTracker: com.google.android.katniss:3211c3fd: onCancelled at PHASE_SERVER_SHOULD_HIDE
06-04 05:58:28.212  1584  1584 I GoogleInputMethodService: GoogleInputMethodService.onFinishInput():2084 
06-04 05:58:28.213  1584  1584 I Module  : DeviceLockedStatusModuleProvider$Module.updateDeviceLockedStatus():101 repeatCheckTimes = 0, locked = false
06-04 05:58:28.214  1584  1584 I GoogleInputMethodService: GoogleInputMethodService.onStartInput():1345 onStartInput(EditorInfo{EditorInfo{packageName=com.google.android.katniss, inputType=0, inputTypeString=NULL, enableLearning=false, autoCorrection=false, autoComplete=false, imeOptions=0, privateImeOptions=null, actionName=UNSPECIFIED, actionLabel=null, initialSelStart=-1, initialSelEnd=-1, initialCapsMode=0, label=null, fieldId=0, fieldName=null, extras=null, hintText=null, hintLocales=[]}}, false)
06-04 05:58:28.217   694  1052 W PackageConfigPersister: App-specific configuration not found for packageName: com.google.android.katniss and userId: 0
06-04 05:58:28.218  1584  1584 I Module  : DeviceLockedStatusModuleProvider$Module.updateDeviceLockedStatus():101 repeatCheckTimes = 1, locked = false
06-04 05:58:28.227 14997 14997 I ImeTracker: com.privastream.cinema:2773e28f: onCancelled at PHASE_CLIENT_ANIMATION_CANCEL
06-04 05:58:28.228 14997 14997 I ImeTracker: com.privastream.cinema:f54dbd77: onRequestHide at ORIGIN_CLIENT_HIDE_SOFT_INPUT reason HIDE_SOFT_INPUT_BY_INSETS_API
06-04 05:58:28.229 14997 14997 I ImeTracker: com.privastream.cinema:f54dbd77: onFailed at PHASE_CLIENT_VIEW_SERVED
06-04 05:58:28.230  3388  4330 I native  : I0000 00:00:1780567108.230155    4330 soda_async_impl.cc:1146] Deleted soda_impl.
06-04 05:58:28.230  3388 15585 I native  : I0000 00:00:1780567108.230467   15585 soda_jni_event_delegate.cc:96] Done
06-04 05:58:28.231  3388  4330 I native  : I0000 00:00:1780567108.231274    4330 enrollment_manager_impl.cc:2305] Shutting down ..
06-04 05:58:28.242 11602 11734 V ClearcutMetricXmitter: Transmission is done.
06-04 05:58:28.289   744   753 I mtkpower@impl: [setMode] type:6, enabled:0
06-04 05:58:28.289   744   753 E mtkpower@impl: [setMode] unknown type
06-04 05:58:28.359   744   773 I mtkpower@impl: [powerd_req] TIMER_MSG_PERF_LOCK_TIMEOUT hdl:2842
06-04 05:58:28.359   744   773 I libPowerHal: [perfLockRel] hdl:2842, idx:0
06-04 05:58:28.439   744   753 I mtkpower@impl: [setMode] type:6, enabled:1
06-04 05:58:28.439   744   753 E mtkpower@impl: [setMode] unknown type
06-04 05:58:28.619 11602 11635 I katniss_interactor_AppFlowEventHandlerInteractor: AppFlowEvent: PT11H35M38.009383023S, 2, VOICE_PLATE_ENTRANCE_ANIMATION_END_GIA_CHAT, interactionId=be426936-6573-480e-a38c-d24807ee7e62
06-04 05:58:28.706   744   753 I mtkpower@impl: [setMode] type:6, enabled:0
06-04 05:58:28.706   744   753 E mtkpower@impl: [setMode] unknown type
