06-04 05:58:21.693 11602 11672 I katniss_interactor_LibAssistantAppFlowLogger: LibAssistant AppFlow event will be ignored: LIBAS_S3_TRANSPORT_CREATED. Failed to get corresponding Katniss AppFlow event
06-04 05:58:21.693 11602 11672 I katniss_interactor_LibAssistantAppFlowLogger: AppFlowEvent: PT11H35M31.076180254S, EVENT_TYPE_MILESTONE, LIBAS_START_OF_SPEECH_ESTIMATION, libAssistantRequestId=f7ae1f71-5ad1-4d05-9300-9c638f04e2bc, assistantServerEventId=-1
06-04 05:58:21.695 11602 11637 I katniss_interactor_AppFlowEventHandlerInteractor: AppFlowEvent: PT11H35M31.076180254S, 2, LIBAS_START_OF_SPEECH_ESTIMATION, interactionId=89b470bb-785a-4a86-9f3e-ab8e452bf977
06-04 05:58:21.697 11602 11672 I katniss_interactor_LibAssistantAppFlowLogger: AppFlowEvent: PT11H35M31.076192562S, EVENT_TYPE_MILESTONE, LIBAS_VOICE_INTERACTION_FROM_TAP, libAssistantRequestId=f7ae1f71-5ad1-4d05-9300-9c638f04e2bc, assistantServerEventId=-1
06-04 05:58:21.698 11602 11635 I katniss_interactor_AppFlowEventHandlerInteractor: AppFlowEvent: PT11H35M31.076192562S, 2, LIBAS_VOICE_INTERACTION_FROM_TAP, interactionId=89b470bb-785a-4a86-9f3e-ab8e452bf977
06-04 05:58:21.701 11602 11673 I katniss_interactor_KatnissVoiceInteractionUtilsImpl: Not in LauncherX kids mode or privacy mode.
06-04 05:58:21.702 11602 11673 W katniss_interactor_KatnissVoiceInteractionUtilsImpl: Gemini enabled : true, geminiChatDeviceEligible: true, geminiChatSetupRequired : false, geminiChatSetupDeeplink : , disabledReason: 
06-04 05:58:21.702 11602 11621 V ClearcutMetricXmitter: Transmission is done.
06-04 05:58:21.702 11602 11673 I katniss_interactor_KatnissVoiceInteractionUtilsImpl: Mic button press count: 0
06-04 05:58:21.703 11602 11673 I katniss_interactor_ScreenOffModeAudioPolicyEnforcerImpl: setIsAssistantResponding(true)
06-04 05:58:21.705 11602 11673 I katniss_interactor_KatnissAppFlowLoggerInteractor: AppFlowEvent: PT11H35M31.095440715S, EVENT_TYPE_START, SEARCHBAR_STATE_UPDATE_START, internalRequestId=1017644764617442922
06-04 05:58:21.708 11602 11635 I katniss_interactor_AppFlowEventHandlerInteractor: AppFlowEvent: PT11H35M31.098488408S, 2, ASSISTANT_LISTENING_EVENT, interactionId=89b470bb-785a-4a86-9f3e-ab8e452bf977
06-04 05:58:21.708 11602 11635 I katniss_interactor_AppFlowEventHandlerInteractor: AppFlowEvent: PT11H35M31.098619485S, 2, QUERY_DURATION_START, interactionId=89b470bb-785a-4a86-9f3e-ab8e452bf977
06-04 05:58:21.709 11602 11635 I katniss_interactor_AppFlowEventHandlerInteractor: AppFlowEvent: PT11H35M31.099928254S, 2, SEARCHBAR_STATE_UPDATE_START, interactionId=89b470bb-785a-4a86-9f3e-ab8e452bf977
06-04 05:58:21.712 11602 11621 V ClearcutMetricXmitter: Transmission is done.
06-04 05:58:21.713 11602 11635 I katniss_interactor_AppFlowEventHandlerInteractor: AppFlowEvent: PT11H35M31.1033991S, 3, SEARCHBAR_STATE_LISTENING, interactionId=89b470bb-785a-4a86-9f3e-ab8e452bf977
06-04 05:58:21.713 11602 11668 W cr_AudioInput(0:6): [3] ReadBufferFromAudioFD: got only 160/640
06-04 05:58:21.714 11602 11673 I katniss_interactor_KatnissConversationStateListenerImpl: OnConversationTurnStarted complete
06-04 05:58:21.715 11602 11672 I katniss_interactor_LibAssistantAppFlowLogger: AppFlowEvent: PT11H35M31.0762841S, EVENT_TYPE_MILESTONE, LIBAS_S3_TRANSPORT_STARTED, libAssistantRequestId=f7ae1f71-5ad1-4d05-9300-9c638f04e2bc, assistantServerEventId=-1
06-04 05:58:21.715 11602 11672 I katniss_interactor_LibAssistantAppFlowLogger: LibAssistant AppFlow event will be ignored: LIBAS_S3_TRANSPORT_STARTED. Failed to get corresponding Katniss AppFlow event
06-04 05:58:21.715 11602 11672 I katniss_interactor_LibAssistantAppFlowLogger: AppFlowEvent: PT11H35M31.077221946S, EVENT_TYPE_MILESTONE, LIBAS_S3_INITIAL_REQUEST_BUILT, libAssistantRequestId=f7ae1f71-5ad1-4d05-9300-9c638f04e2bc, assistantServerEventId=-1
06-04 05:58:21.716 11602 11672 I katniss_interactor_LibAssistantAppFlowLogger: LibAssistant AppFlow event will be ignored: LIBAS_S3_INITIAL_REQUEST_BUILT. Failed to get corresponding Katniss AppFlow event
06-04 05:58:21.716 11602 11672 I katniss_interactor_LibAssistantAppFlowLogger: AppFlowEvent: PT11H35M31.076845485S, EVENT_TYPE_MILESTONE, LIBAS_S3_INITIAL_REQUEST_SENT, libAssistantRequestId=f7ae1f71-5ad1-4d05-9300-9c638f04e2bc, assistantServerEventId=-1
06-04 05:58:21.719 11602 11637 I katniss_interactor_AppFlowEventHandlerInteractor: AppFlowEvent: PT11H35M31.076845485S, 2, LIBAS_S3_INITIAL_REQUEST_SENT, interactionId=89b470bb-785a-4a86-9f3e-ab8e452bf977
06-04 05:58:21.723 11602 11621 V ClearcutMetricXmitter: Transmission is done.
06-04 05:58:21.724 11602 11621 V ClearcutMetricXmitter: Transmission is done.
06-04 05:58:21.733 11602 11668 W cr_AudioInput(0:6): [4] ReadBufferFromAudioFD: got only 160/640
06-04 05:58:21.752 11602 11668 W cr_AudioInput(0:6): [5] ReadBufferFromAudioFD: got only 160/640
06-04 05:58:21.795   518   534 I Hw_Cec  : [HwCecMessage] Tx: 8c
06-04 05:58:21.869 11602 11635 I katniss_interactor_AppFlowEventHandlerInteractor: AppFlowEvent: PT11H35M31.259247946S, 2, VOICE_PLATE_ENTRANCE_ANIMATION_END_GIA_CHAT, interactionId=89b470bb-785a-4a86-9f3e-ab8e452bf977
06-04 05:58:21.961   508   589 I StreamOutMSDHAL: standby(), halRequest:0 this:0xdef01dc0 
06-04 05:58:21.968   744   753 I mtkpower@impl: [setMode] type:6, enabled:0
06-04 05:58:21.968   744   753 E mtkpower@impl: [setMode] unknown type
06-04 05:58:22.010  1488 15544 D AtvRemote.PfdAudioWrapper: Pipe has reached the end of stream
06-04 05:58:22.011 11602 11668 I cr_AudioInput(0:6): Stopping recording
06-04 05:58:22.011 11602 11668 I cr_AudioInput(0:6): totalMsRead=1250
06-04 05:58:22.120 11602 11672 I katniss_interactor_LibAssistantAppFlowLogger: AppFlowEvent: PT11H35M31.5100831S, EVENT_TYPE_MILESTONE, LIBAS_S3_CONNECTION_UP, libAssistantRequestId=f7ae1f71-5ad1-4d05-9300-9c638f04e2bc, assistantServerEventId=-1
06-04 05:58:22.120 11602 11635 I katniss_interactor_AppFlowEventHandlerInteractor: AppFlowEvent: PT11H35M31.5100831S, 2, LIBAS_S3_CONNECTION_UP, interactionId=89b470bb-785a-4a86-9f3e-ab8e452bf977
06-04 05:58:22.200 11602 11687 W native  : W0000 00:00:1780567102.200390   11687 s3client_delegate.cc:34] OnDeviceArbitrationResponse received but not explicitly handled.
06-04 05:58:22.266 11602 11672 I katniss_interactor_LibAssistantAppFlowLogger: AppFlowEvent: PT11H35M31.656372177S, EVENT_TYPE_MILESTONE, LIBAS_S3_ENDPOINTER_RECEIVED, libAssistantRequestId=f7ae1f71-5ad1-4d05-9300-9c638f04e2bc, assistantServerEventId=-1
06-04 05:58:22.266 11602 11635 I katniss_interactor_AppFlowEventHandlerInteractor: AppFlowEvent: PT11H35M31.656372177S, 2, LIBAS_S3_ENDPOINTER_RECEIVED, interactionId=89b470bb-785a-4a86-9f3e-ab8e452bf977
06-04 05:58:22.530 11602 11687 W native  : W0000 00:00:1780567102.530896   11687 response_handler.cc:608] Final recognition returned empty text
06-04 05:58:22.531 11602 11687 W native  : W0000 00:00:1780567102.531314   11687 s3session.cc:1995] SpeechRecognitionActivity: Final recognition result has no recognized speech for voice request.
06-04 05:58:22.531 11602 11687 W native  : W0000 00:00:1780567102.531587   11687 publisher.cc:36] [FTL] No subscribers for event "hvc.api.events.RecognitionEvent" from publisher "S3Session"
06-04 05:58:22.531 11602 11673 E native  : E0000 00:00:1780567102.531261   11673 appflow_event_store.cc:143] Event to be added has future timestamp: LIBAS_S3_TRUE_END_OF_QUERY_ESTIMATION
06-04 05:58:22.532 11602 11672 I katniss_interactor_LibAssistantAppFlowLogger: AppFlowEvent: PT11H35M32.230626562S, EVENT_TYPE_MILESTONE, LIBAS_S3_TRUE_END_OF_QUERY_ESTIMATION, libAssistantRequestId=f7ae1f71-5ad1-4d05-9300-9c638f04e2bc, assistantServerEventId=-1
06-04 05:58:22.532 11602 11673 I katniss_interactor_KatnissConversationStateListenerImpl: #onRecognitionStateChanged : state[STARTED] : result[recognized_speech: "", high_confidence_text: "", low_confidence_text: "", language: "", language_confidence: 1.0].
06-04 05:58:22.534 11602 11635 I katniss_interactor_AppFlowEventHandlerInteractor: AppFlowEvent: PT11H35M32.230626562S, 2, LIBAS_S3_TRUE_END_OF_QUERY_ESTIMATION, interactionId=89b470bb-785a-4a86-9f3e-ab8e452bf977
06-04 05:58:22.534 11602 11673 I katniss_interactor_KatnissConversationStateListenerImpl: #onRecognitionStateChanged : state[FINAL_RESULT] : result[recognized_speech: "", high_confidence_text: "", low_confidence_text: "", language: "en-us", language_confidence: 1.0].
06-04 05:58:22.535 11602 11673 I katniss_interactor_KatnissAppFlowLoggerInteractor: AppFlowEvent: PT11H35M31.925766869S, EVENT_TYPE_START, SEARCHBAR_STATE_UPDATE_START, internalRequestId=2932581257644535373
06-04 05:58:22.535 11602 11635 I katniss_interactor_AppFlowEventHandlerInteractor: AppFlowEvent: PT11H35M31.9249841S, 2, RECOGNITION_STARTED_EVENT_RECEIVED, interactionId=89b470bb-785a-4a86-9f3e-ab8e452bf977
06-04 05:58:22.536 11602 11673 I assistant: [INFO:hvc_manager_native.cc(482)] StopAudioInput:1
06-04 05:58:22.536 11602 11635 I katniss_interactor_AppFlowEventHandlerInteractor: AppFlowEvent: PT11H35M31.925033408S, 2, START_QUERY_RECORDING_EVENT, interactionId=89b470bb-785a-4a86-9f3e-ab8e452bf977
06-04 05:58:22.536 11602 11668 W native  : W0000 00:00:1780567102.536151   11668 android_audio_input.cc:247] StopCapture: Cannot stop capture, nothing is running!
06-04 05:58:22.536 11602 11637 I katniss_interactor_AppFlowEventHandlerInteractor: AppFlowEvent: PT11H35M31.925435254S, 2, FINAL_RECOGNITION_RESULT_RECEIVED_VOICE_PLATE, interactionId=89b470bb-785a-4a86-9f3e-ab8e452bf977
06-04 05:58:22.536 11602 11637 I katniss_interactor_AppFlowEventHandlerInteractor: AppFlowEvent: PT11H35M31.926118715S, 2, FINAL_RECOGNITION_RESULT_RECEIVED, interactionId=89b470bb-785a-4a86-9f3e-ab8e452bf977
06-04 05:58:22.536 11602 11637 I katniss_interactor_AppFlowEventHandlerInteractor: AppFlowEvent: PT11H35M31.926180331S, 2, QUERY_RECOGNIZED_EVENT, interactionId=89b470bb-785a-4a86-9f3e-ab8e452bf977
06-04 05:58:22.536 11602 11639 E katniss_interactor_GenericAppFlowLogger: Event logging failed: loggerId=1357, eventId=420, mobilespecId=1357, productId=0
06-04 05:58:22.536 11602 11639 E katniss_interactor_GenericAppFlowLogger: java.lang.IllegalArgumentException: Timestamp of the event being logged is in the future. If this is happening in test, advance the test clock so that the event timestamp would be in the past.
06-04 05:58:22.536 11602 11639 E katniss_interactor_GenericAppFlowLogger: 	at str.a(PG:322)
06-04 05:58:22.536 11602 11639 E katniss_interactor_GenericAppFlowLogger: 	at yse.a(PG:17)
06-04 05:58:22.536 11602 11639 E katniss_interactor_GenericAppFlowLogger: 	at abtv.e(PG:3)
06-04 05:58:22.536 11602 11639 E katniss_interactor_GenericAppFlowLogger: 	at abtx.run(PG:47)
06-04 05:58:22.536 11602 11639 E katniss_interactor_GenericAppFlowLogger: 	at abxs.run(PG:3)
06-04 05:58:22.536 11602 11639 E katniss_interactor_GenericAppFlowLogger: 	at abxt.run(PG:64)
06-04 05:58:22.536 11602 11639 E katniss_interactor_GenericAppFlowLogger: 	at myd.run(PG:7)
06-04 05:58:22.536 11602 11639 E katniss_interactor_GenericAppFlowLogger: 	at abjm.run(PG:44)
06-04 05:58:22.536 11602 11639 E katniss_interactor_GenericAppFlowLogger: 	at mxl.run(PG:83)
06-04 05:58:22.536 11602 11639 E katniss_interactor_GenericAppFlowLogger: 	at java.lang.Thread.run(Thread.java:1012)
06-04 05:58:22.536 11602 11639 E katniss_interactor_GenericAppFlowLogger: 	at mzj.run(PG:61)
06-04 05:58:22.536 11602 11637 I katniss_interactor_AppFlowEventHandlerInteractor: AppFlowEvent: PT11H35M31.926318177S, 2, EMPTY_QUERY, interactionId=89b470bb-785a-4a86-9f3e-ab8e452bf977
06-04 05:58:22.537 11602 11635 I katniss_interactor_AppFlowEventHandlerInteractor: AppFlowEvent: PT11H35M31.926161331S, 2, QUERY_DURATION_END, interactionId=89b470bb-785a-4a86-9f3e-ab8e452bf977
06-04 05:58:22.538 11602 11672 I katniss_interactor_LibAssistantAppFlowLogger: AppFlowEvent: PT11H35M31.922462715S, EVENT_TYPE_MILESTONE, LIBAS_S3_FINAL_RECOGNITION, libAssistantRequestId=f7ae1f71-5ad1-4d05-9300-9c638f04e2bc, assistantServerEventId=-1
06-04 05:58:22.538 11602 11637 I katniss_interactor_AppFlowEventHandlerInteractor: AppFlowEvent: PT11H35M31.922462715S, 2, LIBAS_S3_FINAL_RECOGNITION, interactionId=89b470bb-785a-4a86-9f3e-ab8e452bf977
06-04 05:58:22.542 11602 11621 V ClearcutMetricXmitter: Transmission is done.
06-04 05:58:22.564 11602 11637 I katniss_interactor_AppFlowEventHandlerInteractor: AppFlowEvent: PT11H35M31.954992177S, 2, SEARCHBAR_STATE_UPDATE_START, interactionId=89b470bb-785a-4a86-9f3e-ab8e452bf977
06-04 05:58:22.566 11602 11637 I katniss_interactor_AppFlowEventHandlerInteractor: AppFlowEvent: PT11H35M31.956656408S, 3, SEARCHBAR_STATE_SPEAKING, interactionId=89b470bb-785a-4a86-9f3e-ab8e452bf977
06-04 05:58:22.570 11602 11621 V ClearcutMetricXmitter: Transmission is done.
06-04 05:58:22.589   744   753 I mtkpower@impl: [setMode] type:6, enabled:1
06-04 05:58:22.589   744   753 E mtkpower@impl: [setMode] unknown type
06-04 05:58:22.598   518   534 I Hw_Cec  : [HwCecMessage] Tx: 8d
06-04 05:58:22.698 11602 11687 W native  : W0000 00:00:1780567102.698695   11687 s3client_delegate.cc:34] OnDeviceArbitrationResponse received but not explicitly handled.
06-04 05:58:22.749   744   773 I mtkpower@impl: [powerd_req] TIMER_MSG_PERF_LOCK_TIMEOUT hdl:2827
06-04 05:58:22.749   744   773 I libPowerHal: [perfLockRel] hdl:2827, idx:0
06-04 05:58:22.750   744   773 I libPowerHal: [setClusterFreq]  set cpu_ctrl cpufreq: -1 -1 
06-04 05:58:22.750   744   773 I libPowerHal: [PD] INTERACTION update cmd:1408300 param:0
06-04 05:58:22.809 11602 11672 I katniss_interactor_LibAssistantAppFlowLogger: AppFlowEvent: PT11H35M32.199272946S, EVENT_TYPE_MILESTONE, LIBAS_CLIENT_OPS_RECEIVED, libAssistantRequestId=f7ae1f71-5ad1-4d05-9300-9c638f04e2bc, assistantServerEventId=-1
06-04 05:58:22.809 11602 11687 W native  : W0000 00:00:1780567102.809562   11687 action_processor.cc:212] [FTL] Failed to find |conversation_id| for |interaction_id|: 16
06-04 05:58:22.809 11602 11687 W native  : W0000 00:00:1780567102.809713   11687 publisher.cc:36] [FTL] No subscribers for event "hvc.api.events.MetricEvent" from publisher "RecordCastEventImpl"
06-04 05:58:22.809 11602 11672 I katniss_interactor_LibAssistantAppFlowLogger: AppFlowEvent: PT11H35M32.199823485S, EVENT_TYPE_MILESTONE, LIBAS_ASSISTANT_OUTPUT_RECEIVED, libAssistantRequestId=f7ae1f71-5ad1-4d05-9300-9c638f04e2bc, assistantServerEventId=Pkwhaq6HJMHZ0_gPibWF6A0
06-04 05:58:22.810 11602 11635 I katniss_interactor_AppFlowEventHandlerInteractor: AppFlowEvent: PT11H35M32.199272946S, 2, LIBAS_CLIENT_OPS_RECEIVED, interactionId=89b470bb-785a-4a86-9f3e-ab8e452bf977
06-04 05:58:22.810 11602 11635 I katniss_interactor_AppFlowEventHandlerInteractor: AppFlowEvent: PT11H35M32.199823485S, 2, LIBAS_ASSISTANT_OUTPUT_RECEIVED, interactionId=89b470bb-785a-4a86-9f3e-ab8e452bf977
06-04 05:58:22.819 11602 11687 W native  : W0000 00:00:1780567102.819128   11687 publisher.cc:36] [FTL] No subscribers for event "hvc.api.events.ConversationEvent" from publisher "S3Session"
06-04 05:58:22.819 11602 11672 I katniss_interactor_LibAssistantAppFlowLogger: AppFlowEvent: PT11H35M32.209863639S, EVENT_TYPE_MILESTONE, LIBAS_CLIENT_OPS_EXECUTED, libAssistantRequestId=f7ae1f71-5ad1-4d05-9300-9c638f04e2bc, assistantServerEventId=Pkwhaq6HJMHZ0_gPibWF6A0
06-04 05:58:22.819 11602 11702 W native  : W0000 00:00:1780567102.819521   11702 publisher.cc:36] [FTL] No subscribers for event "hvc.api.events.MetricEvent" from publisher "UmaMetricsForwarder"
06-04 05:58:22.819 11602 11635 I katniss_interactor_AppFlowEventHandlerInteractor: AppFlowEvent: PT11H35M32.209863639S, 2, LIBAS_CLIENT_OPS_EXECUTED, interactionId=89b470bb-785a-4a86-9f3e-ab8e452bf977
06-04 05:58:22.820 11602 11687 W native  : W0000 00:00:1780567102.820127   11687 publisher.cc:36] [FTL] No subscribers for event "hvc.api.events.MetricEvent" from publisher "UmaMetricsForwarder"
06-04 05:58:22.821 11602 11673 I katniss_interactor_KatnissConversationStateListenerImpl: OnConversationTurnFinished : resolution[TIMEOUT].
06-04 05:58:22.822 11602 11673 I katniss_interactor_KatnissAppFlowLoggerInteractor: AppFlowEvent: PT11H35M32.212681792S, EVENT_TYPE_START, SEARCHBAR_STATE_UPDATE_START, internalRequestId=2785201956672242474
06-04 05:58:22.824 11602 11673 I katniss_interactor_ScreenOffModeAudioPolicyEnforcerImpl: setIsAssistantResponding(false)
06-04 05:58:22.825   694  1154 I MediaFocusControl: abandonAudioFocus() from uid/pid 10064/11602 clientId=android.media.AudioManager@ca5ce72
06-04 05:58:22.825   694  1154 I AudioService.FadeOutManager: unfadeOutUid() uid:10181
06-04 05:58:22.826 11602 11637 I katniss_interactor_HotwordUtilsImpl: Checking for LowPowerStandby, isKatnissExempt=true, isHardwareHotwordAllowed=true
06-04 05:58:22.827 11602 11635 I katniss_interactor_AppFlowEventHandlerInteractor: AppFlowEvent: PT11H35M32.217991485S, 3, OPA_TV_CLIENT_INTERACTION_COMPLETED, interactionId=89b470bb-785a-4a86-9f3e-ab8e452bf977
06-04 05:58:22.828 11602 11635 I katniss_interactor_AppFlowEventHandlerInteractor: AppFlowEvent: PT11H35M32.218553485S, 3, ASSISTANT_TV_INTERACTION_COMPLETED, interactionId=89b470bb-785a-4a86-9f3e-ab8e452bf977
06-04 05:58:22.833 11602 11673 I katniss_interactor_SearchProcessClient: #onConversationTurnFinished
06-04 05:58:22.834 11602 11673 I katniss_interactor_AssistantWrapperImpl: hotword=false, hotwordSupported=true, isHotwordAcceptedAndToggled=false, isScreenOn=true, isScreenlessSupported=true, isDeviceProvisioned=true, hardwareHotwordMicOn=true
06-04 05:58:22.835 11602 11673 I katniss_interactor_HotwordUtilsImpl: Checking for LowPowerStandby, isKatnissExempt=true, isSoftwareHotwordAllowed=true
06-04 05:58:22.836 11602 11673 I katniss_interactor_AssistantWrapperImpl: allowedInEnergyMode=true
06-04 05:58:22.837 11602 11673 I katniss_interactor_KatnissAppFlowLoggerInteractor: AppFlowEvent: PT11H35M32.227773869S, EVENT_TYPE_END, VOICE_SEARCH_END, internalRequestId=7538946887754602062
06-04 05:58:22.840 11602 11673 I katniss_interactor_AssistantInvocationStateAnnouncerImpl: setInvocationType: INVOCATION_TYPE_INTENT -> INVOCATION_TYPE_NOT_INVOKED
06-04 05:58:22.842 11602 11635 I katniss_interactor_HotwordUtilsImpl: Checking for LowPowerStandby, isKatnissExempt=true, isHardwareHotwordAllowed=true
06-04 05:58:22.842 11602 11635 I katniss_interactor_AppFlowEventHandlerInteractor: AppFlowEvent: PT11H35M32.232884254S, 2, SEARCHBAR_STATE_UPDATE_START, interactionId=89b470bb-785a-4a86-9f3e-ab8e452bf977
06-04 05:58:22.845 11602 11602 W FontsContract: Platform version of downloadable fonts is deprecated. Please use androidx version instead.
06-04 05:58:22.845 11602 11672 I katniss_interactor_LibAssistantAppFlowLogger: AppFlowEvent: PT11H35M32.210308331S, EVENT_TYPE_MILESTONE, LIBAS_INTERACTION_TIMEOUT, libAssistantRequestId=f7ae1f71-5ad1-4d05-9300-9c638f04e2bc, assistantServerEventId=Pkwhaq6HJMHZ0_gPibWF6A0
06-04 05:58:22.852 11602 11635 I katniss_interactor_AppFlowEventHandlerInteractor: AppFlowEvent: PT11H35M32.210308331S, 2, LIBAS_INTERACTION_TIMEOUT, interactionId=89b470bb-785a-4a86-9f3e-ab8e452bf977
06-04 05:58:22.852 11134 11147 I FontLog : (REDACTED) Received query %s, URI %s
06-04 05:58:22.852 11134 11147 I FontLog : (REDACTED) Query [%s] resolved to %s
06-04 05:58:22.854 11134 11147 I FontLog : (REDACTED) Font PFD returned from cache for %s
06-04 05:58:22.854 11134 11147 I FontLog : (REDACTED) Fetch %s end status %s
06-04 05:58:22.856 11134 11147 I FontLog : (REDACTED) Pulling font file for id = %d, cache size = %d
06-04 05:58:22.865 11602 11602 D CompatibilityChangeReporter: Compat change id reported: 210923482; UID 10064; state: ENABLED
06-04 05:58:22.869   744   773 I libPowerHal: [perfLockAcq] idx:0 hdl:2828 hint:50 pid:744 tid:744 duration:2000 lock_user:vendor.mediatek => ret_hdl:2828
06-04 05:58:22.869   744   773 I libPowerHal: [setClusterFreq] INTERACTION set cpufreq[0] min:2000000 max:-1 
06-04 05:58:22.869   744   773 I libPowerHal: [setClusterFreq]  set cpu_ctrl cpufreq: 2000000 -1 
06-04 05:58:22.869   744   773 I libPowerHal: [PE] INTERACTION update cmd:1408300, param:100
06-04 05:58:22.870   744   773 I libPowerHal: [perfLockAcq] idx:1 hdl:2829 hint:50 pid:744 tid:744 duration:2000 lock_user:vendor.mediatek => ret_hdl:2829
06-04 05:58:22.870   744   773 I libPowerHal: [setClusterFreq] INTERACTION set cpufreq[0] min:2000000 max:-1 
06-04 05:58:22.871 11602 11637 I katniss_interactor_AppFlowEventHandlerInteractor: AppFlowEvent: PT11H35M32.261584177S, 3, SEARCHBAR_STATE_IDLE, interactionId=89b470bb-785a-4a86-9f3e-ab8e452bf977
06-04 05:58:22.875 11602 11734 V ClearcutMetricXmitter: Transmission is done.
06-04 05:58:22.971   744   773 I libPowerHal: [perfLockAcq] idx:2 hdl:2830 hint:50 pid:744 tid:744 duration:2000 lock_user:vendor.mediatek => ret_hdl:2830
06-04 05:58:22.971   744   773 I libPowerHal: [setClusterFreq] INTERACTION set cpufreq[0] min:2000000 max:-1 
06-04 05:58:22.971   744   773 I libPowerHal: [perfLockAcq] idx:3 hdl:2831 hint:50 pid:744 tid:744 duration:2000 lock_user:vendor.mediatek => ret_hdl:2831
06-04 05:58:22.971   744   773 I libPowerHal: [setClusterFreq] INTERACTION set cpufreq[0] min:2000000 max:-1 
06-04 05:58:23.068   744   753 I mtkpower@impl: [setMode] type:6, enabled:0
06-04 05:58:23.068   744   753 E mtkpower@impl: [setMode] unknown type
06-04 05:58:23.206   518   534 I Hw_Cec  : [HwCecMessage] Tx: 8e
06-04 05:58:23.314   694   694 V HotPlugDetectionAction: Finish poll all devices.
06-04 05:58:23.512   744   773 I libPowerHal: [perfLockAcq] idx:4 hdl:2832 hint:50 pid:744 tid:744 duration:2000 lock_user:vendor.mediatek => ret_hdl:2832
06-04 05:58:23.513   744   773 I libPowerHal: [setClusterFreq] INTERACTION set cpufreq[0] min:2000000 max:-1 
06-04 05:58:23.513   744   773 I libPowerHal: [perfLockAcq] idx:5 hdl:2833 hint:50 pid:744 tid:744 duration:2000 lock_user:vendor.mediatek => ret_hdl:2833
06-04 05:58:23.513   744   773 I libPowerHal: [setClusterFreq] INTERACTION set cpufreq[0] min:2000000 max:-1 
06-04 05:58:23.631   744   773 I libPowerHal: [perfLockAcq] idx:6 hdl:2834 hint:50 pid:744 tid:744 duration:2000 lock_user:vendor.mediatek => ret_hdl:2834
06-04 05:58:23.631   744   773 I libPowerHal: [setClusterFreq] INTERACTION set cpufreq[0] min:2000000 max:-1 
06-04 05:58:23.632 11602 11602 I assistant: [INFO:hvc_manager_native.cc(482)] StopAudioInput:1
06-04 05:58:23.632   744   773 I libPowerHal: [perfLockAcq] idx:7 hdl:2835 hint:50 pid:744 tid:744 duration:2000 lock_user:vendor.mediatek => ret_hdl:2835
06-04 05:58:23.632   744   773 I libPowerHal: [setClusterFreq] INTERACTION set cpufreq[0] min:2000000 max:-1 
06-04 05:58:23.632 11602 11668 W native  : W0000 00:00:1780567103.632728   11668 android_audio_input.cc:247] StopCapture: Cannot stop capture, nothing is running!
06-04 05:58:23.634 11602 11602 I katniss_interactor_AssistantWrapperImpl: Stopping Top Interaction
06-04 05:58:23.634 11602 11602 I katniss_interactor_AssistantWrapperImpl: abdb: SMALL
06-04 05:58:23.634 11602 11602 I katniss_interactor_AssistantWrapperImpl: 	at jua.a(PG:38)
06-04 05:58:23.634 11602 11602 I katniss_interactor_AssistantWrapperImpl: 	at jur.a(PG:10)
06-04 05:58:23.634 11602 11602 I katniss_interactor_AssistantWrapperImpl: 	at jwk.az(PG:5)
06-04 05:58:23.634 11602 11602 I katniss_interactor_AssistantWrapperImpl: 	at jwk.aI(PG:12)
06-04 05:58:23.634 11602 11602 I katniss_interactor_AssistantWrapperImpl: 	at jwk.P(PG:13)
06-04 05:58:23.634 11602 11602 I katniss_interactor_AssistantWrapperImpl: 	at ikk.O(PG:28)
06-04 05:58:23.634 11602 11602 I katniss_interactor_AssistantWrapperImpl: 	at ikk.f(PG:81)
06-04 05:58:23.634 11602 11602 I katniss_interactor_AssistantWrapperImpl: 	at fhj.onKeyUp(PG:16)
06-04 05:58:23.634 11602 11602 I katniss_interactor_AssistantWrapperImpl: 	at ikk.onKeyUp(PG:50)
06-04 05:58:23.634 11602 11602 I katniss_interactor_AssistantWrapperImpl: 	at android.view.KeyEvent.dispatch(KeyEvent.java:2952)
06-04 05:58:23.634 11602 11602 I assistant: [INFO:hvc_manager_native.cc(439)] StopTopInteraction
06-04 05:58:23.635 11602 11672 I katniss_interactor_LibAssistantAppFlowLogger: AppFlowEvent: PT11H35M33.025846485S, EVENT_TYPE_MILESTONE, LIBAS_ALARM_TIMER_REQUEST_RECEIVED, libAssistantRequestId=-1, assistantServerEventId=-1
06-04 05:58:23.635 11602 11672 I katniss_interactor_LibAssistantAppFlowLogger: LibAssistant AppFlow event will be ignored: LIBAS_ALARM_TIMER_REQUEST_RECEIVED. Failed to get corresponding Katniss AppFlow event
06-04 05:58:23.640 11602 11734 V ClearcutMetricXmitter: Transmission is done.
06-04 05:58:23.672   744   753 I mtkpower@impl: [setMode] type:6, enabled:1
06-04 05:58:23.673   744   753 E mtkpower@impl: [setMode] unknown type
06-04 05:58:23.696  1584  1584 I GoogleInputMethodService: GoogleInputMethodService.onFinishInput():2084 
06-04 05:58:23.697  1584  1584 I Module  : DeviceLockedStatusModuleProvider$Module.updateDeviceLockedStatus():101 repeatCheckTimes = 0, locked = false
06-04 05:58:23.697  1584  1584 I GoogleInputMethodService: GoogleInputMethodService.onStartInput():1345 onStartInput(EditorInfo{EditorInfo{packageName=com.privastream.cinema, inputType=80001, inputTypeString=Normal[NoSuggestion], enableLearning=true, autoCorrection=true, autoComplete=true, imeOptions=3, privateImeOptions=null, actionName=SEARCH, actionLabel=null, initialSelStart=0, initialSelEnd=0, initialCapsMode=0, label=null, fieldId=5404, fieldName=null, extras=Bundle[mParcelledData.dataSize=240], hintText=non-empty, hintLocales=[]}}, false)
06-04 05:58:23.700   694  1052 W PackageConfigPersister: App-specific configuration not found for packageName: com.privastream.cinema and userId: 0
06-04 05:58:23.701  1584  1584 I Module  : DeviceLockedStatusModuleProvider$Module.updateDeviceLockedStatus():101 repeatCheckTimes = 1, locked = false
06-04 05:58:23.851 11602 11602 I katniss_interactor_VoicePlateActivity: onStop
06-04 05:58:23.854 11602 11602 W katniss_interactor_VoicePlateLoggerImpl: Not a valid VPA startup metric! Warm start activityCreate before serviceStartCommand.
06-04 05:58:23.854 11602 11602 I katniss_interactor_VoicePlateActivity: #tearDown
06-04 05:58:23.859 11602 11734 V ClearcutMetricXmitter: Transmission is done.
06-04 05:58:23.861 11602 11734 V ClearcutMetricXmitter: Transmission is done.
06-04 05:58:23.863  1816  1816 W KatnissIntegrationServi: Unhandled message (type=6) due to null reference to Katniss service messenger
06-04 05:58:23.870   694   847 W NotificationHistory: Attempted to remove channel for locked/gone/disabled user 0
06-04 05:58:23.968   744   753 I mtkpower@impl: [setMode] type:6, enabled:0
06-04 05:58:23.969   744   753 E mtkpower@impl: [setMode] unknown type
06-04 05:58:24.231   744   773 I libPowerHal: [perfLockAcq] idx:8 hdl:2836 hint:50 pid:744 tid:744 duration:2000 lock_user:vendor.mediatek => ret_hdl:2836
06-04 05:58:24.231   744   773 I libPowerHal: [setClusterFreq] INTERACTION set cpufreq[0] min:2000000 max:-1 
06-04 05:58:24.232   744   773 I libPowerHal: [perfLockAcq] idx:9 hdl:2837 hint:50 pid:744 tid:744 duration:2000 lock_user:vendor.mediatek => ret_hdl:2837
06-04 05:58:24.232   744   773 I libPowerHal: [setClusterFreq] INTERACTION set cpufreq[0] min:2000000 max:-1 
06-04 05:58:24.371   744   773 I libPowerHal: [perfLockAcq] idx:10 hdl:2838 hint:50 pid:744 tid:744 duration:2000 lock_user:vendor.mediatek => ret_hdl:2838
06-04 05:58:24.371   744   773 I libPowerHal: [setClusterFreq] INTERACTION set cpufreq[0] min:2000000 max:-1 
06-04 05:58:24.372   744   773 I libPowerHal: [perfLockAcq] idx:11 hdl:2839 hint:50 pid:744 tid:744 duration:2000 lock_user:vendor.mediatek => ret_hdl:2839
06-04 05:58:24.372   744   773 I libPowerHal: [setClusterFreq] INTERACTION set cpufreq[0] min:2000000 max:-1 
06-04 05:58:24.373 14997 14997 I ImeTracker: com.privastream.cinema:c5df1bd5: onRequestShow at ORIGIN_CLIENT_SHOW_SOFT_INPUT reason SHOW_SOFT_INPUT
06-04 05:58:24.374 14997 14997 D InputMethodManager: showSoftInput() view=com.facebook.react.views.textinput.ReactEditText{b9a4a0e VFED..CL. .F.P.... 116,155-1748,240 #151c aid=1073741855} flags=0 reason=SHOW_SOFT_INPUT
06-04 05:58:24.376   694  1154 W ProcessStats: Tracking association SourceState{3f170e9 com.google.android.tv.remote.service/10055 Fgs #11374} whose proc state 3 is better than process ProcessState{b6a416e com.google.android.gms.persistent/10071 pkg=com.google.android.gms} proc state 4 (76 skipped)
06-04 05:58:24.378  1584  1584 I GoogleInputMethodService: GoogleInputMethodService.onStartInputView():1438 onStartInputView(EditorInfo{EditorInfo{packageName=com.privastream.cinema, inputType=80001, inputTypeString=Normal[NoSuggestion], enableLearning=true, autoCorrection=true, autoComplete=true, imeOptions=3, privateImeOptions=null, actionName=SEARCH, actionLabel=null, initialSelStart=0, initialSelEnd=0, initialCapsMode=0, label=null, fieldId=5404, fieldName=null, extras=Bundle[mParcelledData.dataSize=240], hintText=non-empty, hintLocales=[]}}, false)
06-04 05:58:24.379 14997 14997 D AutofillManager: view not autofillable - not passing ime action check
06-04 05:58:24.379  1584  1584 I NoticeManager: NoticeManager.post():160 Posting notice [import_user_contacts] to default priority queue
06-04 05:58:24.380  1584  1846 I DeviceModeNotification: DeviceModeNotification.getCurrentDeviceMode():75 device mode is unknown before initializing the notification.
06-04 05:58:24.382  1584  1584 I AndroidIME: InputBundleManager.loadActiveInputBundleId():528 loadActiveInputBundleId: en-US, ime_english_united_states
06-04 05:58:24.382  1584  1584 I AndroidIME: AbstractIme.onActivate():96 LatinTVIme.onActivate() : EditorInfo = EditorInfo{packageName=com.privastream.cinema, inputType=80001, inputTypeString=Normal[NoSuggestion], enableLearning=true, autoCorrection=true, autoComplete=true, imeOptions=3, privateImeOptions=null, actionName=SEARCH, actionLabel=null, initialSelStart=0, initialSelEnd=0, initialCapsMode=0, label=null, fieldId=5404, fieldName=null, extras=Bundle[mParcelledData.dataSize=240], hintText=non-empty, hintLocales=[]}, IncognitoMode = false, DeviceLocked = false
06-04 05:58:24.383  1584  1584 I InputBundle: InputBundle.consumeEvent():1032 Skip consuming an event as keyboard status is INACTIVE
06-04 05:58:24.384  1584  1584 I Delight5Facilitator: Delight5Facilitator.initializeForIme():739 initializeForIme() : Locale = [en_US], layout = qwerty
06-04 05:58:24.384  1584  1584 I LatinIme: LatinIme.updateEnableInlineSuggestionsOnDecoderSideFlags():1247 inline flag updated to:false
06-04 05:58:24.386  1584  1584 I LatinIme: LatinIme.updateEnableInlineSuggestionsOnDecoderSideFlags():1247 inline flag updated to:false
06-04 05:58:24.389  1584  1584 I InputBundle: InputBundle.consumeEvent():1032 Skip consuming an event as keyboard status is INACTIVE
06-04 05:58:24.389  1584  1584 I LatinIme: LatinIme.resetInputContext():2251 resetInputContext(): reason=1, externalEditsInfo=ExternalEditsInfo{action=0, offset=-1, text=null, originalText=null, edits=null}
06-04 05:58:24.389  1584  1584 I InputBundle: InputBundle.consumeEvent():1032 Skip consuming an event as keyboard status is INACTIVE
06-04 05:58:24.390  1584  1584 I KeyboardWrapper: KeyboardWrapper.activateKeyboard():581 activateKeyboard(): type=prime, status=INACTIVE, imeDef=eip{stringId=ime_english_united_states, language=en-US, languageTag=en-US, processedConditions={}, className=com.google.android.apps.inputmethod.tv.LatinTVIme, label=0, keyEventInterpreter=null, inlineComposing=true, autoCapital=true, announceAutoSelectedCandidate=false, statusIcon=0, indicatorIcon=0, indicatorLabel=null, displayAppCompletions=true, extraValues=eii{}, processors=ekf@7bdbd5c, unacceptableMetaKeys=4098, languageSpecificSettings=0, asciiCapable=true, alwaysShowSuggestions=false, useAsciiPasswordKeyboard=false, keyboardGroupDef=ejo@ed1eff0, phenotypeFlagId=0, localizationLanguageTag=null, supportsInlineSuggestion=false}
06-04 05:58:24.391  1584  1584 I KeyboardManager: KeyboardManager.requestKeyboard():248 Creating keyboard prime, imeId=ime_english_united_states, cacheKey=theme
06-04 05:58:24.391  1584  1584 I KeyboardWrapper: KeyboardWrapper.onKeyboardReady():224 onKeyboardReady(): type=prime(prime), kb=com.google.android.apps.inputmethod.tv.keyboard.LatinTVKeyboard@82ddfee
06-04 05:58:24.392  1584  1584 I KeyboardWrapper: KeyboardWrapper.doActivateKeyboard():611 doActivateKeyboard(): prime
06-04 05:58:24.392  1584  1584 I KeyboardHeightUtil: KeyboardHeightUtil.calculateMaxKeyboardBodyHeight():50 leave 214 height for app when ime window height:1080, header height:0 and isFullscreenMode:false, so the max keyboard body height is:866
06-04 05:58:24.393  1584  1584 I GlobeKeyExtension: GlobeKeyExtension.getKeyboardInitialStates():175 
06-04 05:58:24.394  1584  1584 W Keyboard: Keyboard.getKeyboardViewHelper():602 null helper is returned: keyboardDef=eji{processedConditions={enable_number_row=false, language=en-US, enable_secondary_symbols=false}, globalConditions={global_theme_key=theme, global_locale=en_US, global_density_dpi=320, global_orientation=2}, className=.tv.keyboard.LatinTVKeyboard, resourceIds=[tv_keyboard_fragment_en_m2, keyboard_latin_qwerty_m2], initialStates=0, keyboardViewDefs=[ejw{direction=null, id=default_keyboard_view, isScalable=true, layoutId=keyboard_body_4x10_m2, type=BODY, touchable=true, defaultShow=true}], persistentStates=0, persistentStatesPrefKey=null, popupBubbleLayoutId=PopupBubbleLayout, recentKeyLayoutId=0, recentKeyPopupLayoutId=0, recentKeyType=null, rememberRecentKey=NONE, sessionStates=0}, type=FLOATING_CANDIDATES, helpersCreated={BODY=ecf@7b4fe4f}, context.getResources().getConfiguration(): {1.0 ?mcc0mnc [en_US] ldltr sw540dp w960dp h540dp 320dpi lrg long land television night -touch -keyb/v/h dpad/v winConfig={ mBounds=Rect(0, 0 - 1920, 1080) mAppBounds=Rect(0, 0 - 1920, 1080) mMaxBounds=Rect(0, 0 - 1920, 1080) mDisplayRotation=ROTATION_0 mWindowingMode=fullscreen mDisplayWindowingMode=fullscreen mActivityType=undefined mAlwaysOnTop=undefined mRotation=ROTATION_0} s.6 fontWeightAdjustment=0}
06-04 05:58:24.394  1584  1584 W Keyboard: Keyboard.getKeyboardViewHelper():602 null helper is returned: keyboardDef=eji{processedConditions={enable_number_row=false, language=en-US, enable_secondary_symbols=false}, globalConditions={global_theme_key=theme, global_locale=en_US, global_density_dpi=320, global_orientation=2}, className=.tv.keyboard.LatinTVKeyboard, resourceIds=[tv_keyboard_fragment_en_m2, keyboard_latin_qwerty_m2], initialStates=0, keyboardViewDefs=[ejw{direction=null, id=default_keyboard_view, isScalable=true, layoutId=keyboard_body_4x10_m2, type=BODY, touchable=true, defaultShow=true}], persistentStates=0, persistentStatesPrefKey=null, popupBubbleLayoutId=PopupBubbleLayout, recentKeyLayoutId=0, recentKeyPopupLayoutId=0, recentKeyType=null, rememberRecentKey=NONE, sessionStates=0}, type=WIDGET, helpersCreated={BODY=ecf@7b4fe4f}, context.getResources().getConfiguration(): {1.0 ?mcc0mnc [en_US] ldltr sw540dp w960dp h540dp 320dpi lrg long land television night -touch -keyb/v/h dpad/v winConfig={ mBounds=Rect(0, 0 - 1920, 1080) mAppBounds=Rect(0, 0 - 1920, 1080) mMaxBounds=Rect(0, 0 - 1920, 1080) mDisplayRotation=ROTATION_0 mWindowingMode=fullscreen mDisplayWindowingMode=fullscreen mActivityType=undefined mAlwaysOnTop=undefined mRotation=ROTATION_0} s.6 fontWeightAdjustment=0}
06-04 05:58:24.396  1584  1584 I AndroidIME: InputBundleManager.startInput():358 startInput() with ejs[keyboardType=prime, payload=null]
06-04 05:58:24.396  1584  1584 I AssistClient: AssistClient.onKeyboardOpened():177 voice onKeyboardOpened
06-04 05:58:24.398  1584  1584 I GlobeKeyExtension: GlobeKeyExtension.onActivate():120 
06-04 05:58:24.400  1584  1584 I Module  : DeviceLockedStatusModuleProvider$Module.updateDeviceLockedStatus():101 repeatCheckTimes = 1, locked = false
06-04 05:58:24.401  1584  1584 I VoiceImeExtension: VoiceImeExtension.shouldStartVoiceInputAutomaticallyInCurrentInputBox():378 No private IME option set to start voice input.
06-04 05:58:24.404   694  1052 D CoreBackPreview: Window{c72ad52 u0 com.privastream.cinema/com.privastream.cinema.MainActivity}: Setting back callback OnBackInvokedCallbackInfo{mCallback=android.window.IOnBackInvokedCallback$Stub$Proxy@507172f, mPriority=0, mIsAnimationCallback=false}
06-04 05:58:24.411  1584  1652 E OpenGLRenderer: Unable to match the desired swap behavior.
06-04 05:58:24.423  1584  1584 I GoogleInputMethodService: GoogleInputMethodService$1.onKeyboardViewShown():324 onKeyboardViewShown: keyboardType=prime, keyboardViewType=HEADER keyboardView=null
06-04 05:58:24.423  1584  1584 I KeyboardHeightUtil: KeyboardHeightUtil.calculateMaxKeyboardBodyHeight():50 leave 214 height for app when ime window height:1080, header height:0 and isFullscreenMode:false, so the max keyboard body height is:866
06-04 05:58:24.424  1584  1584 I GoogleInputMethodService: GoogleInputMethodService$1.onKeyboardViewShown():324 onKeyboardViewShown: keyboardType=prime, keyboardViewType=BODY keyboardView=com.google.android.libraries.inputmethod.widgets.SoftKeyboardView{f9160ab VFE...... .F...... 540,0-1380,480}
06-04 05:58:24.424  1584  1584 I KeyboardHeightUtil: KeyboardHeightUtil.calculateMaxKeyboardBodyHeight():50 leave 214 height for app when ime window height:1080, header height:0 and isFullscreenMode:false, so the max keyboard body height is:866
06-04 05:58:24.424  1584  1584 I GlobeKeyExtension: GlobeKeyExtension$1.onKeyboardViewShown():72 maybeDisableLanguageSwitchKeyPref when the keyboard is shown
06-04 05:58:24.424  1584  1584 I GlobeKeyExtension: GlobeKeyExtension.maybeDisableLanguageSwitchKeyPref():200 maybeDisableLanguageSwitchKeyPref hasGlobeKeyBeenDisabled: false, shouldDisableLanguageSwitchKey: false
06-04 05:58:24.425 14997 14997 D InsetsController: show(ime(), fromIme=true)
06-04 05:58:24.427  1584  1584 I DynamicLayoutHandler: DynamicLayoutHandler.loadDynamicKeys():83 This isn't a dynamic layout.
06-04 05:58:24.429  1584  1852 I Delight5Decoder: Delight5DecoderWrapper.setKeyboardLayout():536 setKeyboardLayout()
06-04 05:58:24.490   744   753 I mtkpower@impl: [setMode] type:6, enabled:1
06-04 05:58:24.490   744   753 E mtkpower@impl: [setMode] unknown type
06-04 05:58:24.672 14997 14997 I ImeTracker: com.privastream.cinema:c5df1bd5: onShown
06-04 05:58:24.785   744   753 I mtkpower@impl: [setMode] type:6, enabled:0
06-04 05:58:24.785   744   753 E mtkpower@impl: [setMode] unknown type
06-04 05:58:24.870   744   773 I mtkpower@impl: [powerd_req] TIMER_MSG_PERF_LOCK_TIMEOUT hdl:2828
06-04 05:58:24.870   744   773 I libPowerHal: [perfLockRel] hdl:2828, idx:0
06-04 05:58:24.871   744   773 I mtkpower@impl: [powerd_req] TIMER_MSG_PERF_LOCK_TIMEOUT hdl:2829
06-04 05:58:24.871   744   773 I libPowerHal: [perfLockRel] hdl:2829, idx:1
06-04 05:58:24.971   744   773 I mtkpower@impl: [powerd_req] TIMER_MSG_PERF_LOCK_TIMEOUT hdl:2830
06-04 05:58:24.971   744   773 I libPowerHal: [perfLockRel] hdl:2830, idx:2
06-04 05:58:24.972   744   773 I mtkpower@impl: [powerd_req] TIMER_MSG_PERF_LOCK_TIMEOUT hdl:2831
06-04 05:58:24.972   744   773 I libPowerHal: [perfLockRel] hdl:2831, idx:3
06-04 05:58:25.234 14997 14997 W Choreographer: Frame time is 0.105336 ms in the future!  Check that graphics HAL is generating vsync timestamps using the correct timebase.
06-04 05:58:25.234  1061  1061 W Choreographer: Frame time is 0.105413 ms in the future!  Check that graphics HAL is generating vsync timestamps using the correct timebase.
06-04 05:58:25.239   744   753 I mtkpower@impl: [setMode] type:6, enabled:1
06-04 05:58:25.239   744   753 E mtkpower@impl: [setMode] unknown type
06-04 05:58:25.513   744   773 I mtkpower@impl: [powerd_req] TIMER_MSG_PERF_LOCK_TIMEOUT hdl:2832
06-04 05:58:25.513   744   773 I libPowerHal: [perfLockRel] hdl:2832, idx:4
06-04 05:58:25.514   744   773 I mtkpower@impl: [powerd_req] TIMER_MSG_PERF_LOCK_TIMEOUT hdl:2833
06-04 05:58:25.514   744   773 I libPowerHal: [perfLockRel] hdl:2833, idx:5
06-04 05:58:25.584 14997 14997 W Choreographer: Frame time is 0.139966 ms in the future!  Check that graphics HAL is generating vsync timestamps using the correct timebase.
06-04 05:58:25.611 12551 12613 W cast_shell: [0604/055825.611350:WARNING:time_sync_responder.cc(61)] Invalid time sync packet
06-04 05:58:25.632   744   773 I mtkpower@impl: [powerd_req] TIMER_MSG_PERF_LOCK_TIMEOUT hdl:2834
06-04 05:58:25.632   744   773 I libPowerHal: [perfLockRel] hdl:2834, idx:6
06-04 05:58:25.633  1488 10740 I AtvRemote.BleRemoteDevice: HTT session initiated
06-04 05:58:25.633   744   773 I mtkpower@impl: [powerd_req] TIMER_MSG_PERF_LOCK_TIMEOUT hdl:2835
06-04 05:58:25.633   744   773 I libPowerHal: [perfLockRel] hdl:2835, idx:7
06-04 05:58:25.635   744   753 I mtkpower@impl: [setMode] type:6, enabled:0
06-04 05:58:25.635   744   753 E mtkpower@impl: [setMode] unknown type
06-04 05:58:25.642 11602 11635 I katniss_interactor_AppFlowEventHandlerInteractor: AppFlowEvent: PT11H35M35.022997023S, 1, ASSISTANT_TV_INTERACTION_FROM_NEAR_FIELD, interactionId=a6f1ef4d-0b7f-48be-b4aa-8736074f7fe5
06-04 05:58:25.643 11602 11637 I katniss_interactor_AppFlowEventHandlerInteractor: AppFlowEvent: PT11H35M35.022997023S, 2, BUTTON_PRESSED_WITH_ATV_REMOTE_SERVICE_TIMESTAMP, interactionId=a6f1ef4d-0b7f-48be-b4aa-8736074f7fe5
06-04 05:58:25.644 14997 15529 I AssistStructure: Flattened final assist data: 1084 bytes, containing 1 windows, 17 views
06-04 05:58:25.644   744   773 I libPowerHal: [perfLockAcq] idx:0 hdl:2840 hint:50 pid:744 tid:744 duration:300 lock_user:vendor.mediatek => ret_hdl:2840
06-04 05:58:25.644   744   773 I libPowerHal: [setClusterFreq] INTERACTION set cpufreq[0] min:2000000 max:-1 
06-04 05:58:25.648   744   773 I libPowerHal: [perfLockAcq] idx:1 hdl:2841 hint:50 pid:744 tid:744 duration:2000 lock_user:vendor.mediatek => ret_hdl:2841
06-04 05:58:25.648   744   773 I libPowerHal: [setClusterFreq] INTERACTION set cpufreq[0] min:2000000 max:-1 
06-04 05:58:25.649 11602 11602 I katniss_interactor_KatnissVoiceInteractionServicePeer: #onStartCommand
06-04 05:58:25.652 11602 11602 I katniss_interactor_KatnissVoiceInteractionUtilsImpl: #launchVoiceInteraction intent action android.intent.action.ASSIST
06-04 05:58:25.652  1816  1816 W KatnissIntegrationServi: Unhandled message (type=3) due to null reference to Katniss service messenger
06-04 05:58:25.652 11602 11602 I katniss_interactor_FindForegroundAppUtils: Insufficient extras; can't get foreground app from Bundle[{search_type=1, SHOW_SESSION_ARGS=Bundle[{AUDIO_STREAM_KEY=AudioStream{directAudioStream=null, indirectAudioStream=wvi@f73197f, channelCount=1, bitsPerSample=16, sampleRate=16000, interactionModel=2}}], android.intent.extra.TIME=41735023, android.service.voice.SHOW_SESSION_ID=4, android.intent.extra.KEY_EVENT=219, invocation_phone_state=9, invocation_time_ms=41735027}]
06-04 05:58:25.652 11602 11637 I katniss_interactor_AppFlowEventHandlerInteractor: AppFlowEvent: PT11H35M35.042359408S, 2, OPA_TV_INVOCATION_START, interactionId=a6f1ef4d-0b7f-48be-b4aa-8736074f7fe5
06-04 05:58:25.653 11602 11635 I katniss_interactor_AppFlowEventHandlerInteractor: AppFlowEvent: PT11H35M35.042284023S, 1, OPA_TV_VOICE_CLIENT_INTERACTION_START, interactionId=a6f1ef4d-0b7f-48be-b4aa-8736074f7fe5
06-04 05:58:25.653 11602 11602 I katniss_interactor_FindForegroundAppUtils: Foreground app name from running tasks: com.privastream.cinema
06-04 05:58:25.655 11602 11637 I katniss_interactor_AppFlowEventHandlerInteractor: AppFlowEvent: PT11H35M35.045553408S, 2, KEYBOARD_AUDIO_START, interactionId=a6f1ef4d-0b7f-48be-b4aa-8736074f7fe5
06-04 05:58:25.655  1584  1600 I TvVoiceExtension: TvVoiceExtension.setAssistantDictationAudioData():231 voice setAssistantDictationAudioData = true
06-04 05:58:25.655  1584  1584 I TvVoiceExtension: TvVoiceExtension.startListening():487 SpeechRecognizer.startListening()
06-04 05:58:25.659 11602 11635 I katniss_interactor_OnAssistantPresentMediaControllerImpl: Did not find corresponding MediaSession for app: com.privastream.cinema.
06-04 05:58:25.659  3388  3388 I RecognitionServiceImpl: RecognitionService#onStartListening
06-04 05:58:25.660  3388  3388 I IntentParsingUtil: #getRequestedLanguageOrSystemDefault
06-04 05:58:25.660  3388  3388 I IntentParsingUtil: Using language specified in RecognizerIntent: en-US
06-04 05:58:25.661  3388  3388 I IntentParsingUtil: Audio source is passed in format of URI
06-04 05:58:25.661  3388  3388 I RecognitionServiceInten: #enableFirstPartyAppFeatures
06-04 05:58:25.661  3388  3388 I IntentParsingUtil: No additional languages specified in RecognizerIntent
06-04 05:58:25.661  3388  3388 I RecognitionServiceImpl: RecognitionService#logStartListening: callingApp: com.google.android.inputmethod.latin, locale: en-US
06-04 05:58:25.664  3388  3388 I RecognitionClient: #startListening
06-04 05:58:25.665  3388  3388 I ALT.ExtSessionProvider: #audio# create external(URI) session
06-04 05:58:25.668  3388  3388 I NetworkSpeechRecognizer: Online recognizer - start listening
06-04 05:58:25.668 11602 11635 I katniss_interactor_AppFlowEventHandlerInteractor: AppFlowEvent: PT11H35M35.059002485S, 2, ASSISTANT_TV_INVOCATION_FINISHED, interactionId=a6f1ef4d-0b7f-48be-b4aa-8736074f7fe5
06-04 05:58:25.671  3388  3388 I NetworkSpeechRecognizer: #startSendingS3Requests, multi = true, entrypoint = SERVICE_API
06-04 05:58:25.672  3388  3509 I SodaSpeechRecognizer: Offline recognizer - start listening
06-04 05:58:25.672  3388  3509 I SodaSpeechRecognizer: Initialize Soda [locale: en-US], [applicationDomain: AMBIENT_CONTINUOUS]
06-04 05:58:25.673  3388  3509 I DefaultLPManager: #getAvailablePackages
06-04 05:58:25.675  3388  3509 I fnq     : #getDownloadableLanguagePacks
06-04 05:58:25.677  3388 15582 W OggOpusInputStream: Beginning load of ogg_opus_encoder...
06-04 05:58:25.677  3388 15579 I ALT.URIAudioSource: #audio# open audio source(epp@22f58f3)
06-04 05:58:25.678  3388 15582 W OggOpusInputStream: ogg_opus_encoder (null) was loaded normally!
06-04 05:58:25.680  3388 15581 I BaseS3HeaderProducer: [RS][S3] triggerApplicationId: com.google.android.inputmethod.latin
06-04 05:58:25.682  3388 15581 I BaseS3HeaderProducer: S3Request:
06-04 05:58:25.682  3388 15581 I BaseS3HeaderProducer: # jln@c61c02b1
06-04 05:58:25.682  3388 15581 I BaseS3HeaderProducer: [293000] {
06-04 05:58:25.682  3388 15581 I BaseS3HeaderProducer: }
06-04 05:58:25.682  3388 15581 I BaseS3HeaderProducer: [293100] {
06-04 05:58:25.682  3388 15581 I BaseS3HeaderProducer: }
06-04 05:58:25.682  3388 15581 I BaseS3HeaderProducer: [294000] {
06-04 05:58:25.682  3388 15581 I BaseS3HeaderProducer: }
06-04 05:58:25.682  3388 15581 I BaseS3HeaderProducer: [294500] {
06-04 05:58:25.682  3388 15581 I BaseS3HeaderProducer: }
06-04 05:58:25.682  3388 15581 I BaseS3HeaderProducer: [29735924] {
06-04 05:58:25.682  3388 15581 I BaseS3HeaderProducer: }
06-04 05:58:25.682  3388 15581 I BaseS3HeaderProducer: [77499489] {
06-04 05:58:25.682  3388 15581 I BaseS3HeaderProducer: }
06-04 05:58:25.683  3388 15579 I ALT.URIAudioSource: #audio# createAudioUriStream returning AudioPfdStream
06-04 05:58:25.684  3388 15579 I ALT.AudioStreamReader: #audio# start audio buffering
06-04 05:58:25.685  3388  4330 I RecognitionServiceImpl: RecognitionService#onMicrophoneOpened
06-04 05:58:25.686  1584  1584 I TvVoiceExtension: TvVoiceExtension$GboardRecognitionListener.onReadyForSpeech():536 onReadyForSpeech(). Trying to show voice status UI.
06-04 05:58:25.687  1584  1584 I AbstractTvVoiceHeaderManager: AbstractTvVoiceHeaderManager.showVoiceStatusView():191 request to show voice status view
06-04 05:58:25.687  3388  3509 I LanguagePackConfigImpl: Loaded languagepack (LP) flag value from latest config autogen_BatchV3071V3072: [en-US3006, de-DE3002, es-ES3000, fr-FR3002, it-IT3000, ja-JP3003, en-AU3003, en-GB3002, en-IE3002, en-SG3001, de-DE3003, fr-FR3003, ja-JP3004, en-US3008, de-AT3053, de-BE3053, de-CH3053, de-DE3053, en-AU3053, en-CA3053, en-GB3053, en-IE3053, en-IN3053, en-SG3053, en-US3053, es-ES3053, es-US3053, fr-BE3053, fr-CH3053, fr-FR3053, hi-IN3053, it-CH3053, it-IT3053, ja-JP3053, pt-BR3053, de-AT3054, de-BE3054, de-CH3054, de-DE3054, en-AU3054, en-CA3054, en-GB3054, en-IE3054, en-IN3054, en-SG3054, en-US3054, es-ES3054, es-US3054, fr-BE3054, fr-CA3054, fr-CH3054, fr-FR3054, hi-IN3054, id-ID3054, it-CH3054, it-IT3054, ja-JP3054, ko-KR3054, pt-BR3054, th-TH3054, cmn-Hans-CN3056, cmn-Hant-TW3056, de-AT3056, de-BE3056, de-CH3056, de-DE3056, en-CA3056, en-IN3056, en-US3056, es-ES3056, es-US3056, fr-BE3056, fr-CA3056, fr-CH3056, fr-FR3056, hi-IN3056, id-ID3056, it-CH3056, it-IT3056, ja-JP3056, ko-KR3056, pl-PL3056, pt-BR3056, ru-RU3056, th-TH3056, tr-TR3056, vi-VN3056, ja-JP3059, id-ID3059, ko-KR3061, pl-PL3059, ru-RU3059, th-TH3059, tr-TR3059, vi-VN3059, en-AU3071, en-CA3071, en-GB3071, en-IE3071, en-SG3071, en-US3072, hi-IN3072]
06-04 05:58:25.688  1584  1584 I TvVoiceExtension: TvVoiceExtension.startDictation():359 Start dictation. Finishing composing text.
06-04 05:58:25.688  3388  3509 W SystemLPSourceImpl: #getAvailablePackages: Note there is not reason to call this method, as getInstalledPackages() returns the same LanguagePacks for this impl.
06-04 05:58:25.690  3388  3509 I DefaultLPManager: #getInstalledPackages
06-04 05:58:25.690  3388  3509 I fnq     : #getInstalledPackages from MDD
06-04 05:58:25.690  3388  3509 I fnq     : #GetLanguagePackList
06-04 05:58:25.690  3388  3509 I fnq     : MDD.getFileGroupsByFilter(langpack-domain_xx-XX_ver_zipfile)
06-04 05:58:25.699  3388  4329 E VoiceSearchConfigUtils: Unrecognized recognizer for [ja-JP, 3053]: 23. Ignoring it and its associated features.
06-04 05:58:25.699  3388  4329 E VoiceSearchConfigUtils: Unrecognized recognizer for [ja-JP, 3053]: 22. Ignoring it and its associated features.
06-04 05:58:25.699  3388  4329 E VoiceSearchConfigUtils: Unrecognized recognizer for [ja-JP, 3053]: 23. Ignoring it and its associated features.
