--------- beginning of main
06-04 05:55:58.584 12551 12613 W cast_shell: [0604/055558.584806:WARNING:time_sync_responder.cc(61)] Invalid time sync packet
06-04 05:56:02.310   694   987 V serviceDiscovery: [MdnsAdvertiser.wlan0] VERBOSE Parsed packet with transactionId(0): 1 questions, 0 answers, 0 authority, 0 additional from /10.1.69.1:5353
06-04 05:56:02.310 12551 12611 I cast_shell: [0604/055602.310379:INFO:mdns_app_filter.cc(3358)] MdnsAppFilter: responses sent in 60 seconds: 8
06-04 05:56:07.370   694   987 V serviceDiscovery: [MdnsAdvertiser.wlan0] VERBOSE Parsed packet with transactionId(0): 1 questions, 0 answers, 0 authority, 0 additional from /10.1.69.1:5353
06-04 05:56:07.372   694   987 V serviceDiscovery: [MdnsAdvertiser.wlan0] VERBOSE Parsed packet with transactionId(0): 1 questions, 0 answers, 0 authority, 0 additional from /10.1.69.1:5353
06-04 05:56:07.376   694   987 V serviceDiscovery: [MdnsAdvertiser.wlan0] VERBOSE Parsed packet with transactionId(0): 1 questions, 0 answers, 0 authority, 0 additional from /10.1.69.1:5353
06-04 05:56:07.378   694   987 V serviceDiscovery: [MdnsAdvertiser.wlan0] VERBOSE Parsed packet with transactionId(0): 1 questions, 0 answers, 0 authority, 0 additional from /10.1.69.1:5353
06-04 05:56:07.399   694   987 I serviceDiscovery: [MdnsDiscoveryManager._trel._udp.local-100/16] Handling response from service: 36de8addfa512b81, newInCache: false, serviceBecomesComplete: false, responseIsComplete: true
06-04 05:56:07.403   694  1031 I ThreadNetwork: [NsdPublisher] Service is resolved.  Listener ID: 7, serviceInfo: name: 36de8addfa512b81, type: _trel._udp, subtypes: , hostAddresses: /10.1.69.134, /fe80::240f:30ff:fe9b:8ba9%wlan0, /fdf1:c6bc:a346:61be:240f:30ff:fe9b:8ba9, hostname: Android_E4MGKNOG, port: 42726, network: 100, expirationTime: 2026-06-04T09:58:07Z, txtRecord: {xa=0x36DE8ADDFA512B81, xp=0xF1C6BCA3469F61BE}
06-04 05:56:07.421   694   987 E serviceDiscovery: [MdnsAdvertiser.wlan0.MdnsReplySender/serviceDiscovery] TERRIBLE Unknown reply info.
06-04 05:56:07.436   694   987 E serviceDiscovery: [MdnsAdvertiser.wlan0.MdnsReplySender/serviceDiscovery] TERRIBLE Unknown reply info.
06-04 05:56:07.444   694   987 E serviceDiscovery: [MdnsAdvertiser.wlan0.MdnsReplySender/serviceDiscovery] TERRIBLE Unknown reply info.
06-04 05:56:09.378 12551 12613 W cast_shell: [0604/055609.377937:WARNING:time_sync_responder.cc(61)] Invalid time sync packet
--------- beginning of system
06-04 05:56:14.279   694   694 V HotPlugDetectionAction: Poll all devices.
06-04 05:56:14.280   518   534 I Hw_Cec  : [HwCecMessage] Tx: 80
06-04 05:56:14.855   518   534 I Hw_Cec  : [HwCecMessage] Tx: 81
06-04 05:56:15.460   518   534 I Hw_Cec  : [HwCecMessage] Tx: 82
06-04 05:56:16.544   518   534 I Hw_Cec  : [HwCecMessage] Tx: 83
06-04 05:56:17.163   518   534 I Hw_Cec  : [HwCecMessage] Tx: 84
06-04 05:56:17.328 12551 12551 I cast_shell: [0604/055617.328811:INFO:service_base.h(78)] Size of the map for type AuthTokenResponse is 0
06-04 05:56:17.349 12551 12551 I cast_shell: [0604/055617.348872:INFO:service_base.h(246)] Container sizes for type CloudSetting are (session_info_map: 0), (topic_info_map: 21), (pending_events: 0).
06-04 05:56:17.413 12551 12551 I cast_shell: [0604/055617.413387:INFO:metrics_stat_logger.cc(38)] Metrics stat for the past 60 secs : total=2
06-04 05:56:17.413 12551 12551 I cast_shell: [metrics_stat_logger] Cast.Discovery.Mdns.Request.In=3
06-04 05:56:17.413 12551 12551 I cast_shell: [metrics_stat_logger] Cast.Discovery.Mdns.Response.Out=3
06-04 05:56:17.763   518   534 I Hw_Cec  : [HwCecMessage] Tx: 85
06-04 05:56:17.963 12551 12611 I cast_shell: [0604/055617.963429:INFO:mdns_app_filter.cc(3550)] Mdns cast queries recently sent: queries=1
06-04 05:56:18.516   518   534 I Hw_Cec  : [HwCecMessage] Tx: 86
06-04 05:56:19.131   518   534 I Hw_Cec  : [HwCecMessage] Tx: 87
06-04 05:56:19.737   518   534 I Hw_Cec  : [HwCecMessage] Tx: 89
06-04 05:56:19.815 12551 12613 W cast_shell: [0604/055619.815548:WARNING:time_sync_responder.cc(61)] Invalid time sync packet
06-04 05:56:19.948   744   773 I libPowerHal: [perfLockAcq] idx:0 hdl:2581 hint:50 pid:744 tid:744 duration:2000 lock_user:vendor.mediatek => ret_hdl:2581
06-04 05:56:19.948   744   773 I libPowerHal: [setClusterFreq] INTERACTION set cpufreq[0] min:2000000 max:-1 
06-04 05:56:19.949   744   773 I libPowerHal: [setClusterFreq]  set cpu_ctrl cpufreq: 2000000 -1 
06-04 05:56:19.950   744   773 I libPowerHal: [PE] INTERACTION update cmd:1408300, param:100
06-04 05:56:19.951   744   773 I libPowerHal: [perfLockAcq] idx:1 hdl:2582 hint:50 pid:744 tid:744 duration:2000 lock_user:vendor.mediatek => ret_hdl:2582
06-04 05:56:19.951   744   773 I libPowerHal: [setClusterFreq] INTERACTION set cpufreq[0] min:2000000 max:-1 
06-04 05:56:20.053   744   773 I libPowerHal: [perfLockAcq] idx:2 hdl:2583 hint:50 pid:744 tid:744 duration:2000 lock_user:vendor.mediatek => ret_hdl:2583
06-04 05:56:20.053   744   773 I libPowerHal: [setClusterFreq] INTERACTION set cpufreq[0] min:2000000 max:-1 
06-04 05:56:20.053   694   845 D HdmiControlService: Process pid: 694 is calling oneTouchPlay.
06-04 05:56:20.053   694   694 I OneTouchPlayAction: Start action.
06-04 05:56:20.053   744   773 I libPowerHal: [perfLockAcq] idx:3 hdl:2584 hint:50 pid:744 tid:744 duration:2000 lock_user:vendor.mediatek => ret_hdl:2584
06-04 05:56:20.053   744   773 I libPowerHal: [setClusterFreq] INTERACTION set cpufreq[0] min:2000000 max:-1 
06-04 05:56:20.054   518   534 I Hw_Cec  : [HwCecMessage] Tx: 80:0d
06-04 05:56:20.056   744   773 I libPowerHal: [perfLockAcq] idx:4 hdl:2585 hint:50 pid:744 tid:744 duration:2000 lock_user:vendor.mediatek => ret_hdl:2585
06-04 05:56:20.056   744   773 I libPowerHal: [setClusterFreq] INTERACTION set cpufreq[0] min:2000000 max:-1 
06-04 05:56:20.058  1725  1763 D MonitorActivityService: activityStarting: com.google.android.apps.tv.launcherx, Intent { act=android.intent.action.MAIN cat=[android.intent.category.HOME] cmp=com.google.android.apps.tv.launcherx/.home.HomeActivity }
06-04 05:56:20.058  1725  1763 D AppLaunchBooster: activityStarting: com.google.android.apps.tv.launcherx, Intent { act=android.intent.action.MAIN cat=[android.intent.category.HOME] cmp=com.google.android.apps.tv.launcherx/.home.HomeActivity }
06-04 05:56:20.059  1061  1061 I vol.VolumeDialogImpl: mDialog.dismiss() reason: volume_controller from: com.android.systemui.volume.VolumeDialogImpl$7.onDismissRequested:3
06-04 05:56:20.060  1725  1763 D AppLaunchBooster: Running package = com.android.tv.settings
06-04 05:56:20.063  1061  1091 D WindowManagerShell: TvPipMenuController: closeMenu()
06-04 05:56:20.063  1061  1091 D WindowManagerShell: TvPipMenuController: switchToMenuMode: from=MODE_NO_MENU, to=MODE_NO_MENU
06-04 05:56:20.067   694   845 E CellBroadcastUtils: getDefaultCellBroadcastReceiverPackageName: no package found
06-04 05:56:20.068   744   753 I mtkpower@impl: [setMode] type:5, enabled:1
06-04 05:56:20.068   744   773 I libPowerHal: [perfLockAcq] idx:5 hdl:2586 hint:61 pid:744 tid:744 duration:30000 lock_user:vendor.mediatek => ret_hdl:2586
06-04 05:56:20.068   744   773 I libPowerHal: [setClusterFreq] LAUNCH set cpufreq[0] min:2000000 max:-1 
06-04 05:56:20.076  1061  1091 V WindowManagerShell: Transition requested: android.os.BinderProxy@4783b58 TransitionRequestInfo { type = OPEN, triggerTask = TaskInfo{userId=0 taskId=2428 displayId=0 isRunning=true baseIntent=Intent { act=android.intent.action.MAIN cat=[android.intent.category.HOME] flg=0x10800100 cmp=com.google.android.apps.tv.launcherx/.home.HomeActivity } baseActivity=ComponentInfo{com.google.android.apps.tv.launcherx/com.google.android.apps.tv.launcherx.home.HomeActivity} topActivity=ComponentInfo{com.google.android.apps.tv.launcherx/com.google.android.apps.tv.launcherx.home.HomeActivity} origActivity=null realActivity=ComponentInfo{com.google.android.apps.tv.launcherx/com.google.android.apps.tv.launcherx.home.HomeActivity} numActivities=1 lastActiveTime=41609463 supportsMultiWindow=false resizeMode=0 isResizeable=false minWidth=-1 minHeight=-1 defaultMinSize=220 token=WCT{android.window.IWindowContainerToken$Stub$Proxy@75644b1} topActivityType=2 pictureInPictureParams=null shouldDockBigOverlays=true launchIntoPipHostTaskId=-1 lastParentTaskIdBeforePip=-1 displayCutoutSafeInsets=null topActivityInfo=ActivityInfo{a8f5d96 com.google.android.apps.tv.launcherx.home.HomeActivity} launchCookies=[] positionInParent=Point(0, 0) parentTaskId=-1 isFocused=true isVisible=false isVisibleRequested=true isSleeping=false topActivityInSizeCompat=false topActivityEligibleForLetterboxEducation= false topActivityLetterboxed= false isFromDoubleTap= false topActivityLetterboxVerticalPosition= -1 topActivityLetterboxHorizontalPosition= -1 topActivityLetterboxWidth=-1 topActivityLetterboxHeight=-1 locusId=null displayAreaFeatureId=1 cameraCompatControlState=hidden}, remoteTransition = null, displayChange = null }
06-04 05:56:20.079   694   845 I ActivityTaskManager: START u0 {act=android.intent.action.MAIN cat=[android.intent.category.HOME] flg=0x10000100 cmp=com.google.android.apps.tv.launcherx/.home.HomeActivity (has extras)} with LAUNCH_SINGLE_TASK from uid 0 (BAL_ALLOW_ALLOWLISTED_UID) result code=2
06-04 05:56:20.081  1816  1816 W AdultGuideFragmentPeer: onStart, enableFixTabRefresh: false
06-04 05:56:20.083   744   773 I libPowerHal: [perfLockAcq] idx:6 hdl:2587 hint:50 pid:744 tid:744 duration:2000 lock_user:vendor.mediatek => ret_hdl:2587
06-04 05:56:20.083   744   773 I libPowerHal: [setClusterFreq] INTERACTION set cpufreq[0] min:2000000 max:-1 
06-04 05:56:20.084  1816  1816 W AccountSelectorDataServ: Single user condition 1 [true]
06-04 05:56:20.085  1816  1816 W AccountSelectorDataServ: Single user condition 2 [true]
06-04 05:56:20.085  1816  1816 W AccountSelectorDataServ: Single user condition 3 [true]
06-04 05:56:20.086  1816  1816 W AccountSelectorDataServ: Single user condition 4 [true]
06-04 05:56:20.088   694   847 W ProcessStats: Tracking association SourceState{d49d4c0 com.google.android.apps.tv.launcherx/10069 BTop #11269} whose proc state 2 is better than process ProcessState{b6a416e com.google.android.gms.persistent/10071 pkg=com.google.android.gms} proc state 4 (6 skipped)
06-04 05:56:20.089  1816  1816 W KatnissIntegrationServi: Attempting to connect
06-04 05:56:20.090   745 14509 W IPCThreadState: Sending oneway calls to frozen process.
06-04 05:56:20.090   745 14509 W IPCThreadState: Sending oneway calls to frozen process.
06-04 05:56:20.094 12551 12551 D cast_MediashellMediaRouteProviderService: [MediashellMediaRouteProviderService.java:37] Returning null binder.
06-04 05:56:20.099   543   543 I BpBinder: onLastStrongRef automatically unlinking death recipients: 
06-04 05:56:20.105  1816  1816 W KatnissIntegrationServi: Connect count 1
06-04 05:56:20.107  1816  1816 W WindowOnBackDispatcher: OnBackInvokedCallback is not enabled for the application.
06-04 05:56:20.107  1816  1816 W WindowOnBackDispatcher: Set 'android:enableOnBackInvokedCallback="true"' in the application manifest.
06-04 05:56:20.107  1816  1816 W KatnissIntegrationServi: Connect count 2
06-04 05:56:20.108  1816  1816 W KatnissIntegrationServi: Connect count 3
06-04 05:56:20.120  1816  1816 W HomeActivityPeerImpl: Wake by home key, stop dispatch
06-04 05:56:20.123  1816  1816 W Settings: Setting development_settings_enabled has moved from android.provider.Settings.Secure to android.provider.Settings.Global.
06-04 05:56:20.123  1816  1816 W BootModeAppToForeground: LauncherX to foreground.
06-04 05:56:20.124  1816  1975 W StreamStore: Waited 3m 15.180175858s for a refresh of stream 1908174647136281936
06-04 05:56:20.127  1816  1960 W BootModeAppToForeground: Checking if this is the first launch after boot
06-04 05:56:20.128  1816  1960 W BootModeAppToForeground: LauncherX to foreground. The context is com.google.android.apps.tv.launcherx.home.HomeActivity.
06-04 05:56:20.128  1816  1960 W BootModeAppToForeground: Update active account last used time.
06-04 05:56:20.153  1816  1965 W BootModeNotificationMan: Mark criteria LauncherX in foreground: tif_in_foreground_on_screen_off = [false], dispatch_to_amati_home = [true], launcherx_in_foreground = [true].
06-04 05:56:20.155   518   534 I Hw_Cec  : [HwCecMessage] Tx: 8f:82:20:00
06-04 05:56:20.162  1816  1979 W DeviceCustomizationsImp: Cached DeviceCustomizations found.
06-04 05:56:20.164  1725  1725 I AppLaunchBooster: suppressProcess: com.android.tv.settings
06-04 05:56:20.165  1816  1969 E OpenGLRenderer: Unable to match the desired swap behavior.
06-04 05:56:20.169  1816 15295 E ActivityThread: Failed to find provider info for com.google.android.apps.youtube.tvunplugged.client.provider
06-04 05:56:20.172  1816  1965 W CustomizationsConversio: Setting power on mode to HOME.
06-04 05:56:20.174  1816  1960 W LastUsedInputProtoDataS: Mark Home as last input
06-04 05:56:20.177  1725  1725 D AppLaunchBooster: pid = 1342
06-04 05:56:20.181  1816  1975 W BootModeAppToForeground: Background timeout condition 1 [true]
06-04 05:56:20.181  1816  1975 W BootModeAppToForeground: Background timeout condition 2 [true]
06-04 05:56:20.184  1816  1975 W BootModeAppToForeground: Background timeout condition 3 [true]
06-04 05:56:20.189  1061  1091 D WindowManagerShell: TvPipController: onTaskStackChanged()
06-04 05:56:20.193  1816  1975 W BootModeAppToForeground: Background timeout condition 4 [true]
06-04 05:56:20.193  1816  1975 W BootModeAppToForeground: Background timeout reached, starting home intent and reset focus position.
06-04 05:56:20.197  1725  1763 D MonitorActivityService: activityStarting: com.google.android.apps.tv.launcherx, Intent { act=android.intent.action.MAIN pkg=com.google.android.apps.tv.launcherx cmp=com.google.android.apps.tv.launcherx/.home.HomeActivity }
06-04 05:56:20.197  1725  1763 D AppLaunchBooster: activityStarting: com.google.android.apps.tv.launcherx, Intent { act=android.intent.action.MAIN pkg=com.google.android.apps.tv.launcherx cmp=com.google.android.apps.tv.launcherx/.home.HomeActivity }
06-04 05:56:20.201  1725  1763 D AppLaunchBooster: Running package = com.google.android.apps.tv.launcherx
06-04 05:56:20.202  1816  1816 W KatnissIntegrationServi: Katniss service connected
06-04 05:56:20.205   694  2083 E CellBroadcastUtils: getDefaultCellBroadcastReceiverPackageName: no package found
06-04 05:56:20.206 11602 11602 I katniss_interactor_AppAssistantIntegrationServicePeer: #handleMessage message.what: 1
06-04 05:56:20.226   694  2083 I ActivityTaskManager: START u0 {act=android.intent.action.MAIN flg=0x14000000 pkg=com.google.android.apps.tv.launcherx cmp=com.google.android.apps.tv.launcherx/.home.HomeActivity (has extras)} with LAUNCH_SINGLE_TASK from uid 10069 (BAL_ALLOW_ALLOWLISTED_COMPONENT) result code=3
06-04 05:56:20.234 15299 15299 D app_booster_util: app_booster_util started
06-04 05:56:20.235 15299 15299 D app_booster_util: Previous pid=1342
06-04 05:56:20.235 15299 15299 I app_booster_util: Moving 1342 to restricted cpuset
06-04 05:56:20.235 15299 15299 I app_booster_util: Moving 1342 to restricted cgroup
06-04 05:56:20.266 11602 11602 I katniss_interactor_AppAssistantIntegrationServicePeer: #handleMessage message.what: 2
06-04 05:56:20.269  1061  1091 V WindowManagerShell: onTransitionReady android.os.BinderProxy@4783b58: {id=50 t=OPEN f=0x0 trk=0 r=[0@Point(0, 0)] c=[{WCT{android.window.IWindowContainerToken$Stub$Proxy@edbbd22} m=TO_FRONT f=MOVE_TO_TOP leash=Surface(name=Task=1)/@0x592bd17 sb=Rect(0, 0 - 1920, 1080) eb=Rect(0, 0 - 1920, 1080) d=0},{WCT{android.window.IWindowContainerToken$Stub$Proxy@17c13b3} m=TO_BACK f=NONE leash=Surface(name=Task=2452)/@0xbe1b504 sb=Rect(0, 0 - 1920, 1080) eb=Rect(0, 0 - 1920, 1080) d=0}]}
06-04 05:56:20.269  1061  1091 V WindowManagerShell: Playing animation for (#50)android.os.BinderProxy@4783b58@0
06-04 05:56:20.269  1061  1091 V WindowManagerShell:  try handler com.android.wm.shell.keyguard.KeyguardTransitionHandler@9b58b5
06-04 05:56:20.269  1061  1091 V WindowManagerShell:  try handler com.android.wm.shell.activityembedding.ActivityEmbeddingController@82a1b4a
06-04 05:56:20.269  1061  1091 V WindowManagerShell:  try handler com.android.wm.shell.pip.tv.TvPipTransition@37a5abb
06-04 05:56:20.269  1061  1091 V WindowManagerShell:  try handler com.android.wm.shell.transition.RemoteTransitionHandler@a5fcbd8
06-04 05:56:20.269  1061  1091 V WindowManagerShell: Transition doesn't have explicit remote, search filters for match for {id=50 t=OPEN f=0x0 trk=0 r=[0@Point(0, 0)] c=[{WCT{android.window.IWindowContainerToken$Stub$Proxy@edbbd22} m=TO_FRONT f=MOVE_TO_TOP leash=Surface(name=Task=1)/@0x592bd17 sb=Rect(0, 0 - 1920, 1080) eb=Rect(0, 0 - 1920, 1080) d=0},{WCT{android.window.IWindowContainerToken$Stub$Proxy@17c13b3} m=TO_BACK f=NONE leash=Surface(name=Task=2452)/@0xbe1b504 sb=Rect(0, 0 - 1920, 1080) eb=Rect(0, 0 - 1920, 1080) d=0}]}
06-04 05:56:20.269  1061  1091 V WindowManagerShell:  Delegate animation for #50 to null
06-04 05:56:20.269  1061  1091 V WindowManagerShell:  try handler com.android.wm.shell.transition.DefaultTransitionHandler@bf5cb31
06-04 05:56:20.269  1061  1091 V WindowManagerShell: start default transition animation, info = {id=50 t=OPEN f=0x0 trk=0 r=[0@Point(0, 0)] c=[{WCT{android.window.IWindowContainerToken$Stub$Proxy@edbbd22} m=TO_FRONT f=MOVE_TO_TOP leash=Surface(name=Task=1)/@0x592bd17 sb=Rect(0, 0 - 1920, 1080) eb=Rect(0, 0 - 1920, 1080) d=0},{WCT{android.window.IWindowContainerToken$Stub$Proxy@17c13b3} m=TO_BACK f=NONE leash=Surface(name=Task=2452)/@0xbe1b504 sb=Rect(0, 0 - 1920, 1080) eb=Rect(0, 0 - 1920, 1080) d=0}]}
06-04 05:56:20.270  1061  1091 V WindowManagerShell: loadAnimation: anim=android.view.animation.AlphaAnimation@9c896e animAttr=0x9 type=OPEN isEntrance=false
06-04 05:56:20.271  1061  1091 V WindowManagerShell: loadAnimation: anim=android.view.animation.AlphaAnimation@258a09c animAttr=0x8 type=OPEN isEntrance=true
06-04 05:56:20.274  1061  1091 V WindowManagerShell:  animated by com.android.wm.shell.transition.DefaultTransitionHandler@bf5cb31
06-04 05:56:20.275   694   843 V WindowManager: Sent Transition #50 createdAt=06-04 05:56:20.067 via request=TransitionRequestInfo { type = OPEN, triggerTask = TaskInfo{userId=0 taskId=2428 displayId=0 isRunning=true baseIntent=Intent { act=android.intent.action.MAIN cat=[android.intent.category.HOME] flg=0x10800100 cmp=com.google.android.apps.tv.launcherx/.home.HomeActivity } baseActivity=ComponentInfo{com.google.android.apps.tv.launcherx/com.google.android.apps.tv.launcherx.home.HomeActivity} topActivity=ComponentInfo{com.google.android.apps.tv.launcherx/com.google.android.apps.tv.launcherx.home.HomeActivity} origActivity=null realActivity=ComponentInfo{com.google.android.apps.tv.launcherx/com.google.android.apps.tv.launcherx.home.HomeActivity} numActivities=1 lastActiveTime=41609463 supportsMultiWindow=false resizeMode=0 isResizeable=false minWidth=-1 minHeight=-1 defaultMinSize=220 token=WCT{RemoteToken{acaefa6 Task{88e9f4c #2428 type=home A=10069:com.google.android.apps.tv.launcherx}}} topActivityType=2 pictureInPictureParams=null shouldDockBigOverlays=true launchIntoPipHostTaskId=-1 lastParentTaskIdBeforePip=-1 displayCutoutSafeInsets=null topActivityInfo=ActivityInfo{ef2aff9 com.google.android.apps.tv.launcherx.home.HomeActivity} launchCookies=[] positionInParent=Point(0, 0) parentTaskId=-1 isFocused=true isVisible=false isVisibleRequested=true isSleeping=false topActivityInSizeCompat=false topActivityEligibleForLetterboxEducation= false topActivityLetterboxed= false isFromDoubleTap= false topActivityLetterboxVerticalPosition= -1 topActivityLetterboxHorizontalPosition= -1 topActivityLetterboxWidth=-1 topActivityLetterboxHeight=-1 locusId=null displayAreaFeatureId=1 cameraCompatControlState=hidden}, remoteTransition = null, displayChange = null }
06-04 05:56:20.275   694   843 V WindowManager:     startWCT=WindowContainerTransaction { changes = {} hops = [] errorCallbackToken=null taskFragmentOrganizer=null }
06-04 05:56:20.276   694   843 V WindowManager:     info={id=50 t=OPEN f=0x0 trk=0 r=[0@Point(0, 0)] c=[{WCT{RemoteToken{cb2d37c Task{6be569e #1 type=home}}} m=TO_FRONT f=MOVE_TO_TOP leash=Surface(name=Task=1)/@0x97d503e sb=Rect(0, 0 - 1920, 1080) eb=Rect(0, 0 - 1920, 1080) d=0},{WCT{RemoteToken{fb40928 Task{ff62657 #2452 type=standard A=1000:com.android.tv.settings}}} m=TO_BACK f=NONE leash=Surface(name=Task=2452)/@0xa35db2f sb=Rect(0, 0 - 1920, 1080) eb=Rect(0, 0 - 1920, 1080) d=0}]}
06-04 05:56:20.292   694  2063 D ActivityManager: sync unfroze 11180 com.google.android.gms for 6
06-04 05:56:20.296   694  2063 D ActivityManager: sync unfroze 14246 com.google.android.webview:sandboxed_process0:org.chromium.content.app.SandboxedProcessService0:0 for 6
06-04 05:56:20.321   744   753 I mtkpower@impl: [setMode] type:6, enabled:1
06-04 05:56:20.322   744   753 E mtkpower@impl: [setMode] unknown type
06-04 05:56:20.324   518   534 I Hw_Cec  : [HwCecMessage] Tx: 80:8e:00
06-04 05:56:20.335  1816 15293 E ActivityThread: Failed to find provider info for com.google.android.apps.youtube.tvunplugged.client.provider
06-04 05:56:20.346   694  2306 I ImeTracker: com.google.android.apps.tv.launcherx:f2978f8c: onRequestHide at ORIGIN_SERVER_HIDE_INPUT reason HIDE_UNSPECIFIED_WINDOW
06-04 05:56:20.356  1816  2412 I cn_CronetUrlRequestContext: destroyNativeStreamLocked org.chromium.net.impl.CronetBidirectionalStream@cf8279f
06-04 05:56:20.397  1725  1725 D MtkAppStatusObserver: setPackageName: com.google.android.apps.tv.launcherx
06-04 05:56:20.402   694  2306 I ImeTracker: com.google.android.apps.tv.launcherx:f2978f8c: onCancelled at PHASE_SERVER_SHOULD_HIDE
06-04 05:56:20.406  1584  1584 I GoogleInputMethodService: GoogleInputMethodService.onFinishInput():2084 
06-04 05:56:20.424   508   508 I DeviceMSDHAL: +setParameters(): foreground_app_change=com.google.android.apps.tv.launcherx
06-04 05:56:20.437   508   508 I DeviceMSDHAL: setParameters(752),  com.google.android.apps.tv.launcherx value 0
06-04 05:56:20.437   508   508 I DeviceMSDHAL: -setParameters(): foreground_app_change=com.google.android.apps.tv.launcherx 
06-04 05:56:20.439  1584  1584 I Module  : DeviceLockedStatusModuleProvider$Module.updateDeviceLockedStatus():101 repeatCheckTimes = 0, locked = false
06-04 05:56:20.440  1584  1584 W NotificationCenter: NotificationCenter$NotificationQueue.notifyPendingNotificationsOnExecutor():877 Heavy notify work detected on UI thread: [eam->byd, eam->dzo, eam->dpa] takes 33ms
06-04 05:56:20.440  1584  1584 I GoogleInputMethodService: GoogleInputMethodService.onStartInput():1345 onStartInput(EditorInfo{EditorInfo{packageName=com.google.android.apps.tv.launcherx, inputType=0, inputTypeString=NULL, enableLearning=false, autoCorrection=false, autoComplete=false, imeOptions=0, privateImeOptions=null, actionName=UNSPECIFIED, actionLabel=null, initialSelStart=-1, initialSelEnd=-1, initialCapsMode=0, label=null, fieldId=0, fieldName=null, extras=null, hintText=null, hintLocales=[]}}, false)
06-04 05:56:20.447   694  1052 W PackageConfigPersister: App-specific configuration not found for packageName: com.google.android.apps.tv.launcherx and userId: 0
06-04 05:56:20.468  1816  2412 I cn_CronetUrlRequestContext: destroyNativeStreamLocked org.chromium.net.impl.CronetBidirectionalStream@4f35699
06-04 05:56:20.474  1584  1584 I Module  : DeviceLockedStatusModuleProvider$Module.updateDeviceLockedStatus():101 repeatCheckTimes = 1, locked = false
06-04 05:56:20.474  1584  1584 W NotificationCenter: NotificationCenter$NotificationQueue.notifyPendingNotificationsOnExecutor():877 Heavy notify work detected on UI thread: [eam->byd, eam->dzo, eam->dpa] takes 26ms
06-04 05:56:20.478   518   534 I Hw_Cec  : [HwCecMessage] Tx: 85:70:20:00
06-04 05:56:20.529  1816 15298 E ActivityThread: Failed to find provider info for com.google.android.apps.youtube.tvunplugged.client.provider
06-04 05:56:20.535  1816  2412 I cn_CronetUrlRequestContext: destroyNativeStreamLocked org.chromium.net.impl.CronetBidirectionalStream@79128ff
06-04 05:56:20.560  1816  1979 W SetWatchNextVerificatio: Watch next verification data is empty
06-04 05:56:20.638   518   534 I Hw_Cec  : [HwCecMessage] Tx: 80:8f
06-04 05:56:20.657  1816  1969 E FrameEvents: updateAcquireFence: Did not find frame.
06-04 05:56:20.682  1061  1091 V WindowManagerShell: Transition animation finished (aborted=false), notifying core (#50)android.os.BinderProxy@4783b58@0
06-04 05:56:20.685   694   843 V WindowManager: Finish Transition #50: created at 06-04 05:56:20.067 collect-started=0.07ms request-sent=8.357ms started=13.297ms ready=13.241ms sent=179.84ms finished=618.008ms
06-04 05:56:20.690  1061  1091 V WindowManagerShell: Track 0 became idle
06-04 05:56:20.690  1061  1091 V WindowManagerShell: All active transition animations finished
06-04 05:56:20.702   744   753 I mtkpower@impl: [setMode] type:6, enabled:0
06-04 05:56:20.703   744   753 E mtkpower@impl: [setMode] unknown type
06-04 05:56:20.725  1816  2412 I cn_CronetUrlRequestContext: destroyNativeStreamLocked org.chromium.net.impl.CronetBidirectionalStream@ee84de7
06-04 05:56:20.748  1816  1816 W ImagePropBinder: both height and width are set/not set for the image, overriding dimension is ignored.
06-04 05:56:20.760  1816  1816 W ImagePropBinder: both height and width are set/not set for the image, overriding dimension is ignored.
06-04 05:56:20.771  1816  1816 W ImagePropBinder: both height and width are set/not set for the image, overriding dimension is ignored.
06-04 05:56:20.806   518   534 I Hw_Cec  : [HwCecMessage] Tx: 85:71
06-04 05:56:20.888  1816 15298 E ActivityThread: Failed to find provider info for com.google.android.apps.youtube.tvunplugged.client.provider
06-04 05:56:20.914   744   776 D libPowerHal_uevent: recv() get bytes: count = 162 
06-04 05:56:20.914   744   776 D libPowerHal_uevent: recv() get bytes: count = 160 
06-04 05:56:20.916   518   545 I Hw_Cec  : [HwCecMessage] Rx: 5f:72:01
06-04 05:56:20.918   518   546 I Hw_Cec  : [HdmiCec] handleRecvMsg, init:5, dest:15, opcode: 0x72 param[0]=0x1
06-04 05:56:20.918   518   546 I Hw_Cec  : [HdmiCec] sendEventCbf, mCecHalAlwaysOn=1, mOptionEnableCec=1
06-04 05:56:20.922  1816  1969 E FrameEvents: updateAcquireFence: Did not find frame.
06-04 05:56:20.982   744   753 I mtkpower@impl: [setMode] type:5, enabled:0
06-04 05:56:20.982   744   773 I libPowerHal: [perfLockRel] hdl:2586, idx:5
06-04 05:56:20.995  1816  2412 I cn_CronetUrlRequestContext: destroyNativeStreamLocked org.chromium.net.impl.CronetBidirectionalStream@8edbe1f
06-04 05:56:21.011  1816 15298 E ActivityThread: Failed to find provider info for com.google.android.apps.youtube.tvunplugged.client.provider
06-04 05:56:21.013   744   776 D libPowerHal_uevent: recv() get bytes: count = 162 
06-04 05:56:21.013   744   776 D libPowerHal_uevent: recv() get bytes: count = 160 
06-04 05:56:21.014   518   545 I Hw_Cec  : [HwCecMessage] Rx: 08:90:00
06-04 05:56:21.014   518   546 I Hw_Cec  : [HdmiCec] handleRecvMsg, init:0, dest:8, opcode: 0x90 param[0]=0x0
06-04 05:56:21.014   518   546 I Hw_Cec  : [HdmiCec] sendEventCbf, mCecHalAlwaysOn=1, mOptionEnableCec=1
06-04 05:56:21.018  1816  1969 E FrameEvents: updateAcquireFence: Did not find frame.
06-04 05:56:21.103  1816  1969 E FrameEvents: updateAcquireFence: Did not find frame.
06-04 05:56:21.138   518   534 I Hw_Cec  : [HwCecMessage] Tx: 85:71
06-04 05:56:21.234   744   773 I libPowerHal: [perfLockAcq] idx:5 hdl:2588 hint:50 pid:744 tid:744 duration:2000 lock_user:vendor.mediatek => ret_hdl:2588
06-04 05:56:21.234   744   773 I libPowerHal: [setClusterFreq] INTERACTION set cpufreq[0] min:2000000 max:-1 
06-04 05:56:21.235   744   773 I libPowerHal: [perfLockAcq] idx:7 hdl:2589 hint:50 pid:744 tid:744 duration:2000 lock_user:vendor.mediatek => ret_hdl:2589
06-04 05:56:21.235   744   773 I libPowerHal: [setClusterFreq] INTERACTION set cpufreq[0] min:2000000 max:-1 
06-04 05:56:21.242   532   999 D audioserver: FGS Logger Transaction failed
06-04 05:56:21.242   532   999 D audioserver: -129
06-04 05:56:21.243   508  4436 D StreamOutMSDHAL: StreamOut::write() this:0xdef01dc0,buffer:0xe7c82070, bytes:4096 mStandby:1 mIsValid:1 mFlags:0x8 mWriteCount:1
06-04 05:56:21.243   508  4436 D StreamOutMSDHAL: StreamOut::write() mFramer:0xe8a90eb0, mWorkerThread:0xe8a00a90 this:0xdef01dc0
06-04 05:56:21.243   508  4436 D StreamOutMSDHAL: StreamOut::write() inter_conf.last_ns:41610634563247
06-04 05:56:21.244   532  4428 D AudioFlinger: mixer(0xf0df6dd0) throttle end: throttle time(37)
06-04 05:56:21.256  1584  1584 I GoogleInputMethodService: GoogleInputMethodService.onFinishInput():2084 
06-04 05:56:21.257  1584  1584 I Module  : DeviceLockedStatusModuleProvider$Module.updateDeviceLockedStatus():101 repeatCheckTimes = 0, locked = false
06-04 05:56:21.257  1584  1584 I GoogleInputMethodService: GoogleInputMethodService.onStartInput():1345 onStartInput(EditorInfo{EditorInfo{packageName=com.google.android.apps.tv.launcherx, inputType=0, inputTypeString=NULL, enableLearning=false, autoCorrection=false, autoComplete=false, imeOptions=0, privateImeOptions=null, actionName=UNSPECIFIED, actionLabel=null, initialSelStart=-1, initialSelEnd=-1, initialCapsMode=0, label=null, fieldId=0, fieldName=null, extras=null, hintText=null, hintLocales=[]}}, false)
06-04 05:56:21.258   694  4680 W PackageConfigPersister: App-specific configuration not found for packageName: com.google.android.apps.tv.launcherx and userId: 0
06-04 05:56:21.259  1584  1584 I Module  : DeviceLockedStatusModuleProvider$Module.updateDeviceLockedStatus():101 repeatCheckTimes = 1, locked = false
06-04 05:56:21.310   518   534 I Hw_Cec  : [HwCecMessage] Tx: 8a
06-04 05:56:21.357  1816  1969 E FrameEvents: updateAcquireFence: Did not find frame.
06-04 05:56:21.364  1816  2412 I cn_CronetUrlRequestContext: destroyNativeStreamLocked org.chromium.net.impl.CronetBidirectionalStream@2908784
06-04 05:56:21.389  1816  1979 W SetWatchNextVerificatio: Watch next verification data is empty
06-04 05:56:21.402  1816  1828 I ps.tv.launcherx: NativeAlloc concurrent mark compact GC freed 261705(11MB) AllocSpace objects, 8(412KB) LOS objects, 49% free, 15MB/31MB, paused 3.707ms,5.926ms total 365.598ms
06-04 05:56:21.546   532  4428 D audioserver: FGS Logger Transaction failed
06-04 05:56:21.546   532  4428 D audioserver: -129
06-04 05:56:21.673   744   773 I libPowerHal: [perfLockAcq] idx:8 hdl:2590 hint:50 pid:744 tid:744 duration:2000 lock_user:vendor.mediatek => ret_hdl:2590
06-04 05:56:21.673   744   773 I libPowerHal: [setClusterFreq] INTERACTION set cpufreq[0] min:2000000 max:-1 
06-04 05:56:21.673   744   773 I libPowerHal: [perfLockAcq] idx:9 hdl:2591 hint:50 pid:744 tid:744 duration:2000 lock_user:vendor.mediatek => ret_hdl:2591
06-04 05:56:21.673   744   773 I libPowerHal: [setClusterFreq] INTERACTION set cpufreq[0] min:2000000 max:-1 
06-04 05:56:21.680   532   999 D audioserver: FGS Logger Transaction failed
06-04 05:56:21.680   532   999 D audioserver: -129
06-04 05:56:21.695   532  4428 D AudioFlinger: mixer(0xf0df6dd0) throttle end: throttle time(40)
06-04 05:56:21.758   532  4428 D AudioFlinger: mixer(0xf0df6dd0) throttle end: throttle time(10)
06-04 05:56:21.777   744   773 I libPowerHal: [perfLockAcq] idx:10 hdl:2592 hint:50 pid:744 tid:744 duration:2000 lock_user:vendor.mediatek => ret_hdl:2592
06-04 05:56:21.777   744   773 I libPowerHal: [setClusterFreq] INTERACTION set cpufreq[0] min:2000000 max:-1 
06-04 05:56:21.778   744   773 I libPowerHal: [perfLockAcq] idx:11 hdl:2593 hint:50 pid:744 tid:744 duration:2000 lock_user:vendor.mediatek => ret_hdl:2593
06-04 05:56:21.778   744   773 I libPowerHal: [setClusterFreq] INTERACTION set cpufreq[0] min:2000000 max:-1 
06-04 05:56:21.954   744   773 I mtkpower@impl: [powerd_req] TIMER_MSG_PERF_LOCK_TIMEOUT hdl:2581
06-04 05:56:21.954   744   773 I libPowerHal: [perfLockRel] hdl:2581, idx:0
06-04 05:56:21.955   744   773 I mtkpower@impl: [powerd_req] TIMER_MSG_PERF_LOCK_TIMEOUT hdl:2582
06-04 05:56:21.955   744   773 I libPowerHal: [perfLockRel] hdl:2582, idx:1
06-04 05:56:22.042   518   534 I Hw_Cec  : [HwCecMessage] Tx: 8f:82:20:00
06-04 05:56:22.053   744   773 I mtkpower@impl: [powerd_req] TIMER_MSG_PERF_LOCK_TIMEOUT hdl:2583
06-04 05:56:22.053   744   773 I libPowerHal: [perfLockRel] hdl:2583, idx:2
06-04 05:56:22.055   744   773 I mtkpower@impl: [powerd_req] TIMER_MSG_PERF_LOCK_TIMEOUT hdl:2584
06-04 05:56:22.055   744   773 I libPowerHal: [perfLockRel] hdl:2584, idx:3
06-04 05:56:22.056   744   773 I libPowerHal: [perfLockAcq] idx:0 hdl:2594 hint:50 pid:744 tid:744 duration:2000 lock_user:vendor.mediatek => ret_hdl:2594
06-04 05:56:22.056   744   773 I libPowerHal: [setClusterFreq] INTERACTION set cpufreq[0] min:2000000 max:-1 
06-04 05:56:22.056   744   773 I mtkpower@impl: [powerd_req] TIMER_MSG_PERF_LOCK_TIMEOUT hdl:2585
06-04 05:56:22.056   744   773 I libPowerHal: [perfLockRel] hdl:2585, idx:4
06-04 05:56:22.058   744   773 I libPowerHal: [perfLockAcq] idx:1 hdl:2595 hint:50 pid:744 tid:744 duration:2000 lock_user:vendor.mediatek => ret_hdl:2595
06-04 05:56:22.058   744   773 I libPowerHal: [setClusterFreq] INTERACTION set cpufreq[0] min:2000000 max:-1 
06-04 05:56:22.058   532  4428 D audioserver: FGS Logger Transaction failed
06-04 05:56:22.058   532  4428 D audioserver: -129
06-04 05:56:22.064   532   999 D audioserver: FGS Logger Transaction failed
06-04 05:56:22.064   532   999 D audioserver: -129
06-04 05:56:22.083   744   773 I mtkpower@impl: [powerd_req] TIMER_MSG_PERF_LOCK_TIMEOUT hdl:2587
06-04 05:56:22.084   744   773 I libPowerHal: [perfLockRel] hdl:2587, idx:6
06-04 05:56:22.142   532  4428 D AudioFlinger: mixer(0xf0df6dd0) throttle end: throttle time(10)
06-04 05:56:22.157   744   773 I libPowerHal: [perfLockAcq] idx:2 hdl:2596 hint:50 pid:744 tid:744 duration:2000 lock_user:vendor.mediatek => ret_hdl:2596
06-04 05:56:22.157   744   773 I libPowerHal: [setClusterFreq] INTERACTION set cpufreq[0] min:2000000 max:-1 
06-04 05:56:22.159   744   773 I libPowerHal: [perfLockAcq] idx:3 hdl:2597 hint:50 pid:744 tid:744 duration:2000 lock_user:vendor.mediatek => ret_hdl:2597
06-04 05:56:22.159   744   773 I libPowerHal: [setClusterFreq] INTERACTION set cpufreq[0] min:2000000 max:-1 
06-04 05:56:22.214   518   534 I Hw_Cec  : [HwCecMessage] Tx: 80:8e:00
06-04 05:56:22.250   508  4436 D StreamOutMSDHAL: StreamOut::write() this:0xdef01dc0,buffer:0xe7c82070, bytes:4096 mStandby:0 mIsValid:1 mFlags:0x8 mWriteCount:51
06-04 05:56:22.358   518   534 I Hw_Cec  : [HwCecMessage] Tx: 85:71
06-04 05:56:22.442   532  4428 D audioserver: FGS Logger Transaction failed
06-04 05:56:22.442   532  4428 D audioserver: -129
06-04 05:56:22.542   518   534 I Hw_Cec  : [HwCecMessage] Tx: 8b
06-04 05:56:22.576   744   773 I libPowerHal: [perfLockAcq] idx:4 hdl:2598 hint:50 pid:744 tid:744 duration:2000 lock_user:vendor.mediatek => ret_hdl:2598
06-04 05:56:22.576   744   773 I libPowerHal: [setClusterFreq] INTERACTION set cpufreq[0] min:2000000 max:-1 
06-04 05:56:22.576   744   773 I libPowerHal: [perfLockAcq] idx:6 hdl:2599 hint:50 pid:744 tid:744 duration:2000 lock_user:vendor.mediatek => ret_hdl:2599
06-04 05:56:22.576   744   773 I libPowerHal: [setClusterFreq] INTERACTION set cpufreq[0] min:2000000 max:-1 
06-04 05:56:22.579   532   999 D audioserver: FGS Logger Transaction failed
06-04 05:56:22.579   532   999 D audioserver: -129
06-04 05:56:22.654   532  4428 D AudioFlinger: mixer(0xf0df6dd0) throttle end: throttle time(10)
06-04 05:56:22.713   744   773 I libPowerHal: [perfLockAcq] idx:12 hdl:2600 hint:50 pid:744 tid:744 duration:2000 lock_user:vendor.mediatek => ret_hdl:2600
06-04 05:56:22.713   744   773 I libPowerHal: [setClusterFreq] INTERACTION set cpufreq[0] min:2000000 max:-1 
06-04 05:56:22.713   744   773 I libPowerHal: [perfLockAcq] idx:13 hdl:2601 hint:50 pid:744 tid:744 duration:2000 lock_user:vendor.mediatek => ret_hdl:2601
06-04 05:56:22.713   744   773 I libPowerHal: [setClusterFreq] INTERACTION set cpufreq[0] min:2000000 max:-1 
06-04 05:56:22.954   532  4428 D audioserver: FGS Logger Transaction failed
06-04 05:56:22.954   532  4428 D audioserver: -129
06-04 05:56:22.993   744   773 I libPowerHal: [perfLockAcq] idx:14 hdl:2602 hint:50 pid:744 tid:744 duration:2000 lock_user:vendor.mediatek => ret_hdl:2602
06-04 05:56:22.993   744   773 I libPowerHal: [setClusterFreq] INTERACTION set cpufreq[0] min:2000000 max:-1 
06-04 05:56:22.993   744   773 I libPowerHal: [perfLockAcq] idx:15 hdl:2603 hint:50 pid:744 tid:744 duration:2000 lock_user:vendor.mediatek => ret_hdl:2603
06-04 05:56:22.993   744   773 I libPowerHal: [setClusterFreq] INTERACTION set cpufreq[0] min:2000000 max:-1 
06-04 05:56:23.000   532   999 D audioserver: FGS Logger Transaction failed
06-04 05:56:23.000   532   999 D audioserver: -129
06-04 05:56:23.021   518   534 I Hw_Cec  : [HwCecMessage] Tx: 85:71
06-04 05:56:23.038   532  4428 D AudioFlinger: mixer(0xf0df6dd0) throttle end: throttle time(9)
06-04 05:56:23.102   532  4428 D AudioFlinger: mixer(0xf0df6dd0) throttle end: throttle time(10)
06-04 05:56:23.152   518   534 I Hw_Cec  : [HwCecMessage] Tx: 8c
06-04 05:56:23.235   744   773 I mtkpower@impl: [powerd_req] TIMER_MSG_PERF_LOCK_TIMEOUT hdl:2588
06-04 05:56:23.235   744   773 I libPowerHal: [perfLockRel] hdl:2588, idx:5
06-04 05:56:23.236   744   773 I mtkpower@impl: [powerd_req] TIMER_MSG_PERF_LOCK_TIMEOUT hdl:2589
06-04 05:56:23.236   744   773 I libPowerHal: [perfLockRel] hdl:2589, idx:7
06-04 05:56:23.306   508  4436 D StreamOutMSDHAL: StreamOut::write() this:0xdef01dc0,buffer:0xe7c82070, bytes:4096 mStandby:0 mIsValid:1 mFlags:0x8 mWriteCount:101
06-04 05:56:23.391   532  4428 D audioserver: FGS Logger Transaction failed
06-04 05:56:23.391   532  4428 D audioserver: -129
06-04 05:56:23.393   744   773 I libPowerHal: [perfLockAcq] idx:5 hdl:2604 hint:50 pid:744 tid:744 duration:2000 lock_user:vendor.mediatek => ret_hdl:2604
06-04 05:56:23.393   744   773 I libPowerHal: [setClusterFreq] INTERACTION set cpufreq[0] min:2000000 max:-1 
06-04 05:56:23.394   744   773 I libPowerHal: [perfLockAcq] idx:7 hdl:2605 hint:50 pid:744 tid:744 duration:2000 lock_user:vendor.mediatek => ret_hdl:2605
06-04 05:56:23.394   744   773 I libPowerHal: [setClusterFreq] INTERACTION set cpufreq[0] min:2000000 max:-1 
06-04 05:56:23.404   532   999 D audioserver: FGS Logger Transaction failed
06-04 05:56:23.405   532   999 D audioserver: -129
06-04 05:56:23.450   532   999 D audioserver: FGS Logger Transaction failed
06-04 05:56:23.450   532   999 D audioserver: -129
06-04 05:56:23.486   532  4428 D AudioFlinger: mixer(0xf0df6dd0) throttle end: throttle time(9)
06-04 05:56:23.495   744   773 I libPowerHal: [perfLockAcq] idx:16 hdl:2606 hint:50 pid:744 tid:744 duration:2000 lock_user:vendor.mediatek => ret_hdl:2606
06-04 05:56:23.495   744   773 I libPowerHal: [setClusterFreq] INTERACTION set cpufreq[0] min:2000000 max:-1 
06-04 05:56:23.496   744   773 I libPowerHal: [perfLockAcq] idx:17 hdl:2607 hint:50 pid:744 tid:744 duration:2000 lock_user:vendor.mediatek => ret_hdl:2607
06-04 05:56:23.496   744   773 I libPowerHal: [setClusterFreq] INTERACTION set cpufreq[0] min:2000000 max:-1 
06-04 05:56:23.551   532  4428 D AudioFlinger: mixer(0xf0df6dd0) throttle end: throttle time(10)
06-04 05:56:23.596   744   773 I libPowerHal: [perfLockAcq] idx:18 hdl:2608 hint:50 pid:744 tid:744 duration:2000 lock_user:vendor.mediatek => ret_hdl:2608
06-04 05:56:23.596   744   773 I libPowerHal: [setClusterFreq] INTERACTION set cpufreq[0] min:2000000 max:-1 
06-04 05:56:23.597   744   773 I libPowerHal: [perfLockAcq] idx:19 hdl:2609 hint:50 pid:744 tid:744 duration:2000 lock_user:vendor.mediatek => ret_hdl:2609
06-04 05:56:23.597   744   773 I libPowerHal: [setClusterFreq] INTERACTION set cpufreq[0] min:2000000 max:-1 
06-04 05:56:23.614   532  4428 D AudioFlinger: mixer(0xf0df6dd0) throttle end: throttle time(10)
06-04 05:56:23.653   532   999 D audioserver: FGS Logger Transaction failed
06-04 05:56:23.653   532   999 D audioserver: -129
06-04 05:56:23.672   744   773 I mtkpower@impl: [powerd_req] TIMER_MSG_PERF_LOCK_TIMEOUT hdl:2590
06-04 05:56:23.673   744   773 I libPowerHal: [perfLockRel] hdl:2590, idx:8
06-04 05:56:23.674   744   773 I mtkpower@impl: [powerd_req] TIMER_MSG_PERF_LOCK_TIMEOUT hdl:2591
06-04 05:56:23.674   744   773 I libPowerHal: [perfLockRel] hdl:2591, idx:9
06-04 05:56:23.678   532  4428 D AudioFlinger: mixer(0xf0df6dd0) throttle end: throttle time(10)
06-04 05:56:23.698   744   773 I libPowerHal: [perfLockAcq] idx:8 hdl:2610 hint:50 pid:744 tid:744 duration:2000 lock_user:vendor.mediatek => ret_hdl:2610
06-04 05:56:23.698   744   773 I libPowerHal: [setClusterFreq] INTERACTION set cpufreq[0] min:2000000 max:-1 
06-04 05:56:23.700   744   773 I libPowerHal: [perfLockAcq] idx:9 hdl:2611 hint:50 pid:744 tid:744 duration:2000 lock_user:vendor.mediatek => ret_hdl:2611
06-04 05:56:23.700   744   773 I libPowerHal: [setClusterFreq] INTERACTION set cpufreq[0] min:2000000 max:-1 
06-04 05:56:23.742   532  4428 D AudioFlinger: mixer(0xf0df6dd0) throttle end: throttle time(10)
06-04 05:56:23.777   744   773 I mtkpower@impl: [powerd_req] TIMER_MSG_PERF_LOCK_TIMEOUT hdl:2592
06-04 05:56:23.777   744   773 I libPowerHal: [perfLockRel] hdl:2592, idx:10
06-04 05:56:23.778   744   773 I mtkpower@impl: [powerd_req] TIMER_MSG_PERF_LOCK_TIMEOUT hdl:2593
06-04 05:56:23.778   744   773 I libPowerHal: [perfLockRel] hdl:2593, idx:11
06-04 05:56:23.806   532  4428 D AudioFlinger: mixer(0xf0df6dd0) throttle end: throttle time(10)
06-04 05:56:23.834   518   534 I Hw_Cec  : [HwCecMessage] Tx: 8d
06-04 05:56:24.001   532  4428 D audioserver: FGS Logger Transaction failed
06-04 05:56:24.002   532  4428 D audioserver: -129
06-04 05:56:24.033   532  4428 D audioserver: FGS Logger Transaction failed
06-04 05:56:24.033   532  4428 D audioserver: -129
06-04 05:56:24.046   532  4428 D audioserver: FGS Logger Transaction failed
06-04 05:56:24.046   532  4428 D audioserver: -129
06-04 05:56:24.056   744   773 I mtkpower@impl: [powerd_req] TIMER_MSG_PERF_LOCK_TIMEOUT hdl:2594
06-04 05:56:24.056   744   773 I libPowerHal: [perfLockRel] hdl:2594, idx:0
06-04 05:56:24.057   744   773 I mtkpower@impl: [powerd_req] TIMER_MSG_PERF_LOCK_TIMEOUT hdl:2595
06-04 05:56:24.057   744   773 I libPowerHal: [perfLockRel] hdl:2595, idx:1
06-04 05:56:24.158   744   773 I mtkpower@impl: [powerd_req] TIMER_MSG_PERF_LOCK_TIMEOUT hdl:2596
06-04 05:56:24.158   744   773 I libPowerHal: [perfLockRel] hdl:2596, idx:2
06-04 05:56:24.159   744   773 I mtkpower@impl: [powerd_req] TIMER_MSG_PERF_LOCK_TIMEOUT hdl:2597
06-04 05:56:24.159   744   773 I libPowerHal: [perfLockRel] hdl:2597, idx:3
06-04 05:56:24.356   744   773 I libPowerHal: [perfLockAcq] idx:0 hdl:2612 hint:50 pid:744 tid:744 duration:2000 lock_user:vendor.mediatek => ret_hdl:2612
06-04 05:56:24.356   744   773 I libPowerHal: [setClusterFreq] INTERACTION set cpufreq[0] min:2000000 max:-1 
06-04 05:56:24.356   744   773 I libPowerHal: [perfLockAcq] idx:1 hdl:2613 hint:50 pid:744 tid:744 duration:2000 lock_user:vendor.mediatek => ret_hdl:2613
06-04 05:56:24.356   744   773 I libPowerHal: [setClusterFreq] INTERACTION set cpufreq[0] min:2000000 max:-1 
06-04 05:56:24.372   508  4436 D StreamOutMSDHAL: StreamOut::write() this:0xdef01dc0,buffer:0xe7c82070, bytes:4096 mStandby:0 mIsValid:1 mFlags:0x8 mWriteCount:151
06-04 05:56:24.473   744   773 I libPowerHal: [perfLockAcq] idx:2 hdl:2614 hint:50 pid:744 tid:744 duration:2000 lock_user:vendor.mediatek => ret_hdl:2614
06-04 05:56:24.473   744   773 I libPowerHal: [setClusterFreq] INTERACTION set cpufreq[0] min:2000000 max:-1 
06-04 05:56:24.473   744   773 I libPowerHal: [perfLockAcq] idx:3 hdl:2615 hint:50 pid:744 tid:744 duration:2000 lock_user:vendor.mediatek => ret_hdl:2615
06-04 05:56:24.473   744   773 I libPowerHal: [setClusterFreq] INTERACTION set cpufreq[0] min:2000000 max:-1 
06-04 05:56:24.478   694  1052 D CompatibilityChangeReporter: Compat change id reported: 161252188; UID 10181; state: DISABLED
06-04 05:56:24.478   532   999 D audioserver: FGS Logger Transaction failed
06-04 05:56:24.478   532   999 D audioserver: -129
06-04 05:56:24.481  1725  1763 D MonitorActivityService: activityStarting: com.privastream.cinema, Intent { act=android.intent.action.MAIN cat=[android.intent.category.LEANBACK_LAUNCHER] pkg=com.privastream.cinema cmp=com.privastream.cinema/.MainActivity }
06-04 05:56:24.482  1725  1763 D AppLaunchBooster: activityStarting: com.privastream.cinema, Intent { act=android.intent.action.MAIN cat=[android.intent.category.LEANBACK_LAUNCHER] pkg=com.privastream.cinema cmp=com.privastream.cinema/.MainActivity }
06-04 05:56:24.483   532   999 D audioserver: FGS Logger Transaction failed
06-04 05:56:24.483   532   999 D audioserver: -129
06-04 05:56:24.484  1725  1763 D AppLaunchBooster: Running package = com.google.android.apps.tv.launcherx
06-04 05:56:24.485   694  1052 D CompatibilityChangeReporter: Compat change id reported: 265464455; UID 10181; state: DISABLED
06-04 05:56:24.485   694  1052 D CompatibilityChangeReporter: Compat change id reported: 265452344; UID 10181; state: DISABLED
06-04 05:56:24.486   694  1052 D CompatibilityChangeReporter: Compat change id reported: 266124927; UID 10181; state: DISABLED
06-04 05:56:24.486   694  1052 D CompatibilityChangeReporter: Compat change id reported: 265451093; UID 10181; state: DISABLED
06-04 05:56:24.486   694  1052 D CompatibilityChangeReporter: Compat change id reported: 265456536; UID 10181; state: DISABLED
06-04 05:56:24.486   694  1052 D CompatibilityChangeReporter: Compat change id reported: 255940284; UID 10181; state: DISABLED
06-04 05:56:24.487   694  1052 D CompatibilityChangeReporter: Compat change id reported: 236283604; UID 10181; state: DISABLED
06-04 05:56:24.487   694  1052 D CompatibilityChangeReporter: Compat change id reported: 263959004; UID 10181; state: DISABLED
06-04 05:56:24.487   694  1052 D CompatibilityChangeReporter: Compat change id reported: 264304459; UID 10181; state: DISABLED
06-04 05:56:24.487   694  1052 D CompatibilityChangeReporter: Compat change id reported: 264301586; UID 10181; state: DISABLED
06-04 05:56:24.488   694  1052 D CompatibilityChangeReporter: Compat change id reported: 254631730; UID 10181; state: DISABLED
06-04 05:56:24.488   694  1052 D CompatibilityChangeReporter: Compat change id reported: 273509367; UID 10181; state: DISABLED
06-04 05:56:24.488   694  1052 D CompatibilityChangeReporter: Compat change id reported: 263259275; UID 10181; state: DISABLED
06-04 05:56:24.488   694  1052 D CompatibilityChangeReporter: Compat change id reported: 174042980; UID 10181; state: DISABLED
06-04 05:56:24.488   694  1052 D CompatibilityChangeReporter: Compat change id reported: 174042936; UID 10181; state: DISABLED
06-04 05:56:24.489   694  1052 D CompatibilityChangeReporter: Compat change id reported: 181136395; UID 10181; state: DISABLED
06-04 05:56:24.489   694  1052 D CompatibilityChangeReporter: Compat change id reported: 194480991; UID 10181; state: ENABLED
06-04 05:56:24.491   694  1052 E CellBroadcastUtils: getDefaultCellBroadcastReceiverPackageName: no package found
06-04 05:56:24.491   744   753 I mtkpower@impl: [setMode] type:5, enabled:1
06-04 05:56:24.492   744   773 I libPowerHal: [perfLockAcq] idx:10 hdl:2616 hint:61 pid:744 tid:744 duration:30000 lock_user:vendor.mediatek => ret_hdl:2616
06-04 05:56:24.492   744   773 I libPowerHal: [setClusterFreq] LAUNCH set cpufreq[0] min:2000000 max:-1 
06-04 05:56:24.496  1061  1091 V WindowManagerShell: Transition requested: android.os.BinderProxy@10bc21 TransitionRequestInfo { type = OPEN, triggerTask = TaskInfo{userId=0 taskId=2450 displayId=0 isRunning=true baseIntent=Intent { act=android.intent.action.MAIN cat=[android.intent.category.LAUNCHER] flg=0x10000000 pkg=com.privastream.cinema cmp=com.privastream.cinema/.MainActivity } baseActivity=ComponentInfo{com.privastream.cinema/com.privastream.cinema.MainActivity} topActivity=ComponentInfo{com.privastream.cinema/com.privastream.cinema.MainActivity} origActivity=null realActivity=ComponentInfo{com.privastream.cinema/com.privastream.cinema.MainActivity} numActivities=1 lastActiveTime=41292593 supportsMultiWindow=true resizeMode=1 isResizeable=true minWidth=-1 minHeight=-1 defaultMinSize=220 token=WCT{android.window.IWindowContainerToken$Stub$Proxy@2f85846} topActivityType=1 pictureInPictureParams=null shouldDockBigOverlays=true launchIntoPipHostTaskId=-1 lastParentTaskIdBeforePip=-1 displayCutoutSafeInsets=null topActivityInfo=ActivityInfo{ac71a07 com.privastream.cinema.MainActivity} launchCookies=[] positionInParent=Point(0, 0) parentTaskId=-1 isFocused=false isVisible=false isVisibleRequested=false isSleeping=false topActivityInSizeCompat=false topActivityEligibleForLetterboxEducation= false topActivityLetterboxed= false isFromDoubleTap= false topActivityLetterboxVerticalPosition= -1 topActivityLetterboxHorizontalPosition= -1 topActivityLetterboxWidth=-1 topActivityLetterboxHeight=-1 locusId=null displayAreaFeatureId=1 cameraCompatControlState=hidden}, remoteTransition = null, displayChange = null }
06-04 05:56:24.496   694  1052 D CompatibilityChangeReporter: Compat change id reported: 194833441; UID 10181; state: ENABLED
06-04 05:56:24.496   694  1052 I ActivityTaskManager: START u0 {act=android.intent.action.MAIN cat=[android.intent.category.LEANBACK_LAUNCHER] flg=0x10000000 pkg=com.privastream.cinema cmp=com.privastream.cinema/.MainActivity (has extras)} with LAUNCH_SINGLE_TASK from uid 10069 (BAL_ALLOW_ALLOWLISTED_COMPONENT) result code=2
06-04 05:56:24.502  1816 15293 E ActivityThread: Failed to find provider info for com.google.android.apps.youtube.tvunplugged.client.provider
